Component: ARM Compiler 5.06 update 7 (build 960) Tool: armlink [4d3601]

==============================================================================

Section Cross References

    main.o(i.beep_task) refers to os_task.o(i.OSTaskDelReq) for OSTaskDelReq
    main.o(i.beep_task) refers to os_task.o(i.OSTaskDel) for OSTaskDel
    main.o(i.beep_task) refers to delay.o(i.delay_ms) for delay_ms
    main.o(i.key_task) refers to key.o(i.KEY_Scan) for KEY_Scan
    main.o(i.key_task) refers to os_task.o(i.OSTaskSuspend) for OSTaskSuspend
    main.o(i.key_task) refers to os_task.o(i.OSTaskResume) for OSTaskResume
    main.o(i.key_task) refers to os_task.o(i.OSTaskDelReq) for OSTaskDelReq
    main.o(i.key_task) refers to os_task.o(i.OSTaskCreateExt) for OSTaskCreateExt
    main.o(i.key_task) refers to delay.o(i.delay_ms) for delay_ms
    main.o(i.key_task) refers to main.o(.bss) for .bss
    main.o(i.key_task) refers to main.o(i.beep_task) for beep_task
    main.o(i.led_task) refers to delay.o(i.delay_ms) for delay_ms
    main.o(i.main) refers to stm32f4xx_hal.o(i.HAL_Init) for HAL_Init
    main.o(i.main) refers to sys.o(i.Stm32_Clock_Init) for Stm32_Clock_Init
    main.o(i.main) refers to delay.o(i.delay_init) for delay_init
    main.o(i.main) refers to usart.o(i.uart_init) for uart_init
    main.o(i.main) refers to led.o(i.LED_Init) for LED_Init
    main.o(i.main) refers to key.o(i.KEY_Init) for KEY_Init
    main.o(i.main) refers to beep.o(i.BEEP_Init) for BEEP_Init
    main.o(i.main) refers to os_core.o(i.OSInit) for OSInit
    main.o(i.main) refers to os_task.o(i.OSTaskCreateExt) for OSTaskCreateExt
    main.o(i.main) refers to os_core.o(i.OSStart) for OSStart
    main.o(i.main) refers to main.o(.bss) for .bss
    main.o(i.main) refers to main.o(i.start_task) for start_task
    main.o(i.start_task) refers to os_core.o(i.OSStatInit) for OSStatInit
    main.o(i.start_task) refers to os_cpu_a.o(.text) for OS_CPU_SR_Save
    main.o(i.start_task) refers to os_task.o(i.OSTaskCreateExt) for OSTaskCreateExt
    main.o(i.start_task) refers to os_task.o(i.OSTaskSuspend) for OSTaskSuspend
    main.o(i.start_task) refers to main.o(.bss) for .bss
    main.o(i.start_task) refers to main.o(i.led_task) for led_task
    main.o(i.start_task) refers to main.o(i.beep_task) for beep_task
    main.o(i.start_task) refers to main.o(i.key_task) for key_task
    system_stm32f4xx.o(i.SystemCoreClockUpdate) refers to system_stm32f4xx.o(.data) for .data
    system_stm32f4xx.o(i.SystemCoreClockUpdate) refers to system_stm32f4xx.o(.constdata) for .constdata
    startup_stm32f407xx.o(STACK) refers (Special) to heapauxi.o(.text) for __use_two_region_memory
    startup_stm32f407xx.o(HEAP) refers (Special) to heapauxi.o(.text) for __use_two_region_memory
    startup_stm32f407xx.o(RESET) refers (Special) to heapauxi.o(.text) for __use_two_region_memory
    startup_stm32f407xx.o(RESET) refers to startup_stm32f407xx.o(STACK) for __initial_sp
    startup_stm32f407xx.o(RESET) refers to startup_stm32f407xx.o(.text) for Reset_Handler
    startup_stm32f407xx.o(RESET) refers to stm32f4xx_it.o(i.NMI_Handler) for NMI_Handler
    startup_stm32f407xx.o(RESET) refers to stm32f4xx_it.o(i.HardFault_Handler) for HardFault_Handler
    startup_stm32f407xx.o(RESET) refers to stm32f4xx_it.o(i.MemManage_Handler) for MemManage_Handler
    startup_stm32f407xx.o(RESET) refers to stm32f4xx_it.o(i.BusFault_Handler) for BusFault_Handler
    startup_stm32f407xx.o(RESET) refers to stm32f4xx_it.o(i.UsageFault_Handler) for UsageFault_Handler
    startup_stm32f407xx.o(RESET) refers to stm32f4xx_it.o(i.SVC_Handler) for SVC_Handler
    startup_stm32f407xx.o(RESET) refers to stm32f4xx_it.o(i.DebugMon_Handler) for DebugMon_Handler
    startup_stm32f407xx.o(RESET) refers to os_cpu_a.o(.text) for PendSV_Handler
    startup_stm32f407xx.o(RESET) refers to delay.o(i.SysTick_Handler) for SysTick_Handler
    startup_stm32f407xx.o(RESET) refers to usart.o(i.USART1_IRQHandler) for USART1_IRQHandler
    startup_stm32f407xx.o(.text) refers (Special) to heapauxi.o(.text) for __use_two_region_memory
    startup_stm32f407xx.o(.text) refers to system_stm32f4xx.o(i.SystemInit) for SystemInit
    startup_stm32f407xx.o(.text) refers to __main.o(!!!main) for __main
    startup_stm32f407xx.o(.text) refers to startup_stm32f407xx.o(HEAP) for Heap_Mem
    startup_stm32f407xx.o(.text) refers to startup_stm32f407xx.o(STACK) for Stack_Mem
    stm32f4xx_hal.o(i.HAL_DeInit) refers to stm32f4xx_hal_msp.o(i.HAL_MspDeInit) for HAL_MspDeInit
    stm32f4xx_hal.o(i.HAL_Delay) refers to stm32f4xx_hal.o(i.HAL_GetTick) for HAL_GetTick
    stm32f4xx_hal.o(i.HAL_Delay) refers to stm32f4xx_hal.o(.data) for .data
    stm32f4xx_hal.o(i.HAL_GetTick) refers to stm32f4xx_hal.o(.data) for .data
    stm32f4xx_hal.o(i.HAL_GetTickFreq) refers to stm32f4xx_hal.o(.data) for .data
    stm32f4xx_hal.o(i.HAL_GetTickPrio) refers to stm32f4xx_hal.o(.data) for .data
[...]
    ../clib/signal.c                         0x00000000   Number         0  defsig_rtmem_formal.o ABSOLUTE
    ../clib/signal.c                         0x00000000   Number         0  defsig_rtmem_outer.o ABSOLUTE
    ../clib/signal.c                         0x00000000   Number         0  defsig_rtmem_inner.o ABSOLUTE
    ../clib/signal.c                         0x00000000   Number         0  defsig_rtred_inner.o ABSOLUTE
    ../clib/signal.c                         0x00000000   Number         0  defsig_abrt_inner.o ABSOLUTE
    ../clib/signal.c                         0x00000000   Number         0  defsig_segv_inner.o ABSOLUTE
    ../clib/signal.c                         0x00000000   Number         0  __raise.o ABSOLUTE
    ../clib/signal.c                         0x00000000   Number         0  defsig_fpe_outer.o ABSOLUTE
    ../clib/signal.c                         0x00000000   Number         0  defsig_fpe_inner.o ABSOLUTE
    ../clib/signal.c                         0x00000000   Number         0  defsig_exit.o ABSOLUTE
    ../clib/signal.c                         0x00000000   Number         0  defsig_general.o ABSOLUTE
    ../clib/signal.c                         0x00000000   Number         0  defsig_other.o ABSOLUTE
    ../clib/signal.c                         0x00000000   Number         0  defsig_cppl_inner.o ABSOLUTE
    ../clib/signal.c                         0x00000000   Number         0  defsig_pvfn_inner.o ABSOLUTE
    ../clib/signal.c                         0x00000000   Number         0  defsig_fpe_formal.o ABSOLUTE
    ../clib/signal.s                         0x00000000   Number         0  defsig.o ABSOLUTE
    ../clib/stdlib.c                         0x00000000   Number         0  exit.o ABSOLUTE
    ../fplib/fpinit.s                        0x00000000   Number         0  fpinit.o ABSOLUTE
    ..\CORE\startup_stm32f407xx.s            0x00000000   Number         0  startup_stm32f407xx.o ABSOLUTE
    ..\HALLIB\STM32F4xx_HAL_Driver\Src\stm32f4xx_hal.c 0x00000000   Number         0  stm32f4xx_hal.o ABSOLUTE
    ..\HALLIB\STM32F4xx_HAL_Driver\Src\stm32f4xx_hal_cortex.c 0x00000000   Number         0  stm32f4xx_hal_cortex.o ABSOLUTE
    ..\HALLIB\STM32F4xx_HAL_Driver\Src\stm32f4xx_hal_dma.c 0x00000000   Number         0  stm32f4xx_hal_dma.o ABSOLUTE
    ..\HALLIB\STM32F4xx_HAL_Driver\Src\stm32f4xx_hal_dma_ex.c 0x00000000   Number         0  stm32f4xx_hal_dma_ex.o ABSOLUTE
    ..\HALLIB\STM32F4xx_HAL_Driver\Src\stm32f4xx_hal_gpio.c 0x00000000   Number         0  stm32f4xx_hal_gpio.o ABSOLUTE
    ..\HALLIB\STM32F4xx_HAL_Driver\Src\stm32f4xx_hal_pwr.c 0x00000000   Number         0  stm32f4xx_hal_pwr.o ABSOLUTE
    ..\HALLIB\STM32F4xx_HAL_Driver\Src\stm32f4xx_hal_pwr_ex.c 0x00000000   Number         0  stm32f4xx_hal_pwr_ex.o ABSOLUTE
    ..\HALLIB\STM32F4xx_HAL_Driver\Src\stm32f4xx_hal_rcc.c 0x00000000   Number         0  stm32f4xx_hal_rcc.o ABSOLUTE
    ..\HALLIB\STM32F4xx_HAL_Driver\Src\stm32f4xx_hal_rcc_ex.c 0x00000000   Number         0  stm32f4xx_hal_rcc_ex.o ABSOLUTE
    ..\HALLIB\STM32F4xx_HAL_Driver\Src\stm32f4xx_hal_uart.c 0x00000000   Number         0  stm32f4xx_hal_uart.o ABSOLUTE
    ..\HALLIB\STM32F4xx_HAL_Driver\Src\stm32f4xx_hal_usart.c 0x00000000   Number         0  stm32f4xx_hal_usart.o ABSOLUTE
    ..\HARDWARE\BEEP\beep.c                  0x00000000   Number         0  beep.o ABSOLUTE
    ..\HARDWARE\KEY\key.c                    0x00000000   Number         0  key.o ABSOLUTE
    ..\HARDWARE\LED\led.c                    0x00000000   Number         0  led.o ABSOLUTE
    ..\SYSTEM\delay\delay.c                  0x00000000   Number         0  delay.o ABSOLUTE
    ..\SYSTEM\sys\sys.c                      0x00000000   Number         0  sys.o ABSOLUTE
    ..\SYSTEM\usart\usart.c                  0x00000000   Number         0  usart.o ABSOLUTE
    ..\UCOSII\UCOS_BSP\bsp.c                 0x00000000   Number         0  bsp.o ABSOLUTE
    ..\UCOSII\UCOS_BSP\cpu_bsp.c             0x00000000   Number         0  cpu_bsp.o ABSOLUTE
    ..\UCOSII\uC-CPU\ARM-Cortex-M4\RealView\cpu_a.asm 0x00000000   Number         0  cpu_a.o ABSOLUTE
    ..\UCOSII\uC-CPU\ARM-Cortex-M4\RealView\cpu_c.c 0x00000000   Number         0  cpu_c.o ABSOLUTE
    ..\UCOSII\uC-CPU\cpu_core.c              0x00000000   Number         0  cpu_core.o ABSOLUTE
    ..\UCOSII\uC-LIB\Ports\ARM-Cortex-M4\RealView\lib_mem_a.asm 0x00000000   Number         0  lib_mem_a.o ABSOLUTE
    ..\UCOSII\uC-LIB\lib_ascii.c             0x00000000   Number         0  lib_ascii.o ABSOLUTE
    ..\UCOSII\uC-LIB\lib_math.c              0x00000000   Number         0  lib_math.o ABSOLUTE
    ..\UCOSII\uC-LIB\lib_mem.c               0x00000000   Number         0  lib_mem.o ABSOLUTE
    ..\UCOSII\uC-LIB\lib_str.c               0x00000000   Number         0  lib_str.o ABSOLUTE
    ..\UCOSII\uCOS-CONFIG\app_hooks.c        0x00000000   Number         0  app_hooks.o ABSOLUTE
    ..\UCOSII\uCOS-II\Ports\ARM-Cortex-M4\Generic\RealView\os_cpu_a.asm 0x00000000   Number         0  os_cpu_a.o ABSOLUTE
    ..\UCOSII\uCOS-II\Ports\ARM-Cortex-M4\Generic\RealView\os_cpu_c.c 0x00000000   Number         0  os_cpu_c.o ABSOLUTE
    ..\UCOSII\uCOS-II\Source\os_core.c       0x00000000   Number         0  os_core.o ABSOLUTE
    ..\UCOSII\uCOS-II\Source\os_flag.c       0x00000000   Number         0  os_flag.o ABSOLUTE
    ..\UCOSII\uCOS-II\Source\os_mbox.c       0x00000000   Number         0  os_mbox.o ABSOLUTE
    ..\UCOSII\uCOS-II\Source\os_mem.c        0x00000000   Number         0  os_mem.o ABSOLUTE
    ..\UCOSII\uCOS-II\Source\os_mutex.c      0x00000000   Number         0  os_mutex.o ABSOLUTE
    ..\UCOSII\uCOS-II\Source\os_q.c          0x00000000   Number         0  os_q.o ABSOLUTE
    ..\UCOSII\uCOS-II\Source\os_sem.c        0x00000000   Number         0  os_sem.o ABSOLUTE
    ..\UCOSII\uCOS-II\Source\os_task.c       0x00000000   Number         0  os_task.o ABSOLUTE
    ..\UCOSII\uCOS-II\Source\os_time.c       0x00000000   Number         0  os_time.o ABSOLUTE
    ..\UCOSII\uCOS-II\Source\os_tmr.c        0x00000000   Number         0  os_tmr.o ABSOLUTE
    ..\\HALLIB\\STM32F4xx_HAL_Driver\\Src\\stm32f4xx_hal.c 0x00000000   Number         0  stm32f4xx_hal.o ABSOLUTE
    ..\\HALLIB\\STM32F4xx_HAL_Driver\\Src\\stm32f4xx_hal_cortex.c 0x00000000   Number         0  stm32f4xx_hal_cortex.o ABSOLUTE
    ..\\HALLIB\\STM32F4xx_HAL_Driver\\Src\\stm32f4xx_hal_dma.c 0x00000000   Number         0  stm32f4xx_hal_dma.o ABSOLUTE
    ..\\HALLIB\\STM32F4xx_HAL_Driver\\Src\\stm32f4xx_hal_dma_ex.c 0x00000000   Number         0  stm32f4xx_hal_dma_ex.o ABSOLUTE
    ..\\HALLIB\\STM32F4xx_HAL_Driver\\Src\\stm32f4xx_hal_gpio.c 0x00000000   Number         0  stm32f4xx_hal_gpio.o ABSOLUTE
    ..\\HALLIB\\STM32F4xx_HAL_Driver\\Src\\stm32f4xx_hal_pwr.c 0x00000000   Number         0  stm32f4xx_hal_pwr.o ABSOLUTE
    ..\\HALLIB\\STM32F4xx_HAL_Driver\\Src\\stm32f4xx_hal_pwr_ex.c 0x00000000   Number         0  stm32f4xx_hal_pwr_ex.o ABSOLUTE
    ..\\HALLIB\\STM32F4xx_HAL_Driver\\Src\\stm32f4xx_hal_rcc.c 0x00000000   Number         0  stm32f4xx_hal_rcc.o ABSOLUTE
    ..\\HALLIB\\STM32F4xx_HAL_Driver\\Src\\stm32f4xx_hal_rcc_ex.c 0x00000000   Number         0  stm32f4xx_hal_rcc_ex.o ABSOLUTE
    ..\\HALLIB\\STM32F4xx_HAL_Driver\\Src\\stm32f4xx_hal_uart.c 0x00000000   Number         0  stm32f4xx_hal_uart.o ABSOLUTE
    ..\\HALLIB\\STM32F4xx_HAL_Driver\\Src\\stm32f4xx_hal_usart.c 0x00000000   Number         0  stm32f4xx_hal_usart.o ABSOLUTE
    ..\\HARDWARE\\BEEP\\beep.c               0x00000000   Number         0  beep.o ABSOLUTE
    ..\\HARDWARE\\KEY\\key.c                 0x00000000   Number         0  key.o ABSOLUTE
    ..\\HARDWARE\\LED\\led.c                 0x00000000   Number         0  led.o ABSOLUTE
    ..\\SYSTEM\\delay\\delay.c               0x00000000   Number         0  delay.o ABSOLUTE
    ..\\SYSTEM\\sys\\sys.c                   0x00000000   Number         0  sys.o ABSOLUTE
    ..\\SYSTEM\\usart\\usart.c               0x00000000   Number         0  usart.o ABSOLUTE
    ..\\UCOSII\\UCOS_BSP\\bsp.c              0x00000000   Number         0  bsp.o ABSOLUTE
    ..\\UCOSII\\UCOS_BSP\\cpu_bsp.c          0x00000000   Number         0  cpu_bsp.o ABSOLUTE
    ..\\UCOSII\\uCOS-CONFIG\\app_hooks.c     0x00000000   Number         0  app_hooks.o ABSOLUTE
    ..\\UCOSII\\uCOS-II\\Ports\\ARM-Cortex-M4\\Generic\\RealView\\os_cpu_c.c 0x00000000   Number         0  os_cpu_c.o ABSOLUTE
    dc.s                                     0x00000000   Number         0  dc.o ABSOLUTE
    main.c                                   0x00000000   Number         0  main.o ABSOLUTE
    main.c                                   0x00000000   Number         0  main.o ABSOLUTE
    stm32f4xx_hal_msp.c                      0x00000000   Number         0  stm32f4xx_hal_msp.o ABSOLUTE
    stm32f4xx_hal_msp.c                      0x00000000   Number         0  stm32f4xx_hal_msp.o ABSOLUTE
    stm32f4xx_it.c                           0x00000000   Number         0  stm32f4xx_it.o ABSOLUTE
    stm32f4xx_it.c                           0x00000000   Number         0  stm32f4xx_it.o ABSOLUTE
    system_stm32f4xx.c                       0x00000000   Number         0  system_stm32f4xx.o ABSOLUTE
    system_stm32f4xx.c                       0x00000000   Number         0  system_stm32f4xx.o ABSOLUTE
    RESET                                    0x08000000   Section      392  startup_stm32f407xx.o(RESET)
    !!!main                                  0x08000188   Section        8  __main.o(!!!main)
    !!!scatter                               0x08000190   Section       52  __scatter.o(!!!scatter)
    !!handler_copy                           0x080001c4   Section       26  __scatter_copy.o(!!handler_copy)
    !!handler_zi                             0x080001e0   Section       28  __scatter_zi.o(!!handler_zi)
    .ARM.Collect$$libinit$$00000000          0x080001fc   Section        2  libinit.o(.ARM.Collect$$libinit$$00000000)
    .ARM.Collect$$libinit$$00000001          0x080001fe   Section        4  libinit2.o(.ARM.Collect$$libinit$$00000001)
    .ARM.Collect$$libinit$$00000004          0x08000202   Section        0  libinit2.o(.ARM.Collect$$libinit$$00000004)
    .ARM.Collect$$libinit$$0000000A          0x08000202   Section        0  libinit2.o(.ARM.Collect$$libinit$$0000000A)
    .ARM.Collect$$libinit$$0000000C          0x08000202   Section        0  libinit2.o(.ARM.Collect$$libinit$$0000000C)
    .ARM.Collect$$libinit$$0000000E          0x08000202   Section        0  libinit2.o(.ARM.Collect$$libinit$$0000000E)
    .ARM.Collect$$libinit$$00000011          0x08000202   Section        0  libinit2.o(.ARM.Collect$$libinit$$00000011)
    .ARM.Collect$$libinit$$00000013          0x08000202   Section        0  libinit2.o(.ARM.Collect$$libinit$$00000013)
    .ARM.Collect$$libinit$$00000015          0x08000202   Section        0  libinit2.o(.ARM.Collect$$libinit$$00000015)
    .ARM.Collect$$libinit$$00000017          0x08000202   Section        0  libinit2.o(.ARM.Collect$$libinit$$00000017)
    .ARM.Collect$$libinit$$00000019          0x08000202   Section        0  libinit2.o(.ARM.Collect$$libinit$$00000019)
    .ARM.Collect$$libinit$$0000001B          0x08000202   Section        0  libinit2.o(.ARM.Collect$$libinit$$0000001B)
    .ARM.Collect$$libinit$$0000001D          0x08000202   Section        0  libinit2.o(.ARM.Collect$$libinit$$0000001D)
    .ARM.Collect$$libinit$$0000001F          0x08000202   Section        0  libinit2.o(.ARM.Collect$$libinit$$0000001F)
    .ARM.Collect$$libinit$$00000021          0x08000202   Section        0  libinit2.o(.ARM.Collect$$libinit$$00000021)
    .ARM.Collect$$libinit$$00000023          0x08000202   Section        0  libinit2.o(.ARM.Collect$$libinit$$00000023)
    .ARM.Collect$$libinit$$00000025          0x08000202   Section        0  libinit2.o(.ARM.Collect$$libinit$$00000025)
    .ARM.Collect$$libinit$$0000002C          0x08000202   Section        0  libinit2.o(.ARM.Collect$$libinit$$0000002C)
    .ARM.Collect$$libinit$$0000002E          0x08000202   Section        0  libinit2.o(.ARM.Collect$$libinit$$0000002E)
    .ARM.Collect$$libinit$$00000030          0x08000202   Section        0  libinit2.o(.ARM.Collect$$libinit$$00000030)
    .ARM.Collect$$libinit$$00000032          0x08000202   Section        0  libinit2.o(.ARM.Collect$$libinit$$00000032)
    .ARM.Collect$$libinit$$00000033          0x08000202   Section        2  libinit2.o(.ARM.Collect$$libinit$$00000033)
    .ARM.Collect$$libshutdown$$00000000      0x08000204   Section        2  libshutdown.o(.ARM.Collect$$libshutdown$$00000000)
    .ARM.Collect$$libshutdown$$00000002      0x08000206   Section        0  libshutdown2.o(.ARM.Collect$$libshutdown$$00000002)
    .ARM.Collect$$libshutdown$$00000004      0x08000206   Section        0  libshutdown2.o(.ARM.Collect$$libshutdown$$00000004)
    .ARM.Collect$$libshutdown$$00000006      0x08000206   Section        0  libshutdown2.o(.ARM.Collect$$libshutdown$$00000006)
    .ARM.Collect$$libshutdown$$00000009      0x08000206   Section        0  libshutdown2.o(.ARM.Collect$$libshutdown$$00000009)
    .ARM.Collect$$libshutdown$$0000000C      0x08000206   Section        0  libshutdown2.o(.ARM.Collect$$libshutdown$$0000000C)
    .ARM.Collect$$libshutdown$$0000000E      0x08000206   Section        0  libshutdown2.o(.ARM.Collect$$libshutdown$$0000000E)
    .ARM.Collect$$libshutdown$$00000011      0x08000206   Section        0  libshutdown2.o(.ARM.Collect$$libshutdown$$00000011)
    .ARM.Collect$$libshutdown$$00000012      0x08000206   Section        2  libshutdown2.o(.ARM.Collect$$libshutdown$$00000012)
    .ARM.Collect$$rtentry$$00000000          0x08000208   Section        0  __rtentry.o(.ARM.Collect$$rtentry$$00000000)
    .ARM.Collect$$rtentry$$00000002          0x08000208   Section        0  __rtentry2.o(.ARM.Collect$$rtentry$$00000002)
    .ARM.Collect$$rtentry$$00000004          0x08000208   Section        6  __rtentry4.o(.ARM.Collect$$rtentry$$00000004)
    .ARM.Collect$$rtentry$$00000009          0x0800020e   Section        0  __rtentry2.o(.ARM.Collect$$rtentry$$00000009)
    .ARM.Collect$$rtentry$$0000000A          0x0800020e   Section        4  __rtentry2.o(.ARM.Collect$$rtentry$$0000000A)
    .ARM.Collect$$rtentry$$0000000C          0x08000212   Section        0  __rtentry2.o(.ARM.Collect$$rtentry$$0000000C)
    .ARM.Collect$$rtentry$$0000000D          0x08000212   Section        8  __rtentry2.o(.ARM.Collect$$rtentry$$0000000D)
    .ARM.Collect$$rtexit$$00000000           0x0800021a   Section        2  rtexit.o(.ARM.Collect$$rtexit$$00000000)
    .ARM.Collect$$rtexit$$00000002           0x0800021c   Section        0  rtexit2.o(.ARM.Collect$$rtexit$$00000002)
    .ARM.Collect$$rtexit$$00000003           0x0800021c   Section        4  rtexit2.o(.ARM.Collect$$rtexit$$00000003)
    .ARM.Collect$$rtexit$$00000004           0x08000220   Section        6  rtexit2.o(.ARM.Collect$$rtexit$$00000004)
    .text                                    0x08000228   Section       64  startup_stm32f407xx.o(.text)
    $v0                                      0x08000228   Number         0  startup_stm32f407xx.o(.text)
    .text                                    0x08000268   Section      220  os_cpu_a.o(.text)
    $v0                                      0x08000268   Number         0  os_cpu_a.o(.text)
    .text                                    0x08000344   Section        2  use_no_semi_2.o(.text)
    .text                                    0x08000346   Section      238  lludivv7m.o(.text)
    .text                                    0x08000434   Section        0  heapauxi.o(.text)
    .text                                    0x0800043a   Section        2  use_no_semi.o(.text)
    .text                                    0x0800043c   Section       74  sys_stackheap_outer.o(.text)
    .text                                    0x08000486   Section        0  exit.o(.text)
    .text                                    0x08000498   Section        8  libspace.o(.text)
    i.App_TCBInitHook                        0x080004a0   Section        0  app_hooks.o(i.App_TCBInitHook)
    i.App_TaskCreateHook                     0x080004a2   Section        0  app_hooks.o(i.App_TaskCreateHook)
    i.App_TaskDelHook                        0x080004a4   Section        0  app_hooks.o(i.App_TaskDelHook)
    i.App_TaskIdleHook                       0x080004a6   Section        0  app_hooks.o(i.App_TaskIdleHook)
    i.App_TaskReturnHook                     0x080004a8   Section        0  app_hooks.o(i.App_TaskReturnHook)
    i.App_TaskStatHook                       0x080004aa   Section        0  app_hooks.o(i.App_TaskStatHook)
    i.App_TaskSwHook                         0x080004ac   Section        0  app_hooks.o(i.App_TaskSwHook)
    i.App_TimeTickHook                       0x080004ae   Section        0  app_hooks.o(i.App_TimeTickHook)
    i.BEEP_Init                              0x080004b0   Section        0  beep.o(i.BEEP_Init)
    i.BusFault_Handler                       0x080004f8   Section        0  stm32f4xx_it.o(i.BusFault_Handler)
    i.DebugMon_Handler                       0x080004fa   Section        0  stm32f4xx_it.o(i.DebugMon_Handler)
    i.HAL_DMA_Abort_IT                       0x080004fc   Section        0  stm32f4xx_hal_dma.o(i.HAL_DMA_Abort_IT)
    i.HAL_GPIO_Init                          0x08000520   Section        0  stm32f4xx_hal_gpio.o(i.HAL_GPIO_Init)
    i.HAL_GPIO_ReadPin                       0x080006e0   Section        0  stm32f4xx_hal_gpio.o(i.HAL_GPIO_ReadPin)
    i.HAL_GPIO_WritePin                      0x080006ea   Section        0  stm32f4xx_hal_gpio.o(i.HAL_GPIO_WritePin)
    i.HAL_GetREVID                           0x080006f4   Section        0  stm32f4xx_hal.o(i.HAL_GetREVID)
    i.HAL_GetTick                            0x08000700   Section        0  stm32f4xx_hal.o(i.HAL_GetTick)
    i.HAL_IncTick                            0x0800070c   Section        0  stm32f4xx_hal.o(i.HAL_IncTick)
    i.HAL_Init                               0x0800071c   Section        0  stm32f4xx_hal.o(i.HAL_Init)
    i.HAL_InitTick                           0x08000748   Section        0  stm32f4xx_hal.o(i.HAL_InitTick)
    i.HAL_MspInit                            0x08000788   Section        0  stm32f4xx_hal_msp.o(i.HAL_MspInit)
    i.HAL_NVIC_EnableIRQ                     0x0800078a   Section        0  stm32f4xx_hal_cortex.o(i.HAL_NVIC_EnableIRQ)
    i.HAL_NVIC_SetPriority                   0x080007a4   Section        0  stm32f4xx_hal_cortex.o(i.HAL_NVIC_SetPriority)
    i.HAL_NVIC_SetPriorityGrouping           0x080007e4   Section        0  stm32f4xx_hal_cortex.o(i.HAL_NVIC_SetPriorityGrouping)
    i.HAL_RCC_ClockConfig                    0x08000808   Section        0  stm32f4xx_hal_rcc.o(i.HAL_RCC_ClockConfig)
    i.HAL_RCC_GetPCLK1Freq                   0x08000938   Section        0  stm32f4xx_hal_rcc.o(i.HAL_RCC_GetPCLK1Freq)
    i.HAL_RCC_GetPCLK2Freq                   0x08000958   Section        0  stm32f4xx_hal_rcc.o(i.HAL_RCC_GetPCLK2Freq)
    i.HAL_RCC_GetSysClockFreq                0x08000978   Section        0  stm32f4xx_hal_rcc.o(i.HAL_RCC_GetSysClockFreq)
    i.HAL_RCC_OscConfig                      0x080009d8   Section        0  stm32f4xx_hal_rcc.o(i.HAL_RCC_OscConfig)
    i.HAL_SYSTICK_CLKSourceConfig            0x08000cec   Section        0  stm32f4xx_hal_cortex.o(i.HAL_SYSTICK_CLKSourceConfig)
    i.HAL_SYSTICK_Config                     0x08000d04   Section        0  stm32f4xx_hal_cortex.o(i.HAL_SYSTICK_Config)
    i.HAL_UART_ErrorCallback                 0x08000d2c   Section        0  stm32f4xx_hal_uart.o(i.HAL_UART_ErrorCallback)
    i.HAL_UART_GetState                      0x08000d2e   Section        0  stm32f4xx_hal_uart.o(i.HAL_UART_GetState)
    i.HAL_UART_IRQHandler                    0x08000d38   Section        0  stm32f4xx_hal_uart.o(i.HAL_UART_IRQHandler)
    i.HAL_UART_Init                          0x08000e48   Section        0  stm32f4xx_hal_uart.o(i.HAL_UART_Init)
    i.HAL_UART_MspInit                       0x08000eac   Section        0  usart.o(i.HAL_UART_MspInit)
    i.HAL_UART_Receive_IT                    0x08000f28   Section        0  stm32f4xx_hal_uart.o(i.HAL_UART_Receive_IT)
    i.HAL_UART_RxCpltCallback                0x08000f7c   Section        0  usart.o(i.HAL_UART_RxCpltCallback)
    i.HAL_UART_TxCpltCallback                0x08000fd4   Section        0  stm32f4xx_hal_uart.o(i.HAL_UART_TxCpltCallback)
    i.HardFault_Handler                      0x08000fd6   Section        0  stm32f4xx_it.o(i.HardFault_Handler)
    i.KEY_Init                               0x08000fd8   Section        0  key.o(i.KEY_Init)
    i.KEY_Scan                               0x08001038   Section        0  key.o(i.KEY_Scan)
    i.LED_Init                               0x08001104   Section        0  led.o(i.LED_Init)
    i.MemManage_Handler                      0x08001154   Section        0  stm32f4xx_it.o(i.MemManage_Handler)
    i.NMI_Handler                            0x08001156   Section        0  stm32f4xx_it.o(i.NMI_Handler)
    i.OSInit                                 0x08001158   Section        0  os_core.o(i.OSInit)
    i.OSInitHookBegin                        0x08001228   Section        0  os_cpu_c.o(i.OSInitHookBegin)
    i.OSInitHookEnd                          0x0800124c   Section        0  os_cpu_c.o(i.OSInitHookEnd)
    i.OSIntEnter                             0x08001250   Section        0  os_core.o(i.OSIntEnter)
    i.OSIntExit                              0x08001268   Section        0  os_core.o(i.OSIntExit)
    i.OSSchedLock                            0x080012c4   Section        0  os_core.o(i.OSSchedLock)
    i.OSSchedUnlock                          0x080012f0   Section        0  os_core.o(i.OSSchedUnlock)
    i.OSStart                                0x0800132c   Section        0  os_core.o(i.OSStart)
    i.OSStatInit                             0x0800135c   Section        0  os_core.o(i.OSStatInit)
    i.OSTCBInitHook                          0x08001390   Section        0  os_cpu_c.o(i.OSTCBInitHook)
    i.OSTaskCreateExt                        0x08001394   Section        0  os_task.o(i.OSTaskCreateExt)
    i.OSTaskCreateHook                       0x08001430   Section        0  os_cpu_c.o(i.OSTaskCreateHook)
    i.OSTaskDel                              0x08001434   Section        0  os_task.o(i.OSTaskDel)
    i.OSTaskDelHook                          0x08001574   Section        0  os_cpu_c.o(i.OSTaskDelHook)
    i.OSTaskDelReq                           0x08001578   Section        0  os_task.o(i.OSTaskDelReq)
    i.OSTaskIdleHook                         0x080015d4   Section        0  os_cpu_c.o(i.OSTaskIdleHook)
    i.OSTaskNameSet                          0x080015d8   Section        0  os_task.o(i.OSTaskNameSet)
    i.OSTaskResume                           0x0800162c   Section        0  os_task.o(i.OSTaskResume)
    i.OSTaskReturnHook                       0x080016b8   Section        0  os_cpu_c.o(i.OSTaskReturnHook)
    i.OSTaskStatHook                         0x080016bc   Section        0  os_cpu_c.o(i.OSTaskStatHook)
    i.OSTaskStkChk                           0x080016c0   Section        0  os_task.o(i.OSTaskStkChk)
    i.OSTaskStkInit                          0x08001728   Section        0  os_cpu_c.o(i.OSTaskStkInit)
    i.OSTaskSuspend                          0x080018d4   Section        0  os_task.o(i.OSTaskSuspend)
    i.OSTaskSwHook                           0x08001964   Section        0  os_cpu_c.o(i.OSTaskSwHook)
    i.OSTimeDly                              0x08001998   Section        0  os_time.o(i.OSTimeDly)
    i.OSTimeTick                             0x08001a00   Section        0  os_core.o(i.OSTimeTick)
    i.OSTimeTickHook                         0x08001aa0   Section        0  os_cpu_c.o(i.OSTimeTickHook)
    i.OS_Dummy                               0x08001aa4   Section        0  os_core.o(i.OS_Dummy)
    i.OS_EventTaskRemove                     0x08001aa6   Section        0  os_core.o(i.OS_EventTaskRemove)
    i.OS_EventTaskRemoveMulti                0x08001aca   Section        0  os_core.o(i.OS_EventTaskRemoveMulti)
    i.OS_FlagInit                            0x08001af4   Section        0  os_flag.o(i.OS_FlagInit)
    i.OS_FlagUnlink                          0x08001b3c   Section        0  os_flag.o(i.OS_FlagUnlink)
    i.OS_InitEventList                       0x08001b5c   Section        0  os_core.o(i.OS_InitEventList)
    OS_InitEventList                         0x08001b5d   Thumb Code    76  os_core.o(i.OS_InitEventList)
    i.OS_InitMisc                            0x08001bb4   Section        0  os_core.o(i.OS_InitMisc)
    OS_InitMisc                              0x08001bb5   Thumb Code    28  os_core.o(i.OS_InitMisc)
    i.OS_InitTCBList                         0x08001bd4   Section        0  os_core.o(i.OS_InitTCBList)
    OS_InitTCBList                           0x08001bd5   Thumb Code    96  os_core.o(i.OS_InitTCBList)
    i.OS_MemClr                              0x08001c44   Section        0  os_core.o(i.OS_MemClr)
    i.OS_QInit                               0x08001c58   Section        0  os_q.o(i.OS_QInit)
    i.OS_Sched                               0x08001c9c   Section        0  os_core.o(i.OS_Sched)
    i.OS_SchedNew                            0x08001ce4   Section        0  os_core.o(i.OS_SchedNew)
    OS_SchedNew                              0x08001ce5   Thumb Code    24  os_core.o(i.OS_SchedNew)
    i.OS_TCBInit                             0x08001d04   Section        0  os_core.o(i.OS_TCBInit)
    i.OS_TaskIdle                            0x08001df8   Section        0  os_core.o(i.OS_TaskIdle)
    i.OS_TaskReturn                          0x08001e14   Section        0  os_task.o(i.OS_TaskReturn)
    i.OS_TaskStat                            0x08001e2c   Section        0  os_core.o(i.OS_TaskStat)
    i.OS_TaskStatStkChk                      0x08001e94   Section        0  os_core.o(i.OS_TaskStatStkChk)
    i.OS_TaskStkClr                          0x08001ecc   Section        0  os_task.o(i.OS_TaskStkClr)
    i.SVC_Handler                            0x08001ee2   Section        0  stm32f4xx_it.o(i.SVC_Handler)
    i.Stm32_Clock_Init                       0x08001ee4   Section        0  sys.o(i.Stm32_Clock_Init)
    i.SysTick_Handler                        0x08001f78   Section        0  delay.o(i.SysTick_Handler)
    i.SystemInit                             0x08001f9c   Section        0  system_stm32f4xx.o(i.SystemInit)
    i.UART_DMAAbortOnError                   0x08001ff0   Section        0  stm32f4xx_hal_uart.o(i.UART_DMAAbortOnError)
    UART_DMAAbortOnError                     0x08001ff1   Thumb Code    16  stm32f4xx_hal_uart.o(i.UART_DMAAbortOnError)
    i.UART_EndRxTransfer                     0x08002000   Section        0  stm32f4xx_hal_uart.o(i.UART_EndRxTransfer)
    UART_EndRxTransfer                       0x08002001   Thumb Code    28  stm32f4xx_hal_uart.o(i.UART_EndRxTransfer)
    i.UART_Receive_IT                        0x0800201c   Section        0  stm32f4xx_hal_uart.o(i.UART_Receive_IT)
    UART_Receive_IT                          0x0800201d   Thumb Code   150  stm32f4xx_hal_uart.o(i.UART_Receive_IT)
    i.UART_SetConfig                         0x080020b4   Section        0  stm32f4xx_hal_uart.o(i.UART_SetConfig)
    UART_SetConfig                           0x080020b5   Thumb Code   676  stm32f4xx_hal_uart.o(i.UART_SetConfig)
    i.UART_Transmit_IT                       0x08002360   Section        0  stm32f4xx_hal_uart.o(i.UART_Transmit_IT)
    UART_Transmit_IT                         0x08002361   Thumb Code    98  stm32f4xx_hal_uart.o(i.UART_Transmit_IT)
    i.USART1_IRQHandler                      0x080023c4   Section        0  usart.o(i.USART1_IRQHandler)
    i.UsageFault_Handler                     0x080023f8   Section        0  stm32f4xx_it.o(i.UsageFault_Handler)
    i.__NVIC_SetPriority                     0x080023fa   Section        0  stm32f4xx_hal_cortex.o(i.__NVIC_SetPriority)
    __NVIC_SetPriority                       0x080023fb   Thumb Code    32  stm32f4xx_hal_cortex.o(i.__NVIC_SetPriority)
    i._sys_exit                              0x0800241a   Section        0  usart.o(i._sys_exit)
    i.beep_task                              0x0800241c   Section        0  main.o(i.beep_task)
    i.delay_init                             0x08002450   Section        0  delay.o(i.delay_init)
    i.delay_ms                               0x08002488   Section        0  delay.o(i.delay_ms)
    i.delay_us                               0x080024cc   Section        0  delay.o(i.delay_us)
    i.key_task                               0x08002510   Section        0  main.o(i.key_task)
    i.led_task                               0x0800257c   Section        0  main.o(i.led_task)
    i.main                                   0x080025b0   Section        0  main.o(i.main)
    i.start_task                             0x0800261c   Section        0  main.o(i.start_task)
    i.uart_init                              0x080026b0   Section        0  usart.o(i.uart_init)
    x$fpl$fpinit                             0x080026e8   Section       10  fpinit.o(x$fpl$fpinit)
    $v0                                      0x080026e8   Number         0  fpinit.o(x$fpl$fpinit)
    .constdata                               0x080026f2   Section       16  system_stm32f4xx.o(.constdata)
    .constdata                               0x08002702   Section        8  system_stm32f4xx.o(.constdata)
    .constdata                               0x0800270a   Section      256  os_core.o(.constdata)
    .data                                    0x20000000   Section        4  system_stm32f4xx.o(.data)
    .data                                    0x20000004   Section       12  stm32f4xx_hal.o(.data)
    .data                                    0x20000010   Section        8  delay.o(.data)
    fac_ms                                   0x20000010   Data           2  delay.o(.data)
    fac_us                                   0x20000014   Data           4  delay.o(.data)
    .data                                    0x20000018   Section        4  usart.o(.data)
    .data                                    0x2000001c   Section        1  key.o(.data)
    key_up                                   0x2000001c   Data           1  key.o(.data)
    .data                                    0x20000020   Section       60  os_core.o(.data)
    .data                                    0x2000005c   Section        4  os_core.o(.data)
    .data                                    0x20000060   Section        4  os_core.o(.data)
    .data                                    0x20000064   Section        4  os_cpu_c.o(.data)
    .bss                                     0x20000068   Section     2048  main.o(.bss)
    .bss                                     0x20000868   Section      264  usart.o(.bss)
    .bss                                     0x20000970   Section     3696  os_core.o(.bss)
    .bss                                     0x200017e0   Section       80  os_core.o(.bss)
    .bss                                     0x20001830   Section       96  os_core.o(.bss)
    .bss                                     0x20001890   Section      512  os_cpu_c.o(.bss)
    .bss                                     0x20001a90   Section       96  libspace.o(.bss)
    HEAP                                     0x20001af0   Section      512  startup_stm32f407xx.o(HEAP)
    Heap_Mem                                 0x20001af0   Data         512  startup_stm32f407xx.o(HEAP)
    STACK                                    0x20001cf0   Section     1024  startup_stm32f407xx.o(STACK)
    Stack_Mem                                0x20001cf0   Data        1024  startup_stm32f407xx.o(STACK)
    __initial_sp                             0x200020f0   Data           0  startup_stm32f407xx.o(STACK)

    Global Symbols

    Symbol Name                              Value     Ov Type        Size  Object(Section)

    BuildAttributes$$THM_ISAv4$E$P$D$K$B$S$7EM$VFPi3$EXTD16$VFPS$VFMA$PE$A:L22UL41UL21$X:L11$S22US41US21$IEEE1$IW$USESV6$~STKCKD$USESV7$~SHL$OSPACE$ROPI$EBA8$UX$STANDARDLIB$REQ8$PRES8$EABIv2 0x00000000   Number         0  anon$$obj.o ABSOLUTE
    __ARM_use_no_argv                        0x00000000   Number         0  main.o ABSOLUTE
    __ARM_exceptions_init                     - Undefined Weak Reference
    __alloca_initialize                       - Undefined Weak Reference
    __arm_fini_                               - Undefined Weak Reference
    __arm_preinit_                            - Undefined Weak Reference
    __cpp_initialize__aeabi_                  - Undefined Weak Reference
    __cxa_finalize                            - Undefined Weak Reference
    __rt_locale                               - Undefined Weak Reference
    __sigvec_lookup                           - Undefined Weak Reference
    _atexit_init                              - Undefined Weak Reference
    _call_atexit_fns                          - Undefined Weak Reference
    _clock_init                               - Undefined Weak Reference
    _fp_trap_init                             - Undefined Weak Reference
    _fp_trap_shutdown                         - Undefined Weak Reference
    _get_lc_collate                           - Undefined Weak Reference
    _get_lc_ctype                             - Undefined Weak Reference
    _get_lc_monetary                          - Undefined Weak Reference
    _get_lc_numeric                           - Undefined Weak Reference
    _get_lc_time                              - Undefined Weak Reference
    _getenv_init                              - Undefined Weak Reference
    _handle_redirection                       - Undefined Weak Reference
    _init_alloc                               - Undefined Weak Reference
    _init_user_alloc                          - Undefined Weak Reference
    _initio                                   - Undefined Weak Reference
    _rand_init                                - Undefined Weak Reference
    _signal_finish                            - Undefined Weak Reference
    _signal_init                              - Undefined Weak Reference
    _terminate_alloc                          - Undefined Weak Reference
    _terminate_user_alloc                     - Undefined Weak Reference
    _terminateio                              - Undefined Weak Reference
    __Vectors_Size                           0x00000188   Number         0  startup_stm32f407xx.o ABSOLUTE
    __Vectors                                0x08000000   Data           4  startup_stm32f407xx.o(RESET)
    __Vectors_End                            0x08000188   Data           0  startup_stm32f407xx.o(RESET)
    __main                                   0x08000189   Thumb Code     8  __main.o(!!!main)
    __scatterload                            0x08000191   Thumb Code     0  __scatter.o(!!!scatter)
    __scatterload_rt2                        0x08000191   Thumb Code    44  __scatter.o(!!!scatter)
    __scatterload_rt2_thumb_only             0x08000191   Thumb Code     0  __scatter.o(!!!scatter)
    __scatterload_null                       0x0800019f   Thumb Code     0  __scatter.o(!!!scatter)
    __scatterload_copy                       0x080001c5   Thumb Code    26  __scatter_copy.o(!!handler_copy)
    __scatterload_zeroinit                   0x080001e1   Thumb Code    28  __scatter_zi.o(!!handler_zi)
    __rt_lib_init                            0x080001fd   Thumb Code     0  libinit.o(.ARM.Collect$$libinit$$00000000)
    __rt_lib_init_fp_1                       0x080001ff   Thumb Code     0  libinit2.o(.ARM.Collect$$libinit$$00000001)
    __rt_lib_init_alloca_1                   0x08000203   Thumb Code     0  libinit2.o(.ARM.Collect$$libinit$$0000002E)
    __rt_lib_init_argv_1                     0x08000203   Thumb Code     0  libinit2.o(.ARM.Collect$$libinit$$0000002C)
    __rt_lib_init_atexit_1                   0x08000203   Thumb Code     0  libinit2.o(.ARM.Collect$$libinit$$0000001B)
    __rt_lib_init_clock_1                    0x08000203   Thumb Code     0  libinit2.o(.ARM.Collect$$libinit$$00000021)
    __rt_lib_init_cpp_1                      0x08000203   Thumb Code     0  libinit2.o(.ARM.Collect$$libinit$$00000032)
    __rt_lib_init_exceptions_1               0x08000203   Thumb Code     0  libinit2.o(.ARM.Collect$$libinit$$00000030)
    __rt_lib_init_fp_trap_1                  0x08000203   Thumb Code     0  libinit2.o(.ARM.Collect$$libinit$$0000001F)
    __rt_lib_init_getenv_1                   0x08000203   Thumb Code     0  libinit2.o(.ARM.Collect$$libinit$$00000023)
    __rt_lib_init_heap_1                     0x08000203   Thumb Code     0  libinit2.o(.ARM.Collect$$libinit$$0000000A)
    __rt_lib_init_lc_collate_1               0x08000203   Thumb Code     0  libinit2.o(.ARM.Collect$$libinit$$00000011)
    __rt_lib_init_lc_ctype_1                 0x08000203   Thumb Code     0  libinit2.o(.ARM.Collect$$libinit$$00000013)
    __rt_lib_init_lc_monetary_1              0x08000203   Thumb Code     0  libinit2.o(.ARM.Collect$$libinit$$00000015)
    __rt_lib_init_lc_numeric_1               0x08000203   Thumb Code     0  libinit2.o(.ARM.Collect$$libinit$$00000017)
    __rt_lib_init_lc_time_1                  0x08000203   Thumb Code     0  libinit2.o(.ARM.Collect$$libinit$$00000019)
    __rt_lib_init_preinit_1                  0x08000203   Thumb Code     0  libinit2.o(.ARM.Collect$$libinit$$00000004)
    __rt_lib_init_rand_1                     0x08000203   Thumb Code     0  libinit2.o(.ARM.Collect$$libinit$$0000000E)
    __rt_lib_init_return                     0x08000203   Thumb Code     0  libinit2.o(.ARM.Collect$$libinit$$00000033)
    __rt_lib_init_signal_1                   0x08000203   Thumb Code     0  libinit2.o(.ARM.Collect$$libinit$$0000001D)
    __rt_lib_init_stdio_1                    0x08000203   Thumb Code     0  libinit2.o(.ARM.Collect$$libinit$$00000025)
    __rt_lib_init_user_alloc_1               0x08000203   Thumb Code     0  libinit2.o(.ARM.Collect$$libinit$$0000000C)
    __rt_lib_shutdown                        0x08000205   Thumb Code     0  libshutdown.o(.ARM.Collect$$libshutdown$$00000000)
    __rt_lib_shutdown_cpp_1                  0x08000207   Thumb Code     0  libshutdown2.o(.ARM.Collect$$libshutdown$$00000004)
    __rt_lib_shutdown_fini_1                 0x08000207   Thumb Code     0  libshutdown2.o(.ARM.Collect$$libshutdown$$00000002)
    __rt_lib_shutdown_fp_trap_1              0x08000207   Thumb Code     0  libshutdown2.o(.ARM.Collect$$libshutdown$$00000009)
    __rt_lib_shutdown_heap_1                 0x08000207   Thumb Code     0  libshutdown2.o(.ARM.Collect$$libshutdown$$00000011)
    __rt_lib_shutdown_return                 0x08000207   Thumb Code     0  libshutdown2.o(.ARM.Collect$$libshutdown$$00000012)
    __rt_lib_shutdown_signal_1               0x08000207   Thumb Code     0  libshutdown2.o(.ARM.Collect$$libshutdown$$0000000C)
    __rt_lib_shutdown_stdio_1                0x08000207   Thumb Code     0  libshutdown2.o(.ARM.Collect$$libshutdown$$00000006)
    __rt_lib_shutdown_user_alloc_1           0x08000207   Thumb Code     0  libshutdown2.o(.ARM.Collect$$libshutdown$$0000000E)
    __rt_entry                               0x08000209   Thumb Code     0  __rtentry.o(.ARM.Collect$$rtentry$$00000000)
    __rt_entry_presh_1                       0x08000209   Thumb Code     0  __rtentry2.o(.ARM.Collect$$rtentry$$00000002)
    __rt_entry_sh                            0x08000209   Thumb Code     0  __rtentry4.o(.ARM.Collect$$rtentry$$00000004)
    __rt_entry_li                            0x0800020f   Thumb Code     0  __rtentry2.o(.ARM.Collect$$rtentry$$0000000A)
    __rt_entry_postsh_1                      0x0800020f   Thumb Code     0  __rtentry2.o(.ARM.Collect$$rtentry$$00000009)
    __rt_entry_main                          0x08000213   Thumb Code     0  __rtentry2.o(.ARM.Collect$$rtentry$$0000000D)
    __rt_entry_postli_1                      0x08000213   Thumb Code     0  __rtentry2.o(.ARM.Collect$$rtentry$$0000000C)
    __rt_exit                                0x0800021b   Thumb Code     0  rtexit.o(.ARM.Collect$$rtexit$$00000000)
    __rt_exit_ls                             0x0800021d   Thumb Code     0  rtexit2.o(.ARM.Collect$$rtexit$$00000003)
    __rt_exit_prels_1                        0x0800021d   Thumb Code     0  rtexit2.o(.ARM.Collect$$rtexit$$00000002)
    __rt_exit_exit                           0x08000221   Thumb Code     0  rtexit2.o(.ARM.Collect$$rtexit$$00000004)
    Reset_Handler                            0x08000229   Thumb Code     8  startup_stm32f407xx.o(.text)
    ADC_IRQHandler                           0x08000243   Thumb Code     0  startup_stm32f407xx.o(.text)
    CAN1_RX0_IRQHandler                      0x08000243   Thumb Code     0  startup_stm32f407xx.o(.text)
    CAN1_RX1_IRQHandler                      0x08000243   Thumb Code     0  startup_stm32f407xx.o(.text)
    CAN1_SCE_IRQHandler                      0x08000243   Thumb Code     0  startup_stm32f407xx.o(.text)
    CAN1_TX_IRQHandler                       0x08000243   Thumb Code     0  startup_stm32f407xx.o(.text)
    CAN2_RX0_IRQHandler                      0x08000243   Thumb Code     0  startup_stm32f407xx.o(.text)
    CAN2_RX1_IRQHandler                      0x08000243   Thumb Code     0  startup_stm32f407xx.o(.text)
    CAN2_SCE_IRQHandler                      0x08000243   Thumb Code     0  startup_stm32f407xx.o(.text)
    CAN2_TX_IRQHandler                       0x08000243   Thumb Code     0  startup_stm32f407xx.o(.text)
    DCMI_IRQHandler                          0x08000243   Thumb Code     0  startup_stm32f407xx.o(.text)
    DMA1_Stream0_IRQHandler                  0x08000243   Thumb Code     0  startup_stm32f407xx.o(.text)
    DMA1_Stream1_IRQHandler                  0x08000243   Thumb Code     0  startup_stm32f407xx.o(.text)
    DMA1_Stream2_IRQHandler                  0x08000243   Thumb Code     0  startup_stm32f407xx.o(.text)
    DMA1_Stream3_IRQHandler                  0x08000243   Thumb Code     0  startup_stm32f407xx.o(.text)
    DMA1_Stream4_IRQHandler                  0x08000243   Thumb Code     0  startup_stm32f407xx.o(.text)
    DMA1_Stream5_IRQHandler                  0x08000243   Thumb Code     0  startup_stm32f407xx.o(.text)
    DMA1_Stream6_IRQHandler                  0x08000243   Thumb Code     0  startup_stm32f407xx.o(.text)
    DMA1_Stream7_IRQHandler                  0x08000243   Thumb Code     0  startup_stm32f407xx.o(.text)
    DMA2_Stream0_IRQHandler                  0x08000243   Thumb Code     0  startup_stm32f407xx.o(.text)
    DMA2_Stream1_IRQHandler                  0x08000243   Thumb Code     0  startup_stm32f407xx.o(.text)
    DMA2_Stream2_IRQHandler                  0x08000243   Thumb Code     0  startup_stm32f407xx.o(.text)
    DMA2_Stream3_IRQHandler                  0x08000243   Thumb Code     0  startup_stm32f407xx.o(.text)
    DMA2_Stream4_IRQHandler                  0x08000243   Thumb Code     0  startup_stm32f407xx.o(.text)
    DMA2_Stream5_IRQHandler                  0x08000243   Thumb Code     0  startup_stm32f407xx.o(.text)
    DMA2_Stream6_IRQHandler                  0x08000243   Thumb Code     0  startup_stm32f407xx.o(.text)
    DMA2_Stream7_IRQHandler                  0x08000243   Thumb Code     0  startup_stm32f407xx.o(.text)
    ETH_IRQHandler                           0x08000243   Thumb Code     0  startup_stm32f407xx.o(.text)
    ETH_WKUP_IRQHandler                      0x08000243   Thumb Code     0  startup_stm32f407xx.o(.text)
    EXTI0_IRQHandler                         0x08000243   Thumb Code     0  startup_stm32f407xx.o(.text)
    EXTI15_10_IRQHandler                     0x08000243   Thumb Code     0  startup_stm32f407xx.o(.text)
    EXTI1_IRQHandler                         0x08000243   Thumb Code     0  startup_stm32f407xx.o(.text)
    EXTI2_IRQHandler                         0x08000243   Thumb Code     0  startup_stm32f407xx.o(.text)
    EXTI3_IRQHandler                         0x08000243   Thumb Code     0  startup_stm32f407xx.o(.text)
    EXTI4_IRQHandler                         0x08000243   Thumb Code     0  startup_stm32f407xx.o(.text)
    EXTI9_5_IRQHandler                       0x08000243   Thumb Code     0  startup_stm32f407xx.o(.text)
    FLASH_IRQHandler                         0x08000243   Thumb Code     0  startup_stm32f407xx.o(.text)
    FMC_IRQHandler                           0x08000243   Thumb Code     0  startup_stm32f407xx.o(.text)
    FPU_IRQHandler                           0x08000243   Thumb Code     0  startup_stm32f407xx.o(.text)
    HASH_RNG_IRQHandler                      0x08000243   Thumb Code     0  startup_stm32f407xx.o(.text)
    I2C1_ER_IRQHandler                       0x08000243   Thumb Code     0  startup_stm32f407xx.o(.text)
    I2C1_EV_IRQHandler                       0x08000243   Thumb Code     0  startup_stm32f407xx.o(.text)
    I2C2_ER_IRQHandler                       0x08000243   Thumb Code     0  startup_stm32f407xx.o(.text)
    I2C2_EV_IRQHandler                       0x08000243   Thumb Code     0  startup_stm32f407xx.o(.text)
    I2C3_ER_IRQHandler                       0x08000243   Thumb Code     0  startup_stm32f407xx.o(.text)
    I2C3_EV_IRQHandler                       0x08000243   Thumb Code     0  startup_stm32f407xx.o(.text)
    OTG_FS_IRQHandler                        0x08000243   Thumb Code     0  startup_stm32f407xx.o(.text)
    OTG_FS_WKUP_IRQHandler                   0x08000243   Thumb Code     0  startup_stm32f407xx.o(.text)
    OTG_HS_EP1_IN_IRQHandler                 0x08000243   Thumb Code     0  startup_stm32f407xx.o(.text)
    OTG_HS_EP1_OUT_IRQHandler                0x08000243   Thumb Code     0  startup_stm32f407xx.o(.text)
    OTG_HS_IRQHandler                        0x08000243   Thumb Code     0  startup_stm32f407xx.o(.text)
    OTG_HS_WKUP_IRQHandler                   0x08000243   Thumb Code     0  startup_stm32f407xx.o(.text)
    PVD_IRQHandler                           0x08000243   Thumb Code     0  startup_stm32f407xx.o(.text)
    RCC_IRQHandler                           0x08000243   Thumb Code     0  startup_stm32f407xx.o(.text)
    RTC_Alarm_IRQHandler                     0x08000243   Thumb Code     0  startup_stm32f407xx.o(.text)
    RTC_WKUP_IRQHandler                      0x08000243   Thumb Code     0  startup_stm32f407xx.o(.text)
    SDIO_IRQHandler                          0x08000243   Thumb Code     0  startup_stm32f407xx.o(.text)
    SPI1_IRQHandler                          0x08000243   Thumb Code     0  startup_stm32f407xx.o(.text)
    SPI2_IRQHandler                          0x08000243   Thumb Code     0  startup_stm32f407xx.o(.text)
    SPI3_IRQHandler                          0x08000243   Thumb Code     0  startup_stm32f407xx.o(.text)
    TAMP_STAMP_IRQHandler                    0x08000243   Thumb Code     0  startup_stm32f407xx.o(.text)
    TIM1_BRK_TIM9_IRQHandler                 0x08000243   Thumb Code     0  startup_stm32f407xx.o(.text)
    TIM1_CC_IRQHandler                       0x08000243   Thumb Code     0  startup_stm32f407xx.o(.text)
    TIM1_TRG_COM_TIM11_IRQHandler            0x08000243   Thumb Code     0  startup_stm32f407xx.o(.text)
    TIM1_UP_TIM10_IRQHandler                 0x08000243   Thumb Code     0  startup_stm32f407xx.o(.text)
    TIM2_IRQHandler                          0x08000243   Thumb Code     0  startup_stm32f407xx.o(.text)
    TIM3_IRQHandler                          0x08000243   Thumb Code     0  startup_stm32f407xx.o(.text)
    TIM4_IRQHandler                          0x08000243   Thumb Code     0  startup_stm32f407xx.o(.text)
    TIM5_IRQHandler                          0x08000243   Thumb Code     0  startup_stm32f407xx.o(.text)
    TIM6_DAC_IRQHandler                      0x08000243   Thumb Code     0  startup_stm32f407xx.o(.text)
    TIM7_IRQHandler                          0x08000243   Thumb Code     0  startup_stm32f407xx.o(.text)
    TIM8_BRK_TIM12_IRQHandler                0x08000243   Thumb Code     0  startup_stm32f407xx.o(.text)
    TIM8_CC_IRQHandler                       0x08000243   Thumb Code     0  startup_stm32f407xx.o(.text)
    TIM8_TRG_COM_TIM14_IRQHandler            0x08000243   Thumb Code     0  startup_stm32f407xx.o(.text)
    TIM8_UP_TIM13_IRQHandler                 0x08000243   Thumb Code     0  startup_stm32f407xx.o(.text)
    UART4_IRQHandler                         0x08000243   Thumb Code     0  startup_stm32f407xx.o(.text)
    UART5_IRQHandler                         0x08000243   Thumb Code     0  startup_stm32f407xx.o(.text)
    USART2_IRQHandler                        0x08000243   Thumb Code     0  startup_stm32f407xx.o(.text)
    USART3_IRQHandler                        0x08000243   Thumb Code     0  startup_stm32f407xx.o(.text)
    USART6_IRQHandler                        0x08000243   Thumb Code     0  startup_stm32f407xx.o(.text)
    WWDG_IRQHandler                          0x08000243   Thumb Code     0  startup_stm32f407xx.o(.text)
    __user_initial_stackheap                 0x08000245   Thumb Code     0  startup_stm32f407xx.o(.text)
    OS_CPU_FP_Reg_Push                       0x08000269   Thumb Code     0  os_cpu_a.o(.text)
    OS_CPU_FP_Reg_Pop                        0x08000283   Thumb Code     0  os_cpu_a.o(.text)
    OS_CPU_SR_Save                           0x08000295   Thumb Code     0  os_cpu_a.o(.text)
    OS_CPU_SR_Restore                        0x0800029d   Thumb Code     0  os_cpu_a.o(.text)
    OSStartHighRdy                           0x080002a3   Thumb Code     0  os_cpu_a.o(.text)
    OSCtxSw                                  0x080002cb   Thumb Code     0  os_cpu_a.o(.text)
    OSIntCtxSw                               0x080002d5   Thumb Code     0  os_cpu_a.o(.text)
    PendSV_Handler                           0x080002df   Thumb Code     0  os_cpu_a.o(.text)
    __use_no_semihosting                     0x08000345   Thumb Code     2  use_no_semi_2.o(.text)
    __aeabi_uldivmod                         0x08000347   Thumb Code     0  lludivv7m.o(.text)
    _ll_udiv                                 0x08000347   Thumb Code   238  lludivv7m.o(.text)
    __use_two_region_memory                  0x08000435   Thumb Code     2  heapauxi.o(.text)
    __rt_heap_escrow$2region                 0x08000437   Thumb Code     2  heapauxi.o(.text)
    __rt_heap_expand$2region                 0x08000439   Thumb Code     2  heapauxi.o(.text)
    __I$use$semihosting                      0x0800043b   Thumb Code     0  use_no_semi.o(.text)
    __use_no_semihosting_swi                 0x0800043b   Thumb Code     2  use_no_semi.o(.text)
    __user_setup_stackheap                   0x0800043d   Thumb Code    74  sys_stackheap_outer.o(.text)
    exit                                     0x08000487   Thumb Code    18  exit.o(.text)
    __user_libspace                          0x08000499   Thumb Code     8  libspace.o(.text)
    __user_perproc_libspace                  0x08000499   Thumb Code     0  libspace.o(.text)
    __user_perthread_libspace                0x08000499   Thumb Code     0  libspace.o(.text)
    App_TCBInitHook                          0x080004a1   Thumb Code     2  app_hooks.o(i.App_TCBInitHook)
    App_TaskCreateHook                       0x080004a3   Thumb Code     2  app_hooks.o(i.App_TaskCreateHook)
    App_TaskDelHook                          0x080004a5   Thumb Code     2  app_hooks.o(i.App_TaskDelHook)
    App_TaskIdleHook                         0x080004a7   Thumb Code     2  app_hooks.o(i.App_TaskIdleHook)
    App_TaskReturnHook                       0x080004a9   Thumb Code     2  app_hooks.o(i.App_TaskReturnHook)
    App_TaskStatHook                         0x080004ab   Thumb Code     2  app_hooks.o(i.App_TaskStatHook)
    App_TaskSwHook                           0x080004ad   Thumb Code     2  app_hooks.o(i.App_TaskSwHook)
    App_TimeTickHook                         0x080004af   Thumb Code     2  app_hooks.o(i.App_TimeTickHook)
    BEEP_Init                                0x080004b1   Thumb Code    62  beep.o(i.BEEP_Init)
    BusFault_Handler                         0x080004f9   Thumb Code     2  stm32f4xx_it.o(i.BusFault_Handler)
    DebugMon_Handler                         0x080004fb   Thumb Code     2  stm32f4xx_it.o(i.DebugMon_Handler)
    HAL_DMA_Abort_IT                         0x080004fd   Thumb Code    36  stm32f4xx_hal_dma.o(i.HAL_DMA_Abort_IT)
    HAL_GPIO_Init                            0x08000521   Thumb Code   402  stm32f4xx_hal_gpio.o(i.HAL_GPIO_Init)
    HAL_GPIO_ReadPin                         0x080006e1   Thumb Code    10  stm32f4xx_hal_gpio.o(i.HAL_GPIO_ReadPin)
    HAL_GPIO_WritePin                        0x080006eb   Thumb Code    10  stm32f4xx_hal_gpio.o(i.HAL_GPIO_WritePin)
    HAL_GetREVID                             0x080006f5   Thumb Code     8  stm32f4xx_hal.o(i.HAL_GetREVID)
    HAL_GetTick                              0x08000701   Thumb Code     6  stm32f4xx_hal.o(i.HAL_GetTick)
    HAL_IncTick                              0x0800070d   Thumb Code    12  stm32f4xx_hal.o(i.HAL_IncTick)
    HAL_Init                                 0x0800071d   Thumb Code    40  stm32f4xx_hal.o(i.HAL_Init)
    HAL_InitTick                             0x08000749   Thumb Code    54  stm32f4xx_hal.o(i.HAL_InitTick)
    HAL_MspInit                              0x08000789   Thumb Code     2  stm32f4xx_hal_msp.o(i.HAL_MspInit)
    HAL_NVIC_EnableIRQ                       0x0800078b   Thumb Code    26  stm32f4xx_hal_cortex.o(i.HAL_NVIC_EnableIRQ)
    HAL_NVIC_SetPriority                     0x080007a5   Thumb Code    60  stm32f4xx_hal_cortex.o(i.HAL_NVIC_SetPriority)
    HAL_NVIC_SetPriorityGrouping             0x080007e5   Thumb Code    26  stm32f4xx_hal_cortex.o(i.HAL_NVIC_SetPriorityGrouping)
    HAL_RCC_ClockConfig                      0x08000809   Thumb Code   286  stm32f4xx_hal_rcc.o(i.HAL_RCC_ClockConfig)
    HAL_RCC_GetPCLK1Freq                     0x08000939   Thumb Code    20  stm32f4xx_hal_rcc.o(i.HAL_RCC_GetPCLK1Freq)
    HAL_RCC_GetPCLK2Freq                     0x08000959   Thumb Code    20  stm32f4xx_hal_rcc.o(i.HAL_RCC_GetPCLK2Freq)
    HAL_RCC_GetSysClockFreq                  0x08000979   Thumb Code    88  stm32f4xx_hal_rcc.o(i.HAL_RCC_GetSysClockFreq)
    HAL_RCC_OscConfig                        0x080009d9   Thumb Code   766  stm32f4xx_hal_rcc.o(i.HAL_RCC_OscConfig)
    HAL_SYSTICK_CLKSourceConfig              0x08000ced   Thumb Code    24  stm32f4xx_hal_cortex.o(i.HAL_SYSTICK_CLKSourceConfig)
    HAL_SYSTICK_Config                       0x08000d05   Thumb Code    40  stm32f4xx_hal_cortex.o(i.HAL_SYSTICK_Config)
    HAL_UART_ErrorCallback                   0x08000d2d   Thumb Code     2  stm32f4xx_hal_uart.o(i.HAL_UART_ErrorCallback)
    HAL_UART_GetState                        0x08000d2f   Thumb Code    10  stm32f4xx_hal_uart.o(i.HAL_UART_GetState)
    HAL_UART_IRQHandler                      0x08000d39   Thumb Code   266  stm32f4xx_hal_uart.o(i.HAL_UART_IRQHandler)
    HAL_UART_Init                            0x08000e49   Thumb Code    98  stm32f4xx_hal_uart.o(i.HAL_UART_Init)
    HAL_UART_MspInit                         0x08000ead   Thumb Code   112  usart.o(i.HAL_UART_MspInit)
    HAL_UART_Receive_IT                      0x08000f29   Thumb Code    82  stm32f4xx_hal_uart.o(i.HAL_UART_Receive_IT)
    HAL_UART_RxCpltCallback                  0x08000f7d   Thumb Code    76  usart.o(i.HAL_UART_RxCpltCallback)
    HAL_UART_TxCpltCallback                  0x08000fd5   Thumb Code     2  stm32f4xx_hal_uart.o(i.HAL_UART_TxCpltCallback)
    HardFault_Handler                        0x08000fd7   Thumb Code     2  stm32f4xx_it.o(i.HardFault_Handler)
    KEY_Init                                 0x08000fd9   Thumb Code    82  key.o(i.KEY_Init)
    KEY_Scan                                 0x08001039   Thumb Code   192  key.o(i.KEY_Scan)
    LED_Init                                 0x08001105   Thumb Code    72  led.o(i.LED_Init)
    MemManage_Handler                        0x08001155   Thumb Code     2  stm32f4xx_it.o(i.MemManage_Handler)
    NMI_Handler                              0x08001157   Thumb Code     2  stm32f4xx_it.o(i.NMI_Handler)
    OSInit                                   0x08001159   Thumb Code   150  os_core.o(i.OSInit)
    OSInitHookBegin                          0x08001229   Thumb Code    24  os_cpu_c.o(i.OSInitHookBegin)
    OSInitHookEnd                            0x0800124d   Thumb Code     2  os_cpu_c.o(i.OSInitHookEnd)
    OSIntEnter                               0x08001251   Thumb Code    20  os_core.o(i.OSIntEnter)
    OSIntExit                                0x08001269   Thumb Code    82  os_core.o(i.OSIntExit)
    OSSchedLock                              0x080012c5   Thumb Code    38  os_core.o(i.OSSchedLock)
    OSSchedUnlock                            0x080012f1   Thumb Code    54  os_core.o(i.OSSchedUnlock)
    OSStart                                  0x0800132d   Thumb Code    38  os_core.o(i.OSStart)
    OSStatInit                               0x0800135d   Thumb Code    48  os_core.o(i.OSStatInit)
    OSTCBInitHook                            0x08001391   Thumb Code     4  os_cpu_c.o(i.OSTCBInitHook)
    OSTaskCreateExt                          0x08001395   Thumb Code   144  os_task.o(i.OSTaskCreateExt)
    OSTaskCreateHook                         0x08001431   Thumb Code     4  os_cpu_c.o(i.OSTaskCreateHook)
    OSTaskDel                                0x08001435   Thumb Code   274  os_task.o(i.OSTaskDel)
    OSTaskDelHook                            0x08001575   Thumb Code     4  os_cpu_c.o(i.OSTaskDelHook)
    OSTaskDelReq                             0x08001579   Thumb Code    82  os_task.o(i.OSTaskDelReq)
    OSTaskIdleHook                           0x080015d5   Thumb Code     4  os_cpu_c.o(i.OSTaskIdleHook)
    OSTaskNameSet                            0x080015d9   Thumb Code    70  os_task.o(i.OSTaskNameSet)
    OSTaskResume                             0x0800162d   Thumb Code   124  os_task.o(i.OSTaskResume)
    OSTaskReturnHook                         0x080016b9   Thumb Code     4  os_cpu_c.o(i.OSTaskReturnHook)
    OSTaskStatHook                           0x080016bd   Thumb Code     4  os_cpu_c.o(i.OSTaskStatHook)
    OSTaskStkChk                             0x080016c1   Thumb Code    96  os_task.o(i.OSTaskStkChk)
    OSTaskStkInit                            0x08001729   Thumb Code   322  os_cpu_c.o(i.OSTaskStkInit)
    OSTaskSuspend                            0x080018d5   Thumb Code   128  os_task.o(i.OSTaskSuspend)
    OSTaskSwHook                             0x08001965   Thumb Code    42  os_cpu_c.o(i.OSTaskSwHook)
    OSTimeDly                                0x08001999   Thumb Code    82  os_time.o(i.OSTimeDly)
    OSTimeTick                               0x08001a01   Thumb Code   154  os_core.o(i.OSTimeTick)
    OSTimeTickHook                           0x08001aa1   Thumb Code     4  os_cpu_c.o(i.OSTimeTickHook)
    OS_Dummy                                 0x08001aa5   Thumb Code     2  os_core.o(i.OS_Dummy)
    OS_EventTaskRemove                       0x08001aa7   Thumb Code    36  os_core.o(i.OS_EventTaskRemove)
    OS_EventTaskRemoveMulti                  0x08001acb   Thumb Code    40  os_core.o(i.OS_EventTaskRemoveMulti)
    OS_FlagInit                              0x08001af5   Thumb Code    60  os_flag.o(i.OS_FlagInit)
    OS_FlagUnlink                            0x08001b3d   Thumb Code    32  os_flag.o(i.OS_FlagUnlink)
    OS_MemClr                                0x08001c45   Thumb Code    18  os_core.o(i.OS_MemClr)
    OS_QInit                                 0x08001c59   Thumb Code    58  os_q.o(i.OS_QInit)
    OS_Sched                                 0x08001c9d   Thumb Code    64  os_core.o(i.OS_Sched)
    OS_TCBInit                               0x08001d05   Thumb Code   232  os_core.o(i.OS_TCBInit)
    OS_TaskIdle                              0x08001df9   Thumb Code    22  os_core.o(i.OS_TaskIdle)
    OS_TaskReturn                            0x08001e15   Thumb Code    20  os_task.o(i.OS_TaskReturn)
    OS_TaskStat                              0x08001e2d   Thumb Code    98  os_core.o(i.OS_TaskStat)
    OS_TaskStatStkChk                        0x08001e95   Thumb Code    50  os_core.o(i.OS_TaskStatStkChk)
    OS_TaskStkClr                            0x08001ecd   Thumb Code    22  os_task.o(i.OS_TaskStkClr)
    SVC_Handler                              0x08001ee3   Thumb Code     2  stm32f4xx_it.o(i.SVC_Handler)
    Stm32_Clock_Init                         0x08001ee5   Thumb Code   136  sys.o(i.Stm32_Clock_Init)
    SysTick_Handler                          0x08001f79   Thumb Code    32  delay.o(i.SysTick_Handler)
    SystemInit                               0x08001f9d   Thumb Code    66  system_stm32f4xx.o(i.SystemInit)
    USART1_IRQHandler                        0x080023c5   Thumb Code    44  usart.o(i.USART1_IRQHandler)
    UsageFault_Handler                       0x080023f9   Thumb Code     2  stm32f4xx_it.o(i.UsageFault_Handler)
    _sys_exit                                0x0800241b   Thumb Code     2  usart.o(i._sys_exit)
    beep_task                                0x0800241d   Thumb Code    48  main.o(i.beep_task)
    delay_init                               0x08002451   Thumb Code    50  delay.o(i.delay_init)
    delay_ms                                 0x08002489   Thumb Code    56  delay.o(i.delay_ms)
    delay_us                                 0x080024cd   Thumb Code    62  delay.o(i.delay_us)
    key_task                                 0x08002511   Thumb Code    98  main.o(i.key_task)
    led_task                                 0x0800257d   Thumb Code    46  main.o(i.led_task)
    main                                     0x080025b1   Thumb Code    94  main.o(i.main)
    start_task                               0x0800261d   Thumb Code   118  main.o(i.start_task)
    uart_init                                0x080026b1   Thumb Code    44  usart.o(i.uart_init)
    _fp_init                                 0x080026e9   Thumb Code    10  fpinit.o(x$fpl$fpinit)
    __fplib_config_fpu_vfp                   0x080026f1   Thumb Code     0  fpinit.o(x$fpl$fpinit)
    __fplib_config_pureend_doubles           0x080026f1   Thumb Code     0  fpinit.o(x$fpl$fpinit)
    AHBPrescTable                            0x080026f2   Data          16  system_stm32f4xx.o(.constdata)
    APBPrescTable                            0x08002702   Data           8  system_stm32f4xx.o(.constdata)
    OSUnMapTbl                               0x0800270a   Data         256  os_core.o(.constdata)
    Region$$Table$$Base                      0x0800280c   Number         0  anon$$obj.o(Region$$Table)
    Region$$Table$$Limit                     0x0800282c   Number         0  anon$$obj.o(Region$$Table)
    SystemCoreClock                          0x20000000   Data           4  system_stm32f4xx.o(.data)
    uwTickFreq                               0x20000004   Data           1  stm32f4xx_hal.o(.data)
    uwTickPrio                               0x20000008   Data           4  stm32f4xx_hal.o(.data)
    uwTick                                   0x2000000c   Data           4  stm32f4xx_hal.o(.data)
    aRxBuffer                                0x20000018   Data           1  usart.o(.data)
    USART_RX_STA                             0x2000001a   Data           2  usart.o(.data)
    OSCPUUsage                               0x20000020   Data           1  os_core.o(.data)
    OSStatRdy                                0x20000021   Data           1  os_core.o(.data)
    OSIntNesting                             0x20000022   Data           1  os_core.o(.data)
    OSLockNesting                            0x20000023   Data           1  os_core.o(.data)
    OSPrioCur                                0x20000024   Data           1  os_core.o(.data)
    OSPrioHighRdy                            0x20000025   Data           1  os_core.o(.data)
    OSRdyGrp                                 0x20000026   Data           1  os_core.o(.data)
    OSRunning                                0x20000027   Data           1  os_core.o(.data)
    OSTaskCtr                                0x20000028   Data           1  os_core.o(.data)
    OSTickStepState                          0x20000029   Data           1  os_core.o(.data)
    OSTaskRegNextAvailID                     0x2000002a   Data           1  os_core.o(.data)
    OSCtxSwCtr                               0x2000002c   Data           4  os_core.o(.data)
    OSEventFreeList                          0x20000030   Data           4  os_core.o(.data)
    OSIdleCtrMax                             0x20000034   Data           4  os_core.o(.data)
    OSIdleCtrRun                             0x20000038   Data           4  os_core.o(.data)
    OSIdleCtr                                0x2000003c   Data           4  os_core.o(.data)
    OSTCBCur                                 0x20000040   Data           4  os_core.o(.data)
    OSTCBFreeList                            0x20000044   Data           4  os_core.o(.data)
    OSTCBHighRdy                             0x20000048   Data           4  os_core.o(.data)
    OSTCBList                                0x2000004c   Data           4  os_core.o(.data)
    OSTime                                   0x20000050   Data           4  os_core.o(.data)
    OSRdyTbl                                 0x20000054   Data           8  os_core.o(.data)
    OSFlagFreeList                           0x2000005c   Data           4  os_core.o(.data)
    OSQFreeList                              0x20000060   Data           4  os_core.o(.data)
    OS_CPU_ExceptStkBase                     0x20000064   Data           4  os_cpu_c.o(.data)
    START_TASK_STK                           0x20000068   Data         512  main.o(.bss)
    LED_TASK_STK                             0x20000268   Data         512  main.o(.bss)
    BEEP_TASK_STK                            0x20000468   Data         512  main.o(.bss)
    KEY_TASK_STK                             0x20000668   Data         512  main.o(.bss)
    USART_RX_BUF                             0x20000868   Data         200  usart.o(.bss)
    UART1_Handler                            0x20000930   Data          64  usart.o(.bss)
    OSEventTbl                               0x20000970   Data         480  os_core.o(.bss)
    OSTaskStatStk                            0x20000b50   Data         512  os_core.o(.bss)
    OSTaskIdleStk                            0x20000d50   Data         512  os_core.o(.bss)
    OSTCBPrioTbl                             0x20000f50   Data         256  os_core.o(.bss)
    OSTCBTbl                                 0x20001050   Data        1936  os_core.o(.bss)
    OSFlagTbl                                0x200017e0   Data          80  os_core.o(.bss)
    OSQTbl                                   0x20001830   Data          96  os_core.o(.bss)
    OS_CPU_ExceptStk                         0x20001890   Data         512  os_cpu_c.o(.bss)
    __libspace_start                         0x20001a90   Data          96  libspace.o(.bss)
    __temporary_stack_top$libspace           0x20001af0   Data           0  libspace.o(.bss)



==============================================================================

Memory Map of the image

  Image Entry point : 0x08000189

  Load Region LR_IROM1 (Base: 0x08000000, Size: 0x00002894, Max: 0x00100000, ABSOLUTE)

    Execution Region ER_IROM1 (Exec base: 0x08000000, Load base: 0x08000000, Size: 0x0000282c, Max: 0x00100000, ABSOLUTE)

    Exec Addr    Load Addr    Size         Type   Attr      Idx    E Section Name        Object

    0x08000000   0x08000000   0x00000188   Data   RO          523    RESET               startup_stm32f407xx.o
    0x08000188   0x08000188   0x00000008   Code   RO         3845  * !!!main             c_w.l(__main.o)
    0x08000190   0x08000190   0x00000034   Code   RO         4012    !!!scatter          c_w.l(__scatter.o)
    0x080001c4   0x080001c4   0x0000001a   Code   RO         4014    !!handler_copy      c_w.l(__scatter_copy.o)
    0x080001de   0x080001de   0x00000002   PAD
    0x080001e0   0x080001e0   0x0000001c   Code   RO         4016    !!handler_zi        c_w.l(__scatter_zi.o)
    0x080001fc   0x080001fc   0x00000002   Code   RO         3884    .ARM.Collect$$libinit$$00000000  c_w.l(libinit.o)
    0x080001fe   0x080001fe   0x00000004   Code   RO         3896    .ARM.Collect$$libinit$$00000001  c_w.l(libinit2.o)
    0x08000202   0x08000202   0x00000000   Code   RO         3899    .ARM.Collect$$libinit$$00000004  c_w.l(libinit2.o)
    0x08000202   0x08000202   0x00000000   Code   RO         3902    .ARM.Collect$$libinit$$0000000A  c_w.l(libinit2.o)
    0x08000202   0x08000202   0x00000000   Code   RO         3904    .ARM.Collect$$libinit$$0000000C  c_w.l(libinit2.o)
    0x08000202   0x08000202   0x00000000   Code   RO         3906    .ARM.Collect$$libinit$$0000000E  c_w.l(libinit2.o)
    0x08000202   0x08000202   0x00000000   Code   RO         3909    .ARM.Collect$$libinit$$00000011  c_w.l(libinit2.o)
    0x08000202   0x08000202   0x00000000   Code   RO         3911    .ARM.Collect$$libinit$$00000013  c_w.l(libinit2.o)
    0x08000202   0x08000202   0x00000000   Code   RO         3913    .ARM.Collect$$libinit$$00000015  c_w.l(libinit2.o)
    0x08000202   0x08000202   0x00000000   Code   RO         3915    .ARM.Collect$$libinit$$00000017  c_w.l(libinit2.o)
    0x08000202   0x08000202   0x00000000   Code   RO         3917    .ARM.Collect$$libinit$$00000019  c_w.l(libinit2.o)
    0x08000202   0x08000202   0x00000000   Code   RO         3919    .ARM.Collect$$libinit$$0000001B  c_w.l(libinit2.o)
    0x08000202   0x08000202   0x00000000   Code   RO         3921    .ARM.Collect$$libinit$$0000001D  c_w.l(libinit2.o)
    0x08000202   0x08000202   0x00000000   Code   RO         3923    .ARM.Collect$$libinit$$0000001F  c_w.l(libinit2.o)
    0x08000202   0x08000202   0x00000000   Code   RO         3925    .ARM.Collect$$libinit$$00000021  c_w.l(libinit2.o)
    0x08000202   0x08000202   0x00000000   Code   RO         3927    .ARM.Collect$$libinit$$00000023  c_w.l(libinit2.o)
    0x08000202   0x08000202   0x00000000   Code   RO         3929    .ARM.Collect$$libinit$$00000025  c_w.l(libinit2.o)
    0x08000202   0x08000202   0x00000000   Code   RO         3933    .ARM.Collect$$libinit$$0000002C  c_w.l(libinit2.o)
    0x08000202   0x08000202   0x00000000   Code   RO         3935    .ARM.Collect$$libinit$$0000002E  c_w.l(libinit2.o)
    0x08000202   0x08000202   0x00000000   Code   RO         3937    .ARM.Collect$$libinit$$00000030  c_w.l(libinit2.o)
    0x08000202   0x08000202   0x00000000   Code   RO         3939    .ARM.Collect$$libinit$$00000032  c_w.l(libinit2.o)
    0x08000202   0x08000202   0x00000002   Code   RO         3940    .ARM.Collect$$libinit$$00000033  c_w.l(libinit2.o)
    0x08000204   0x08000204   0x00000002   Code   RO         3966    .ARM.Collect$$libshutdown$$00000000  c_w.l(libshutdown.o)
    0x08000206   0x08000206   0x00000000   Code   RO         3993    .ARM.Collect$$libshutdown$$00000002  c_w.l(libshutdown2.o)
    0x08000206   0x08000206   0x00000000   Code   RO         3995    .ARM.Collect$$libshutdown$$00000004  c_w.l(libshutdown2.o)
    0x08000206   0x08000206   0x00000000   Code   RO         3997    .ARM.Collect$$libshutdown$$00000006  c_w.l(libshutdown2.o)
    0x08000206   0x08000206   0x00000000   Code   RO         4000    .ARM.Collect$$libshutdown$$00000009  c_w.l(libshutdown2.o)
    0x08000206   0x08000206   0x00000000   Code   RO         4003    .ARM.Collect$$libshutdown$$0000000C  c_w.l(libshutdown2.o)
    0x08000206   0x08000206   0x00000000   Code   RO         4005    .ARM.Collect$$libshutdown$$0000000E  c_w.l(libshutdown2.o)
    0x08000206   0x08000206   0x00000000   Code   RO         4008    .ARM.Collect$$libshutdown$$00000011  c_w.l(libshutdown2.o)
    0x08000206   0x08000206   0x00000002   Code   RO         4009    .ARM.Collect$$libshutdown$$00000012  c_w.l(libshutdown2.o)
    0x08000208   0x08000208   0x00000000   Code   RO         3849    .ARM.Collect$$rtentry$$00000000  c_w.l(__rtentry.o)
    0x08000208   0x08000208   0x00000000   Code   RO         3855    .ARM.Collect$$rtentry$$00000002  c_w.l(__rtentry2.o)
    0x08000208   0x08000208   0x00000006   Code   RO         3867    .ARM.Collect$$rtentry$$00000004  c_w.l(__rtentry4.o)
    0x0800020e   0x0800020e   0x00000000   Code   RO         3857    .ARM.Collect$$rtentry$$00000009  c_w.l(__rtentry2.o)
    0x0800020e   0x0800020e   0x00000004   Code   RO         3858    .ARM.Collect$$rtentry$$0000000A  c_w.l(__rtentry2.o)
    0x08000212   0x08000212   0x00000000   Code   RO         3860    .ARM.Collect$$rtentry$$0000000C  c_w.l(__rtentry2.o)
    0x08000212   0x08000212   0x00000008   Code   RO         3861    .ARM.Collect$$rtentry$$0000000D  c_w.l(__rtentry2.o)
    0x0800021a   0x0800021a   0x00000002   Code   RO         3888    .ARM.Collect$$rtexit$$00000000  c_w.l(rtexit.o)
    0x0800021c   0x0800021c   0x00000000   Code   RO         3942    .ARM.Collect$$rtexit$$00000002  c_w.l(rtexit2.o)
    0x0800021c   0x0800021c   0x00000004   Code   RO         3943    .ARM.Collect$$rtexit$$00000003  c_w.l(rtexit2.o)
    0x08000220   0x08000220   0x00000006   Code   RO         3944    .ARM.Collect$$rtexit$$00000004  c_w.l(rtexit2.o)
    0x08000226   0x08000226   0x00000002   PAD
    0x08000228   0x08000228   0x00000040   Code   RO          524    .text               startup_stm32f407xx.o
    0x08000268   0x08000268   0x000000dc   Code   RO         3768    .text               os_cpu_a.o
    0x08000344   0x08000344   0x00000002   Code   RO         3839    .text               c_w.l(use_no_semi_2.o)
    0x08000346   0x08000346   0x000000ee   Code   RO         3841    .text               c_w.l(lludivv7m.o)
    0x08000434   0x08000434   0x00000006   Code   RO         3843    .text               c_w.l(heapauxi.o)
    0x0800043a   0x0800043a   0x00000002   Code   RO         3847    .text               c_w.l(use_no_semi.o)
    0x0800043c   0x0800043c   0x0000004a   Code   RO         3871    .text               c_w.l(sys_stackheap_outer.o)
    0x08000486   0x08000486   0x00000012   Code   RO         3873    .text               c_w.l(exit.o)
    0x08000498   0x08000498   0x00000008   Code   RO         3885    .text               c_w.l(libspace.o)
    0x080004a0   0x080004a0   0x00000002   Code   RO         3774    i.App_TCBInitHook   app_hooks.o
    0x080004a2   0x080004a2   0x00000002   Code   RO         3775    i.App_TaskCreateHook  app_hooks.o
    0x080004a4   0x080004a4   0x00000002   Code   RO         3776    i.App_TaskDelHook   app_hooks.o
    0x080004a6   0x080004a6   0x00000002   Code   RO         3777    i.App_TaskIdleHook  app_hooks.o
    0x080004a8   0x080004a8   0x00000002   Code   RO         3778    i.App_TaskReturnHook  app_hooks.o
    0x080004aa   0x080004aa   0x00000002   Code   RO         3779    i.App_TaskStatHook  app_hooks.o
    0x080004ac   0x080004ac   0x00000002   Code   RO         3780    i.App_TaskSwHook    app_hooks.o
    0x080004ae   0x080004ae   0x00000002   Code   RO         3781    i.App_TimeTickHook  app_hooks.o
    0x080004b0   0x080004b0   0x00000048   Code   RO         2157    i.BEEP_Init         beep.o
    0x080004f8   0x080004f8   0x00000002   Code   RO          302    i.BusFault_Handler  stm32f4xx_it.o
    0x080004fa   0x080004fa   0x00000002   Code   RO          303    i.DebugMon_Handler  stm32f4xx_it.o
    0x080004fc   0x080004fc   0x00000024   Code   RO         1836    i.HAL_DMA_Abort_IT  stm32f4xx_hal_dma.o
    0x08000520   0x08000520   0x000001c0   Code   RO          852    i.HAL_GPIO_Init     stm32f4xx_hal_gpio.o
    0x080006e0   0x080006e0   0x0000000a   Code   RO          854    i.HAL_GPIO_ReadPin  stm32f4xx_hal_gpio.o
    0x080006ea   0x080006ea   0x0000000a   Code   RO          856    i.HAL_GPIO_WritePin  stm32f4xx_hal_gpio.o
    0x080006f4   0x080006f4   0x0000000c   Code   RO          543    i.HAL_GetREVID      stm32f4xx_hal.o
    0x08000700   0x08000700   0x0000000c   Code   RO          544    i.HAL_GetTick       stm32f4xx_hal.o
    0x0800070c   0x0800070c   0x00000010   Code   RO          550    i.HAL_IncTick       stm32f4xx_hal.o
    0x0800071c   0x0800071c   0x0000002c   Code   RO          551    i.HAL_Init          stm32f4xx_hal.o
    0x08000748   0x08000748   0x00000040   Code   RO          552    i.HAL_InitTick      stm32f4xx_hal.o
    0x08000788   0x08000788   0x00000002   Code   RO          495    i.HAL_MspInit       stm32f4xx_hal_msp.o
    0x0800078a   0x0800078a   0x0000001a   Code   RO          719    i.HAL_NVIC_EnableIRQ  stm32f4xx_hal_cortex.o
    0x080007a4   0x080007a4   0x00000040   Code   RO          725    i.HAL_NVIC_SetPriority  stm32f4xx_hal_cortex.o
    0x080007e4   0x080007e4   0x00000024   Code   RO          726    i.HAL_NVIC_SetPriorityGrouping  stm32f4xx_hal_cortex.o
    0x08000808   0x08000808   0x00000130   Code   RO         1090    i.HAL_RCC_ClockConfig  stm32f4xx_hal_rcc.o
    0x08000938   0x08000938   0x00000020   Code   RO         1097    i.HAL_RCC_GetPCLK1Freq  stm32f4xx_hal_rcc.o
    0x08000958   0x08000958   0x00000020   Code   RO         1098    i.HAL_RCC_GetPCLK2Freq  stm32f4xx_hal_rcc.o
    0x08000978   0x08000978   0x00000060   Code   RO         1099    i.HAL_RCC_GetSysClockFreq  stm32f4xx_hal_rcc.o
    0x080009d8   0x080009d8   0x00000314   Code   RO         1102    i.HAL_RCC_OscConfig  stm32f4xx_hal_rcc.o
    0x08000cec   0x08000cec   0x00000018   Code   RO          728    i.HAL_SYSTICK_CLKSourceConfig  stm32f4xx_hal_cortex.o
    0x08000d04   0x08000d04   0x00000028   Code   RO          730    i.HAL_SYSTICK_Config  stm32f4xx_hal_cortex.o
    0x08000d2c   0x08000d2c   0x00000002   Code   RO         1266    i.HAL_UART_ErrorCallback  stm32f4xx_hal_uart.o
    0x08000d2e   0x08000d2e   0x0000000a   Code   RO         1268    i.HAL_UART_GetState  stm32f4xx_hal_uart.o
    0x08000d38   0x08000d38   0x00000110   Code   RO         1269    i.HAL_UART_IRQHandler  stm32f4xx_hal_uart.o
    0x08000e48   0x08000e48   0x00000062   Code   RO         1270    i.HAL_UART_Init     stm32f4xx_hal_uart.o
    0x08000eaa   0x08000eaa   0x00000002   PAD
    0x08000eac   0x08000eac   0x0000007c   Code   RO         2067    i.HAL_UART_MspInit  usart.o
    0x08000f28   0x08000f28   0x00000052   Code   RO         1275    i.HAL_UART_Receive_IT  stm32f4xx_hal_uart.o
    0x08000f7a   0x08000f7a   0x00000002   PAD
    0x08000f7c   0x08000f7c   0x00000058   Code   RO         2068    i.HAL_UART_RxCpltCallback  usart.o
    0x08000fd4   0x08000fd4   0x00000002   Code   RO         1281    i.HAL_UART_TxCpltCallback  stm32f4xx_hal_uart.o
    0x08000fd6   0x08000fd6   0x00000002   Code   RO          304    i.HardFault_Handler  stm32f4xx_it.o
    0x08000fd8   0x08000fd8   0x00000060   Code   RO         2181    i.KEY_Init          key.o
    0x08001038   0x08001038   0x000000cc   Code   RO         2182    i.KEY_Scan          key.o
    0x08001104   0x08001104   0x00000050   Code   RO         2133    i.LED_Init          led.o
    0x08001154   0x08001154   0x00000002   Code   RO          305    i.MemManage_Handler  stm32f4xx_it.o
    0x08001156   0x08001156   0x00000002   Code   RO          306    i.NMI_Handler       stm32f4xx_it.o
    0x08001158   0x08001158   0x000000d0   Code   RO         2994    i.OSInit            os_core.o
    0x08001228   0x08001228   0x00000024   Code   RO         3651    i.OSInitHookBegin   os_cpu_c.o
    0x0800124c   0x0800124c   0x00000002   Code   RO         3652    i.OSInitHookEnd     os_cpu_c.o
    0x0800124e   0x0800124e   0x00000002   PAD
    0x08001250   0x08001250   0x00000018   Code   RO         2995    i.OSIntEnter        os_core.o
    0x08001268   0x08001268   0x0000005c   Code   RO         2996    i.OSIntExit         os_core.o
    0x080012c4   0x080012c4   0x0000002c   Code   RO         2997    i.OSSchedLock       os_core.o
    0x080012f0   0x080012f0   0x0000003c   Code   RO         2998    i.OSSchedUnlock     os_core.o
    0x0800132c   0x0800132c   0x00000030   Code   RO         2999    i.OSStart           os_core.o
    0x0800135c   0x0800135c   0x00000034   Code   RO         3000    i.OSStatInit        os_core.o
    0x08001390   0x08001390   0x00000004   Code   RO         3653    i.OSTCBInitHook     os_cpu_c.o
    0x08001394   0x08001394   0x0000009c   Code   RO         3506    i.OSTaskCreateExt   os_task.o
    0x08001430   0x08001430   0x00000004   Code   RO         3654    i.OSTaskCreateHook  os_cpu_c.o
    0x08001434   0x08001434   0x00000140   Code   RO         3507    i.OSTaskDel         os_task.o
    0x08001574   0x08001574   0x00000004   Code   RO         3655    i.OSTaskDelHook     os_cpu_c.o
    0x08001578   0x08001578   0x0000005c   Code   RO         3508    i.OSTaskDelReq      os_task.o
    0x080015d4   0x080015d4   0x00000004   Code   RO         3656    i.OSTaskIdleHook    os_cpu_c.o
    0x080015d8   0x080015d8   0x00000054   Code   RO         3510    i.OSTaskNameSet     os_task.o
    0x0800162c   0x0800162c   0x0000008c   Code   RO         3515    i.OSTaskResume      os_task.o
    0x080016b8   0x080016b8   0x00000004   Code   RO         3657    i.OSTaskReturnHook  os_cpu_c.o
    0x080016bc   0x080016bc   0x00000004   Code   RO         3658    i.OSTaskStatHook    os_cpu_c.o
    0x080016c0   0x080016c0   0x00000068   Code   RO         3516    i.OSTaskStkChk      os_task.o
    0x08001728   0x08001728   0x000001ac   Code   RO         3659    i.OSTaskStkInit     os_cpu_c.o
    0x080018d4   0x080018d4   0x00000090   Code   RO         3517    i.OSTaskSuspend     os_task.o
    0x08001964   0x08001964   0x00000034   Code   RO         3660    i.OSTaskSwHook      os_cpu_c.o
    0x08001998   0x08001998   0x00000068   Code   RO         3606    i.OSTimeDly         os_time.o
    0x08001a00   0x08001a00   0x000000a0   Code   RO         3001    i.OSTimeTick        os_core.o
    0x08001aa0   0x08001aa0   0x00000004   Code   RO         3661    i.OSTimeTickHook    os_cpu_c.o
    0x08001aa4   0x08001aa4   0x00000002   Code   RO         3003    i.OS_Dummy          os_core.o
    0x08001aa6   0x08001aa6   0x00000024   Code   RO         3005    i.OS_EventTaskRemove  os_core.o
    0x08001aca   0x08001aca   0x00000028   Code   RO         3006    i.OS_EventTaskRemoveMulti  os_core.o
    0x08001af2   0x08001af2   0x00000002   PAD
    0x08001af4   0x08001af4   0x00000048   Code   RO         3199    i.OS_FlagInit       os_flag.o
    0x08001b3c   0x08001b3c   0x00000020   Code   RO         3201    i.OS_FlagUnlink     os_flag.o
    0x08001b5c   0x08001b5c   0x00000058   Code   RO         3010    i.OS_InitEventList  os_core.o
    0x08001bb4   0x08001bb4   0x00000020   Code   RO         3011    i.OS_InitMisc       os_core.o
    0x08001bd4   0x08001bd4   0x00000070   Code   RO         3012    i.OS_InitTCBList    os_core.o
    0x08001c44   0x08001c44   0x00000012   Code   RO         3013    i.OS_MemClr         os_core.o
    0x08001c56   0x08001c56   0x00000002   PAD
    0x08001c58   0x08001c58   0x00000044   Code   RO         3388    i.OS_QInit          os_q.o
    0x08001c9c   0x08001c9c   0x00000048   Code   RO         3015    i.OS_Sched          os_core.o
    0x08001ce4   0x08001ce4   0x00000020   Code   RO         3016    i.OS_SchedNew       os_core.o
    0x08001d04   0x08001d04   0x000000f4   Code   RO         3018    i.OS_TCBInit        os_core.o
    0x08001df8   0x08001df8   0x0000001c   Code   RO         3019    i.OS_TaskIdle       os_core.o
    0x08001e14   0x08001e14   0x00000018   Code   RO         3518    i.OS_TaskReturn     os_task.o
    0x08001e2c   0x08001e2c   0x00000068   Code   RO         3020    i.OS_TaskStat       os_core.o
    0x08001e94   0x08001e94   0x00000038   Code   RO         3021    i.OS_TaskStatStkChk  os_core.o
    0x08001ecc   0x08001ecc   0x00000016   Code   RO         3519    i.OS_TaskStkClr     os_task.o
    0x08001ee2   0x08001ee2   0x00000002   Code   RO          307    i.SVC_Handler       stm32f4xx_it.o
    0x08001ee4   0x08001ee4   0x00000094   Code   RO         2040    i.Stm32_Clock_Init  sys.o
    0x08001f78   0x08001f78   0x00000024   Code   RO         1979    i.SysTick_Handler   delay.o
    0x08001f9c   0x08001f9c   0x00000054   Code   RO          369    i.SystemInit        system_stm32f4xx.o
    0x08001ff0   0x08001ff0   0x00000010   Code   RO         1283    i.UART_DMAAbortOnError  stm32f4xx_hal_uart.o
    0x08002000   0x08002000   0x0000001c   Code   RO         1293    i.UART_EndRxTransfer  stm32f4xx_hal_uart.o
    0x0800201c   0x0800201c   0x00000096   Code   RO         1295    i.UART_Receive_IT   stm32f4xx_hal_uart.o
    0x080020b2   0x080020b2   0x00000002   PAD
    0x080020b4   0x080020b4   0x000002ac   Code   RO         1296    i.UART_SetConfig    stm32f4xx_hal_uart.o
    0x08002360   0x08002360   0x00000062   Code   RO         1297    i.UART_Transmit_IT  stm32f4xx_hal_uart.o
    0x080023c2   0x080023c2   0x00000002   PAD
    0x080023c4   0x080023c4   0x00000034   Code   RO         2069    i.USART1_IRQHandler  usart.o
    0x080023f8   0x080023f8   0x00000002   Code   RO          308    i.UsageFault_Handler  stm32f4xx_it.o
    0x080023fa   0x080023fa   0x00000020   Code   RO          732    i.__NVIC_SetPriority  stm32f4xx_hal_cortex.o
    0x0800241a   0x0800241a   0x00000002   Code   RO         2070    i._sys_exit         usart.o
    0x0800241c   0x0800241c   0x00000034   Code   RO            4    i.beep_task         main.o
    0x08002450   0x08002450   0x00000038   Code   RO         1980    i.delay_init        delay.o
    0x08002488   0x08002488   0x00000044   Code   RO         1981    i.delay_ms          delay.o
    0x080024cc   0x080024cc   0x00000044   Code   RO         1985    i.delay_us          delay.o
    0x08002510   0x08002510   0x0000006c   Code   RO            5    i.key_task          main.o
    0x0800257c   0x0800257c   0x00000034   Code   RO            6    i.led_task          main.o
    0x080025b0   0x080025b0   0x0000006c   Code   RO            7    i.main              main.o
    0x0800261c   0x0800261c   0x00000094   Code   RO            8    i.start_task        main.o
    0x080026b0   0x080026b0   0x00000038   Code   RO         2072    i.uart_init         usart.o
    0x080026e8   0x080026e8   0x0000000a   Code   RO         3954    x$fpl$fpinit        fz_wm.l(fpinit.o)
    0x080026f2   0x080026f2   0x00000010   Data   RO          370    .constdata          system_stm32f4xx.o
    0x08002702   0x08002702   0x00000008   Data   RO          371    .constdata          system_stm32f4xx.o
    0x0800270a   0x0800270a   0x00000100   Data   RO         3025    .constdata          os_core.o
    0x0800280a   0x0800280a   0x00000002   PAD
    0x0800280c   0x0800280c   0x00000020   Data   RO         4010    Region$$Table       anon$$obj.o


    Execution Region RW_IRAM1 (Exec base: 0x20000000, Load base: 0x0800282c, Size: 0x000020f0, Max: 0x00020000, ABSOLUTE)

    Exec Addr    Load Addr    Size         Type   Attr      Idx    E Section Name        Object

    0x20000000   0x0800282c   0x00000004   Data   RW          372    .data               system_stm32f4xx.o
    0x20000004   0x08002830   0x0000000c   Data   RW          558    .data               stm32f4xx_hal.o
    0x20000010   0x0800283c   0x00000008   Data   RW         1986    .data               delay.o
    0x20000018   0x08002844   0x00000004   Data   RW         2074    .data               usart.o
    0x2000001c   0x08002848   0x00000001   Data   RW         2183    .data               key.o
    0x2000001d   0x08002849   0x00000003   PAD
    0x20000020   0x0800284c   0x0000003c   Data   RW         3026    .data               os_core.o
    0x2000005c   0x08002888   0x00000004   Data   RW         3027    .data               os_core.o
    0x20000060   0x0800288c   0x00000004   Data   RW         3028    .data               os_core.o
    0x20000064   0x08002890   0x00000004   Data   RW         3665    .data               os_cpu_c.o
    0x20000068        -       0x00000800   Zero   RW            9    .bss                main.o
    0x20000868        -       0x00000108   Zero   RW         2073    .bss                usart.o
    0x20000970        -       0x00000e70   Zero   RW         3022    .bss                os_core.o
    0x200017e0        -       0x00000050   Zero   RW         3023    .bss                os_core.o
    0x20001830        -       0x00000060   Zero   RW         3024    .bss                os_core.o
    0x20001890        -       0x00000200   Zero   RW         3664    .bss                os_cpu_c.o
    0x20001a90        -       0x00000060   Zero   RW         3886    .bss                c_w.l(libspace.o)
    0x20001af0        -       0x00000200   Zero   RW          522    HEAP                startup_stm32f407xx.o
    0x20001cf0        -       0x00000400   Zero   RW          521    STACK               startup_stm32f407xx.o


==============================================================================

Image component sizes


      Code (inc. data)   RO Data    RW Data    ZI Data      Debug   Object Name

        16          0          0          0          0       4060   app_hooks.o
        72         10          0          0          0        884   beep.o
       228         28          0          8          0       3357   delay.o
       300         26          0          1          0       1738   key.o
        80          8          0          0          0        883   led.o
       468         64          0          0       2048     674992   main.o
      1552        182        256         68       3872      22331   os_core.o
       220         36          0          0          0        420   os_cpu_a.o
       546        128          0          4        512      16171   os_cpu_c.o
       104         12          0          0          0       1718   os_flag.o
        68         10          0          0          0        671   os_q.o
      1086        126          0          0          0       8159   os_task.o
       104         22          0          0          0        716   os_time.o
        64         26        392          0       1536        836   startup_stm32f407xx.o
       148         28          0         12          0       4512   stm32f4xx_hal.o
       222         14          0          0          0      34493   stm32f4xx_hal_cortex.o
        36          0          0          0          0       1223   stm32f4xx_hal_dma.o
       468         46          0          0          0       3219   stm32f4xx_hal_gpio.o
         2          0          0          0          0        450   stm32f4xx_hal_msp.o
      1252         72          0          0          0       5308   stm32f4xx_hal_rcc.o
      1442         14          0          0          0       8439   stm32f4xx_hal_uart.o
        14          0          0          0          0       3139   stm32f4xx_it.o
       148         12          0          0          0       1155   sys.o
        84         18         24          4          0       1099   system_stm32f4xx.o
       322         44          0          4        264       4997   usart.o

    ----------------------------------------------------------------------
      9060        926        706        104       8232     804970   Object Totals
         0          0         32          0          0          0   (incl. Generated)
        14          0          2          3          0          0   (incl. Padding)

    ----------------------------------------------------------------------

      Code (inc. data)   RO Data    RW Data    ZI Data      Debug   Library Member Name

         8          0          0          0          0         68   __main.o
         0          0          0          0          0          0   __rtentry.o
        12          0          0          0          0          0   __rtentry2.o
         6          0          0          0          0          0   __rtentry4.o
        52          8          0          0          0          0   __scatter.o
        26          0          0          0          0          0   __scatter_copy.o
        28          0          0          0          0          0   __scatter_zi.o
        18          0          0          0          0         80   exit.o
         6          0          0          0          0        152   heapauxi.o
         2          0          0          0          0          0   libinit.o
         6          0          0          0          0          0   libinit2.o
         2          0          0          0          0          0   libshutdown.o
         2          0          0          0          0          0   libshutdown2.o
         8          4          0          0         96         68   libspace.o
       238          0          0          0          0        100   lludivv7m.o
         2          0          0          0          0          0   rtexit.o
        10          0          0          0          0          0   rtexit2.o
        74          0          0          0          0         80   sys_stackheap_outer.o
         2          0          0          0          0         68   use_no_semi.o
         2          0          0          0          0         68   use_no_semi_2.o
        10          0          0          0          0        116   fpinit.o

    ----------------------------------------------------------------------
       518         12          0          0         96        800   Library Totals
         4          0          0          0          0          0   (incl. Padding)

    ----------------------------------------------------------------------

      Code (inc. data)   RO Data    RW Data    ZI Data      Debug   Library Name

       504         12          0          0         96        684   c_w.l
        10          0          0          0          0        116   fz_wm.l

    ----------------------------------------------------------------------
       518         12          0          0         96        800   Library Totals

    ----------------------------------------------------------------------

==============================================================================


      Code (inc. data)   RO Data    RW Data    ZI Data      Debug   

      9578        938        706        104       8328     795062   Grand Totals
      9578        938        706        104       8328     795062   ELF Image Totals
      9578        938        706        104          0          0   ROM Totals

==============================================================================

    Total RO  Size (Code + RO Data)                10284 (  10.04kB)
    Total RW  Size (RW Data + ZI Data)              8432 (   8.23kB)
    Total ROM Size (Code + RO Data + RW Data)      10388 (  10.14kB)

==============================================================================

