Component: ARM Compiler 5.06 update 7 (build 960) Tool: armlink [4d3601]

==============================================================================

Section Cross References

    main.o(.rev16_text) refers (Special) to daddsub_clz.o(x$fpl$drsb) for __aeabi_drsub
    main.o(.revsh_text) refers (Special) to daddsub_clz.o(x$fpl$drsb) for __aeabi_drsub
    main.o(.rrx_text) refers (Special) to daddsub_clz.o(x$fpl$drsb) for __aeabi_drsub
    main.o(i.DrawTickBox) refers (Special) to daddsub_clz.o(x$fpl$drsb) for __aeabi_drsub
    main.o(i.DrawTickBox) refers to lcd.o(i.LCD_Fill) for LCD_Fill
    main.o(i.DrawTickBox) refers to lcd.o(.bss) for lcddev
    main.o(i.adjust_adc) refers (Special) to daddsub_clz.o(x$fpl$drsb) for __aeabi_drsub
    main.o(i.adjust_adc) refers to stm32f4xx_hal_tim.o(i.HAL_TIM_Base_Stop) for HAL_TIM_Base_Stop
    main.o(i.adjust_adc) refers to main.o(i.adjust_filter) for adjust_filter
    main.o(i.adjust_adc) refers to delay.o(i.delay_ms) for delay_ms
    main.o(i.adjust_adc) refers to timer.o(.bss) for TIM3_Handler
    main.o(i.adjust_filter) refers (Special) to daddsub_clz.o(x$fpl$drsb) for __aeabi_drsub
    main.o(i.adjust_filter) refers to stm32f4xx_hal_tim.o(i.HAL_TIM_PWM_Stop) for HAL_TIM_PWM_Stop
    main.o(i.adjust_filter) refers to stm32f4xx_hal_tim.o(i.HAL_TIM_PWM_Start) for HAL_TIM_PWM_Start
    main.o(i.adjust_filter) refers to delay.o(i.delay_ms) for delay_ms
    main.o(i.adjust_filter) refers to timer.o(.bss) for htim14
    main.o(i.am_task) refers (Special) to daddsub_clz.o(x$fpl$drsb) for __aeabi_drsub
    main.o(i.am_task) refers to main.o(i.adjust_adc) for adjust_adc
    main.o(i.am_task) refers to stm32f4xx_hal_tim.o(i.HAL_TIM_Base_Stop_IT) for HAL_TIM_Base_Stop_IT
    main.o(i.am_task) refers to main.o(i.dds_task) for dds_task
    main.o(i.am_task) refers to lcd.o(i.LCD_ShowNum) for LCD_ShowNum
    main.o(i.am_task) refers to switch.o(i.ChangeSwitchState) for ChangeSwitchState
    main.o(i.am_task) refers to lcd.o(i.LCD_ShowString) for LCD_ShowString
    main.o(i.am_task) refers to delay.o(i.delay_ms) for delay_ms
    main.o(i.am_task) refers to stm32f4xx_hal_tim.o(i.HAL_TIM_Base_Start_IT) for HAL_TIM_Base_Start_IT
    main.o(i.am_task) refers to dflt_clz.o(x$fpl$dfltu) for __aeabi_ui2d
    main.o(i.am_task) refers to drleqf.o(x$fpl$drleqf) for __aeabi_cdrcmple
    main.o(i.am_task) refers to dleqf.o(x$fpl$dleqf) for __aeabi_cdcmple
    main.o(i.am_task) refers to stm32f4xx_hal_tim.o(i.HAL_TIM_Base_Start) for HAL_TIM_Base_Start
    main.o(i.am_task) refers to stm32f4xx_hal_adc.o(i.HAL_ADC_Start_DMA) for HAL_ADC_Start_DMA
    main.o(i.am_task) refers to stm32f4xx_hal_adc.o(i.HAL_ADC_Stop_DMA) for HAL_ADC_Stop_DMA
    main.o(i.am_task) refers to stm32f4xx_hal_tim.o(i.HAL_TIM_Base_Stop) for HAL_TIM_Base_Stop
    main.o(i.am_task) refers to daddsub_clz.o(x$fpl$dadd) for __aeabi_dadd
    main.o(i.am_task) refers to ddiv.o(x$fpl$ddiv) for __aeabi_ddiv
    main.o(i.am_task) refers to daddsub_clz.o(x$fpl$dsub) for __aeabi_dsub
    main.o(i.am_task) refers to rfft.o(i.rfft) for rfft
    main.o(i.am_task) refers to rfft.o(i.sqr_pls) for sqr_pls
    main.o(i.am_task) refers to lcd.o(.bss) for lcddev
    main.o(i.am_task) refers to timer.o(.bss) for htim4
    main.o(i.am_task) refers to main.o(.data) for DDS_data_stack
    main.o(i.am_task) refers to switch.o(.constdata) for switches
    main.o(i.am_task) refers to timer.o(.data) for base_freq
    main.o(i.am_task) refers to main.o(.bss) for adc_cache
    main.o(i.am_task) refers to adc.o(.bss) for ADC1_Handler
    main.o(i.am_task) refers to dfixu.o(x$fpl$dfixu) for __aeabi_d2uiz
    main.o(i.am_task) refers to dflt_clz.o(x$fpl$dflt) for __aeabi_i2d
    main.o(i.am_task) refers to dmul.o(x$fpl$dmul) for __aeabi_dmul
    main.o(i.am_task) refers to dfix.o(x$fpl$dfix) for __aeabi_d2iz
    main.o(i.am_task) refers to lcd.o(i.LCD_Fill) for LCD_Fill
    main.o(i.am_task) refers to os_cpu_a.o(.text) for OS_CPU_SR_Save
    main.o(i.am_task) refers to lcd.o(i.LCD_DrawLine) for LCD_DrawLine
    main.o(i.dds_sweep_task) refers (Special) to daddsub_clz.o(x$fpl$drsb) for __aeabi_drsub
    main.o(i.dds_sweep_task) refers to os_cpu_a.o(.text) for OS_CPU_SR_Save
    main.o(i.dds_sweep_task) refers to AD9959.o(i.Write_Frequence) for Write_Frequence
    main.o(i.dds_sweep_task) refers to AD9959.o(i.Write_Amplitude) for Write_Amplitude
    main.o(i.dds_sweep_task) refers to AD9959.o(i.AD9959_IO_Update) for AD9959_IO_Update
    main.o(i.dds_sweep_task) refers to delay.o(i.delay_ms) for delay_ms
    main.o(i.dds_sweep_task) refers to main.o(.data) for DDS_data_stack
    main.o(i.dds_task) refers (Special) to daddsub_clz.o(x$fpl$drsb) for __aeabi_drsub
    main.o(i.dds_task) refers to rt_memcpy_w.o(.text) for __aeabi_memcpy4
    main.o(i.dds_task) refers to AD9959.o(i.Write_Frequence) for Write_Frequence
    main.o(i.dds_task) refers to AD9959.o(i.AD9959_IO_Update) for AD9959_IO_Update
[...]
    Removing stm32f4xx_hal_rcc_ex.o(i.HAL_RCCEx_GetPeriphCLKFreq), (144 bytes).
    Removing stm32f4xx_hal_rcc_ex.o(i.HAL_RCCEx_PeriphCLKConfig), (416 bytes).
    Removing stm32f4xx_hal_rcc_ex.o(i.HAL_RCC_DeInit), (376 bytes).
    Removing stm32f4xx_hal_uart.o(.rev16_text), (4 bytes).
    Removing stm32f4xx_hal_uart.o(.revsh_text), (4 bytes).
    Removing stm32f4xx_hal_uart.o(.rrx_text), (6 bytes).
    Removing stm32f4xx_hal_uart.o(i.HAL_HalfDuplex_EnableReceiver), (68 bytes).
    Removing stm32f4xx_hal_uart.o(i.HAL_HalfDuplex_EnableTransmitter), (68 bytes).
    Removing stm32f4xx_hal_uart.o(i.HAL_HalfDuplex_Init), (118 bytes).
    Removing stm32f4xx_hal_uart.o(i.HAL_LIN_Init), (142 bytes).
    Removing stm32f4xx_hal_uart.o(i.HAL_LIN_SendBreak), (62 bytes).
    Removing stm32f4xx_hal_uart.o(i.HAL_MultiProcessor_EnterMuteMode), (62 bytes).
    Removing stm32f4xx_hal_uart.o(i.HAL_MultiProcessor_ExitMuteMode), (62 bytes).
    Removing stm32f4xx_hal_uart.o(i.HAL_MultiProcessor_Init), (154 bytes).
    Removing stm32f4xx_hal_uart.o(i.HAL_UART_Abort), (170 bytes).
    Removing stm32f4xx_hal_uart.o(i.HAL_UART_AbortCpltCallback), (2 bytes).
    Removing stm32f4xx_hal_uart.o(i.HAL_UART_AbortReceive), (102 bytes).
    Removing stm32f4xx_hal_uart.o(i.HAL_UART_AbortReceiveCpltCallback), (2 bytes).
    Removing stm32f4xx_hal_uart.o(i.HAL_UART_AbortReceive_IT), (120 bytes).
    Removing stm32f4xx_hal_uart.o(i.HAL_UART_AbortTransmit), (90 bytes).
    Removing stm32f4xx_hal_uart.o(i.HAL_UART_AbortTransmitCpltCallback), (2 bytes).
    Removing stm32f4xx_hal_uart.o(i.HAL_UART_AbortTransmit_IT), (108 bytes).
    Removing stm32f4xx_hal_uart.o(i.HAL_UART_Abort_IT), (224 bytes).
    Removing stm32f4xx_hal_uart.o(i.HAL_UART_DMAPause), (124 bytes).
    Removing stm32f4xx_hal_uart.o(i.HAL_UART_DMAResume), (126 bytes).
    Removing stm32f4xx_hal_uart.o(i.HAL_UART_DMAStop), (102 bytes).
    Removing stm32f4xx_hal_uart.o(i.HAL_UART_DeInit), (58 bytes).
    Removing stm32f4xx_hal_uart.o(i.HAL_UART_GetError), (6 bytes).
    Removing stm32f4xx_hal_uart.o(i.HAL_UART_MspDeInit), (2 bytes).
    Removing stm32f4xx_hal_uart.o(i.HAL_UART_MspInit), (2 bytes).
    Removing stm32f4xx_hal_uart.o(i.HAL_UART_Receive), (222 bytes).
    Removing stm32f4xx_hal_uart.o(i.HAL_UART_Receive_DMA), (196 bytes).
    Removing stm32f4xx_hal_uart.o(i.HAL_UART_RxCpltCallback), (2 bytes).
    Removing stm32f4xx_hal_uart.o(i.HAL_UART_RxHalfCpltCallback), (2 bytes).
    Removing stm32f4xx_hal_uart.o(i.HAL_UART_Transmit), (214 bytes).
    Removing stm32f4xx_hal_uart.o(i.HAL_UART_Transmit_DMA), (156 bytes).
    Removing stm32f4xx_hal_uart.o(i.HAL_UART_Transmit_IT), (88 bytes).
    Removing stm32f4xx_hal_uart.o(i.HAL_UART_TxHalfCpltCallback), (2 bytes).
    Removing stm32f4xx_hal_uart.o(i.UART_DMAError), (80 bytes).
    Removing stm32f4xx_hal_uart.o(i.UART_DMAReceiveCplt), (70 bytes).
    Removing stm32f4xx_hal_uart.o(i.UART_DMARxAbortCallback), (52 bytes).
    Removing stm32f4xx_hal_uart.o(i.UART_DMARxHalfCplt), (14 bytes).
    Removing stm32f4xx_hal_uart.o(i.UART_DMARxOnlyAbortCallback), (24 bytes).
    Removing stm32f4xx_hal_uart.o(i.UART_DMATransmitCplt), (54 bytes).
    Removing stm32f4xx_hal_uart.o(i.UART_DMATxAbortCallback), (52 bytes).
    Removing stm32f4xx_hal_uart.o(i.UART_DMATxHalfCplt), (14 bytes).
    Removing stm32f4xx_hal_uart.o(i.UART_DMATxOnlyAbortCallback), (24 bytes).
    Removing stm32f4xx_hal_uart.o(i.UART_EndTxTransfer), (20 bytes).
    Removing stm32f4xx_hal_uart.o(i.UART_WaitOnFlagUntilTimeout), (108 bytes).
    Removing stm32f4xx_hal_usart.o(.rev16_text), (4 bytes).
    Removing stm32f4xx_hal_usart.o(.revsh_text), (4 bytes).
    Removing stm32f4xx_hal_usart.o(.rrx_text), (6 bytes).
    Removing stm32f4xx_hal_usart.o(i.HAL_USART_Abort), (126 bytes).
    Removing stm32f4xx_hal_usart.o(i.HAL_USART_AbortCpltCallback), (2 bytes).
    Removing stm32f4xx_hal_usart.o(i.HAL_USART_Abort_IT), (220 bytes).
    Removing stm32f4xx_hal_usart.o(i.HAL_USART_DMAPause), (50 bytes).
    Removing stm32f4xx_hal_usart.o(i.HAL_USART_DMAResume), (50 bytes).
    Removing stm32f4xx_hal_usart.o(i.HAL_USART_DMAStop), (102 bytes).
    Removing stm32f4xx_hal_usart.o(i.HAL_USART_DeInit), (54 bytes).
    Removing stm32f4xx_hal_usart.o(i.HAL_USART_ErrorCallback), (2 bytes).
    Removing stm32f4xx_hal_usart.o(i.HAL_USART_GetError), (6 bytes).
    Removing stm32f4xx_hal_usart.o(i.HAL_USART_GetState), (8 bytes).
    Removing stm32f4xx_hal_usart.o(i.HAL_USART_IRQHandler), (384 bytes).
    Removing stm32f4xx_hal_usart.o(i.HAL_USART_Init), (90 bytes).
    Removing stm32f4xx_hal_usart.o(i.HAL_USART_MspDeInit), (2 bytes).
    Removing stm32f4xx_hal_usart.o(i.HAL_USART_MspInit), (2 bytes).
    Removing stm32f4xx_hal_usart.o(i.HAL_USART_Receive), (278 bytes).
    Removing stm32f4xx_hal_usart.o(i.HAL_USART_Receive_DMA), (248 bytes).
    Removing stm32f4xx_hal_usart.o(i.HAL_USART_Receive_IT), (108 bytes).
    Removing stm32f4xx_hal_usart.o(i.HAL_USART_RxCpltCallback), (2 bytes).
    Removing stm32f4xx_hal_usart.o(i.HAL_USART_RxHalfCpltCallback), (2 bytes).
    Removing stm32f4xx_hal_usart.o(i.HAL_USART_Transmit), (214 bytes).
    Removing stm32f4xx_hal_usart.o(i.HAL_USART_TransmitReceive), (320 bytes).
    Removing stm32f4xx_hal_usart.o(i.HAL_USART_TransmitReceive_DMA), (268 bytes).
    Removing stm32f4xx_hal_usart.o(i.HAL_USART_TransmitReceive_IT), (132 bytes).
    Removing stm32f4xx_hal_usart.o(i.HAL_USART_Transmit_DMA), (156 bytes).
    Removing stm32f4xx_hal_usart.o(i.HAL_USART_Transmit_IT), (88 bytes).
    Removing stm32f4xx_hal_usart.o(i.HAL_USART_TxCpltCallback), (2 bytes).
    Removing stm32f4xx_hal_usart.o(i.HAL_USART_TxHalfCpltCallback), (2 bytes).
    Removing stm32f4xx_hal_usart.o(i.HAL_USART_TxRxCpltCallback), (2 bytes).
    Removing stm32f4xx_hal_usart.o(i.USART_DMAAbortOnError), (20 bytes).
    Removing stm32f4xx_hal_usart.o(i.USART_DMAError), (84 bytes).
    Removing stm32f4xx_hal_usart.o(i.USART_DMAReceiveCplt), (122 bytes).
    Removing stm32f4xx_hal_usart.o(i.USART_DMARxAbortCallback), (48 bytes).
    Removing stm32f4xx_hal_usart.o(i.USART_DMARxHalfCplt), (14 bytes).
    Removing stm32f4xx_hal_usart.o(i.USART_DMATransmitCplt), (70 bytes).
    Removing stm32f4xx_hal_usart.o(i.USART_DMATxAbortCallback), (48 bytes).
    Removing stm32f4xx_hal_usart.o(i.USART_DMATxHalfCplt), (14 bytes).
    Removing stm32f4xx_hal_usart.o(i.USART_EndRxTransfer), (32 bytes).
    Removing stm32f4xx_hal_usart.o(i.USART_EndTransmit_IT), (44 bytes).
    Removing stm32f4xx_hal_usart.o(i.USART_EndTxTransfer), (20 bytes).
    Removing stm32f4xx_hal_usart.o(i.USART_Receive_IT), (194 bytes).
    Removing stm32f4xx_hal_usart.o(i.USART_SetConfig), (496 bytes).
    Removing stm32f4xx_hal_usart.o(i.USART_TransmitReceive_IT), (270 bytes).
    Removing stm32f4xx_hal_usart.o(i.USART_Transmit_IT), (104 bytes).
    Removing stm32f4xx_hal_usart.o(i.USART_WaitOnFlagUntilTimeout), (128 bytes).
    Removing stm32f4xx_hal_dma.o(.rev16_text), (4 bytes).
    Removing stm32f4xx_hal_dma.o(.revsh_text), (4 bytes).
    Removing stm32f4xx_hal_dma.o(.rrx_text), (6 bytes).
    Removing stm32f4xx_hal_dma.o(i.HAL_DMA_DeInit), (112 bytes).
    Removing stm32f4xx_hal_dma.o(i.HAL_DMA_GetError), (6 bytes).
    Removing stm32f4xx_hal_dma.o(i.HAL_DMA_GetState), (8 bytes).
    Removing stm32f4xx_hal_dma.o(i.HAL_DMA_PollForTransfer), (346 bytes).
    Removing stm32f4xx_hal_dma.o(i.HAL_DMA_RegisterCallback), (94 bytes).
    Removing stm32f4xx_hal_dma.o(i.HAL_DMA_Start), (102 bytes).
    Removing stm32f4xx_hal_dma.o(i.HAL_DMA_UnRegisterCallback), (124 bytes).
    Removing stm32f4xx_hal_dma_ex.o(.rev16_text), (4 bytes).
    Removing stm32f4xx_hal_dma_ex.o(.revsh_text), (4 bytes).
    Removing stm32f4xx_hal_dma_ex.o(.rrx_text), (6 bytes).
    Removing stm32f4xx_hal_dma_ex.o(i.DMA_MultiBufferSetConfig), (32 bytes).
    Removing stm32f4xx_hal_dma_ex.o(i.HAL_DMAEx_ChangeMemory), (18 bytes).
    Removing stm32f4xx_hal_dma_ex.o(i.HAL_DMAEx_MultiBufferStart), (124 bytes).
    Removing stm32f4xx_hal_dma_ex.o(i.HAL_DMAEx_MultiBufferStart_IT), (4056 bytes).
    Removing stm32f4xx_hal_tim.o(.rev16_text), (4 bytes).
    Removing stm32f4xx_hal_tim.o(.revsh_text), (4 bytes).
    Removing stm32f4xx_hal_tim.o(.rrx_text), (6 bytes).
    Removing stm32f4xx_hal_tim.o(i.HAL_TIM_Base_DeInit), (70 bytes).
    Removing stm32f4xx_hal_tim.o(i.HAL_TIM_Base_GetState), (8 bytes).
    Removing stm32f4xx_hal_tim.o(i.HAL_TIM_Base_MspDeInit), (2 bytes).
    Removing stm32f4xx_hal_tim.o(i.HAL_TIM_Base_MspInit), (2 bytes).
    Removing stm32f4xx_hal_tim.o(i.HAL_TIM_Base_Start_DMA), (136 bytes).
    Removing stm32f4xx_hal_tim.o(i.HAL_TIM_Base_Stop_DMA), (70 bytes).
    Removing stm32f4xx_hal_tim.o(i.HAL_TIM_ConfigOCrefClear), (270 bytes).
    Removing stm32f4xx_hal_tim.o(i.HAL_TIM_ConfigTI1Input), (22 bytes).
    Removing stm32f4xx_hal_tim.o(i.HAL_TIM_DMABurst_ReadStart), (488 bytes).
    Removing stm32f4xx_hal_tim.o(i.HAL_TIM_DMABurst_ReadStop), (146 bytes).
    Removing stm32f4xx_hal_tim.o(i.HAL_TIM_DMABurst_WriteStart), (488 bytes).
    Removing stm32f4xx_hal_tim.o(i.HAL_TIM_DMABurst_WriteStop), (146 bytes).
    Removing stm32f4xx_hal_tim.o(i.HAL_TIM_Encoder_DeInit), (70 bytes).
    Removing stm32f4xx_hal_tim.o(i.HAL_TIM_Encoder_GetState), (8 bytes).
    Removing stm32f4xx_hal_tim.o(i.HAL_TIM_Encoder_Init), (174 bytes).
    Removing stm32f4xx_hal_tim.o(i.HAL_TIM_Encoder_MspDeInit), (2 bytes).
    Removing stm32f4xx_hal_tim.o(i.HAL_TIM_Encoder_MspInit), (2 bytes).
    Removing stm32f4xx_hal_tim.o(i.HAL_TIM_Encoder_Start), (78 bytes).
    Removing stm32f4xx_hal_tim.o(i.HAL_TIM_Encoder_Start_DMA), (380 bytes).
    Removing stm32f4xx_hal_tim.o(i.HAL_TIM_Encoder_Start_IT), (126 bytes).
    Removing stm32f4xx_hal_tim.o(i.HAL_TIM_Encoder_Stop), (104 bytes).
    Removing stm32f4xx_hal_tim.o(i.HAL_TIM_Encoder_Stop_DMA), (176 bytes).
    Removing stm32f4xx_hal_tim.o(i.HAL_TIM_Encoder_Stop_IT), (152 bytes).
    Removing stm32f4xx_hal_tim.o(i.HAL_TIM_ErrorCallback), (2 bytes).
    Removing stm32f4xx_hal_tim.o(i.HAL_TIM_GenerateEvent), (54 bytes).
    Removing stm32f4xx_hal_tim.o(i.HAL_TIM_IC_CaptureHalfCpltCallback), (2 bytes).
    Removing stm32f4xx_hal_tim.o(i.HAL_TIM_IC_ConfigChannel), (224 bytes).
    Removing stm32f4xx_hal_tim.o(i.HAL_TIM_IC_DeInit), (70 bytes).
    Removing stm32f4xx_hal_tim.o(i.HAL_TIM_IC_GetState), (8 bytes).
    Removing stm32f4xx_hal_tim.o(i.HAL_TIM_IC_Init), (52 bytes).
    Removing stm32f4xx_hal_tim.o(i.HAL_TIM_IC_MspDeInit), (2 bytes).
    Removing stm32f4xx_hal_tim.o(i.HAL_TIM_IC_MspInit), (2 bytes).
    Removing stm32f4xx_hal_tim.o(i.HAL_TIM_IC_Start), (44 bytes).
    Removing stm32f4xx_hal_tim.o(i.HAL_TIM_IC_Start_DMA), (332 bytes).
    Removing stm32f4xx_hal_tim.o(i.HAL_TIM_IC_Start_IT), (120 bytes).
    Removing stm32f4xx_hal_tim.o(i.HAL_TIM_IC_Stop), (58 bytes).
    Removing stm32f4xx_hal_tim.o(i.HAL_TIM_IC_Stop_DMA), (164 bytes).
    Removing stm32f4xx_hal_tim.o(i.HAL_TIM_IC_Stop_IT), (134 bytes).
    Removing stm32f4xx_hal_tim.o(i.HAL_TIM_OC_ConfigChannel), (116 bytes).
    Removing stm32f4xx_hal_tim.o(i.HAL_TIM_OC_DeInit), (70 bytes).
    Removing stm32f4xx_hal_tim.o(i.HAL_TIM_OC_GetState), (8 bytes).
    Removing stm32f4xx_hal_tim.o(i.HAL_TIM_OC_Init), (52 bytes).
    Removing stm32f4xx_hal_tim.o(i.HAL_TIM_OC_MspDeInit), (2 bytes).
    Removing stm32f4xx_hal_tim.o(i.HAL_TIM_OC_MspInit), (2 bytes).
    Removing stm32f4xx_hal_tim.o(i.HAL_TIM_OC_Start), (88 bytes).
    Removing stm32f4xx_hal_tim.o(i.HAL_TIM_OC_Start_DMA), (376 bytes).
    Removing stm32f4xx_hal_tim.o(i.HAL_TIM_OC_Start_IT), (164 bytes).
    Removing stm32f4xx_hal_tim.o(i.HAL_TIM_OC_Stop), (128 bytes).
    Removing stm32f4xx_hal_tim.o(i.HAL_TIM_OC_Stop_DMA), (236 bytes).
    Removing stm32f4xx_hal_tim.o(i.HAL_TIM_OC_Stop_IT), (204 bytes).
    Removing stm32f4xx_hal_tim.o(i.HAL_TIM_OnePulse_ConfigChannel), (286 bytes).
    Removing stm32f4xx_hal_tim.o(i.HAL_TIM_OnePulse_DeInit), (70 bytes).
    Removing stm32f4xx_hal_tim.o(i.HAL_TIM_OnePulse_GetState), (8 bytes).
    Removing stm32f4xx_hal_tim.o(i.HAL_TIM_OnePulse_Init), (76 bytes).
    Removing stm32f4xx_hal_tim.o(i.HAL_TIM_OnePulse_MspDeInit), (2 bytes).
    Removing stm32f4xx_hal_tim.o(i.HAL_TIM_OnePulse_MspInit), (2 bytes).
    Removing stm32f4xx_hal_tim.o(i.HAL_TIM_OnePulse_Start), (76 bytes).
    Removing stm32f4xx_hal_tim.o(i.HAL_TIM_OnePulse_Start_IT), (100 bytes).
    Removing stm32f4xx_hal_tim.o(i.HAL_TIM_OnePulse_Stop), (140 bytes).
    Removing stm32f4xx_hal_tim.o(i.HAL_TIM_OnePulse_Stop_IT), (164 bytes).
    Removing stm32f4xx_hal_tim.o(i.HAL_TIM_PWM_DeInit), (70 bytes).
    Removing stm32f4xx_hal_tim.o(i.HAL_TIM_PWM_GetState), (8 bytes).
    Removing stm32f4xx_hal_tim.o(i.HAL_TIM_PWM_MspDeInit), (2 bytes).
    Removing stm32f4xx_hal_tim.o(i.HAL_TIM_PWM_MspInit), (2 bytes).
    Removing stm32f4xx_hal_tim.o(i.HAL_TIM_PWM_PulseFinishedHalfCpltCallback), (2 bytes).
    Removing stm32f4xx_hal_tim.o(i.HAL_TIM_PWM_Start_DMA), (376 bytes).
    Removing stm32f4xx_hal_tim.o(i.HAL_TIM_PWM_Start_IT), (164 bytes).
    Removing stm32f4xx_hal_tim.o(i.HAL_TIM_PWM_Stop_DMA), (236 bytes).
    Removing stm32f4xx_hal_tim.o(i.HAL_TIM_PWM_Stop_IT), (204 bytes).
    Removing stm32f4xx_hal_tim.o(i.HAL_TIM_PeriodElapsedCallback), (2 bytes).
    Removing stm32f4xx_hal_tim.o(i.HAL_TIM_PeriodElapsedHalfCpltCallback), (2 bytes).
    Removing stm32f4xx_hal_tim.o(i.HAL_TIM_ReadCapturedValue), (50 bytes).
    Removing stm32f4xx_hal_tim.o(i.HAL_TIM_SlaveConfigSynchro), (108 bytes).
    Removing stm32f4xx_hal_tim.o(i.HAL_TIM_SlaveConfigSynchro_IT), (108 bytes).
    Removing stm32f4xx_hal_tim.o(i.HAL_TIM_TriggerHalfCpltCallback), (2 bytes).
    Removing stm32f4xx_hal_tim.o(i.TIM_DMACaptureCplt), (70 bytes).
    Removing stm32f4xx_hal_tim.o(i.TIM_DMACaptureHalfCplt), (70 bytes).
    Removing stm32f4xx_hal_tim.o(i.TIM_DMADelayPulseCplt), (70 bytes).
    Removing stm32f4xx_hal_tim.o(i.TIM_DMADelayPulseHalfCplt), (70 bytes).
    Removing stm32f4xx_hal_tim.o(i.TIM_DMAError), (20 bytes).
    Removing stm32f4xx_hal_tim.o(i.TIM_DMAPeriodElapsedCplt), (20 bytes).
    Removing stm32f4xx_hal_tim.o(i.TIM_DMAPeriodElapsedHalfCplt), (20 bytes).
    Removing stm32f4xx_hal_tim.o(i.TIM_DMATriggerCplt), (20 bytes).
    Removing stm32f4xx_hal_tim.o(i.TIM_DMATriggerHalfCplt), (20 bytes).
    Removing stm32f4xx_hal_tim.o(i.TIM_SlaveTimer_SetConfig), (170 bytes).
    Removing stm32f4xx_hal_tim.o(i.TIM_TI1_SetConfig), (144 bytes).
    Removing stm32f4xx_hal_tim.o(i.TIM_TI2_SetConfig), (58 bytes).
    Removing stm32f4xx_hal_tim.o(i.TIM_TI3_SetConfig), (56 bytes).
    Removing stm32f4xx_hal_tim.o(i.TIM_TI4_SetConfig), (60 bytes).
    Removing stm32f4xx_hal_tim_ex.o(.rev16_text), (4 bytes).
    Removing stm32f4xx_hal_tim_ex.o(.revsh_text), (4 bytes).
    Removing stm32f4xx_hal_tim_ex.o(.rrx_text), (6 bytes).
    Removing stm32f4xx_hal_tim_ex.o(i.HAL_TIMEx_CommutHalfCpltCallback), (2 bytes).
    Removing stm32f4xx_hal_tim_ex.o(i.HAL_TIMEx_ConfigBreakDeadTime), (116 bytes).
    Removing stm32f4xx_hal_tim_ex.o(i.HAL_TIMEx_ConfigCommutEvent), (134 bytes).
    Removing stm32f4xx_hal_tim_ex.o(i.HAL_TIMEx_ConfigCommutEvent_DMA), (164 bytes).
    Removing stm32f4xx_hal_tim_ex.o(i.HAL_TIMEx_ConfigCommutEvent_IT), (134 bytes).
    Removing stm32f4xx_hal_tim_ex.o(i.HAL_TIMEx_HallSensor_DeInit), (70 bytes).
    Removing stm32f4xx_hal_tim_ex.o(i.HAL_TIMEx_HallSensor_GetState), (8 bytes).
    Removing stm32f4xx_hal_tim_ex.o(i.HAL_TIMEx_HallSensor_Init), (208 bytes).
    Removing stm32f4xx_hal_tim_ex.o(i.HAL_TIMEx_HallSensor_MspDeInit), (2 bytes).
    Removing stm32f4xx_hal_tim_ex.o(i.HAL_TIMEx_HallSensor_MspInit), (2 bytes).
    Removing stm32f4xx_hal_tim_ex.o(i.HAL_TIMEx_HallSensor_Start), (42 bytes).
    Removing stm32f4xx_hal_tim_ex.o(i.HAL_TIMEx_HallSensor_Start_DMA), (144 bytes).
    Removing stm32f4xx_hal_tim_ex.o(i.HAL_TIMEx_HallSensor_Start_IT), (54 bytes).
    Removing stm32f4xx_hal_tim_ex.o(i.HAL_TIMEx_HallSensor_Stop), (56 bytes).
    Removing stm32f4xx_hal_tim_ex.o(i.HAL_TIMEx_HallSensor_Stop_DMA), (74 bytes).
    Removing stm32f4xx_hal_tim_ex.o(i.HAL_TIMEx_HallSensor_Stop_IT), (68 bytes).
    Removing stm32f4xx_hal_tim_ex.o(i.HAL_TIMEx_OCN_Start), (56 bytes).
    Removing stm32f4xx_hal_tim_ex.o(i.HAL_TIMEx_OCN_Start_DMA), (288 bytes).
    Removing stm32f4xx_hal_tim_ex.o(i.HAL_TIMEx_OCN_Start_IT), (126 bytes).
    Removing stm32f4xx_hal_tim_ex.o(i.HAL_TIMEx_OCN_Stop), (96 bytes).
    Removing stm32f4xx_hal_tim_ex.o(i.HAL_TIMEx_OCN_Stop_DMA), (178 bytes).
    Removing stm32f4xx_hal_tim_ex.o(i.HAL_TIMEx_OCN_Stop_IT), (178 bytes).
    Removing stm32f4xx_hal_tim_ex.o(i.HAL_TIMEx_OnePulseN_Start), (32 bytes).
    Removing stm32f4xx_hal_tim_ex.o(i.HAL_TIMEx_OnePulseN_Start_IT), (56 bytes).
    Removing stm32f4xx_hal_tim_ex.o(i.HAL_TIMEx_OnePulseN_Stop), (96 bytes).
    Removing stm32f4xx_hal_tim_ex.o(i.HAL_TIMEx_OnePulseN_Stop_IT), (120 bytes).
    Removing stm32f4xx_hal_tim_ex.o(i.HAL_TIMEx_PWMN_Start), (56 bytes).
    Removing stm32f4xx_hal_tim_ex.o(i.HAL_TIMEx_PWMN_Start_DMA), (288 bytes).
    Removing stm32f4xx_hal_tim_ex.o(i.HAL_TIMEx_PWMN_Start_IT), (126 bytes).
    Removing stm32f4xx_hal_tim_ex.o(i.HAL_TIMEx_PWMN_Stop), (96 bytes).
    Removing stm32f4xx_hal_tim_ex.o(i.HAL_TIMEx_PWMN_Stop_DMA), (178 bytes).
    Removing stm32f4xx_hal_tim_ex.o(i.HAL_TIMEx_PWMN_Stop_IT), (178 bytes).
    Removing stm32f4xx_hal_tim_ex.o(i.HAL_TIMEx_RemapConfig), (42 bytes).
    Removing stm32f4xx_hal_tim_ex.o(i.TIMEx_DMACommutationCplt), (20 bytes).
    Removing stm32f4xx_hal_tim_ex.o(i.TIMEx_DMACommutationHalfCplt), (20 bytes).
    Removing stm32f4xx_hal_tim_ex.o(i.TIM_CCxNChannelCmd), (34 bytes).
    Removing stm32f4xx_hal_spi.o(.rev16_text), (4 bytes).
    Removing stm32f4xx_hal_spi.o(.revsh_text), (4 bytes).
    Removing stm32f4xx_hal_spi.o(.rrx_text), (6 bytes).
    Removing stm32f4xx_hal_spi.o(i.HAL_SPI_Abort), (368 bytes).
    Removing stm32f4xx_hal_spi.o(i.HAL_SPI_AbortCpltCallback), (2 bytes).
    Removing stm32f4xx_hal_spi.o(i.HAL_SPI_Abort_IT), (384 bytes).
    Removing stm32f4xx_hal_spi.o(i.HAL_SPI_DMAPause), (50 bytes).
    Removing stm32f4xx_hal_spi.o(i.HAL_SPI_DMAResume), (50 bytes).
    Removing stm32f4xx_hal_spi.o(i.HAL_SPI_DMAStop), (72 bytes).
    Removing stm32f4xx_hal_spi.o(i.HAL_SPI_DeInit), (54 bytes).
    Removing stm32f4xx_hal_spi.o(i.HAL_SPI_ErrorCallback), (2 bytes).
    Removing stm32f4xx_hal_spi.o(i.HAL_SPI_GetError), (6 bytes).
    Removing stm32f4xx_hal_spi.o(i.HAL_SPI_GetState), (8 bytes).
    Removing stm32f4xx_hal_spi.o(i.HAL_SPI_IRQHandler), (348 bytes).
    Removing stm32f4xx_hal_spi.o(i.HAL_SPI_Init), (160 bytes).
    Removing stm32f4xx_hal_spi.o(i.HAL_SPI_MspDeInit), (2 bytes).
    Removing stm32f4xx_hal_spi.o(i.HAL_SPI_MspInit), (2 bytes).
    Removing stm32f4xx_hal_spi.o(i.HAL_SPI_Receive), (528 bytes).
    Removing stm32f4xx_hal_spi.o(i.HAL_SPI_Receive_DMA), (308 bytes).
    Removing stm32f4xx_hal_spi.o(i.HAL_SPI_Receive_IT), (240 bytes).
    Removing stm32f4xx_hal_spi.o(i.HAL_SPI_RxCpltCallback), (2 bytes).
    Removing stm32f4xx_hal_spi.o(i.HAL_SPI_RxHalfCpltCallback), (2 bytes).
    Removing stm32f4xx_hal_spi.o(i.HAL_SPI_Transmit), (474 bytes).
    Removing stm32f4xx_hal_spi.o(i.HAL_SPI_TransmitReceive), (712 bytes).
    Removing stm32f4xx_hal_spi.o(i.HAL_SPI_TransmitReceive_DMA), (400 bytes).
    Removing stm32f4xx_hal_spi.o(i.HAL_SPI_TransmitReceive_IT), (240 bytes).
    Removing stm32f4xx_hal_spi.o(i.HAL_SPI_Transmit_DMA), (276 bytes).
    Removing stm32f4xx_hal_spi.o(i.HAL_SPI_Transmit_IT), (204 bytes).
    Removing stm32f4xx_hal_spi.o(i.HAL_SPI_TxCpltCallback), (2 bytes).
    Removing stm32f4xx_hal_spi.o(i.HAL_SPI_TxHalfCpltCallback), (2 bytes).
    Removing stm32f4xx_hal_spi.o(i.HAL_SPI_TxRxCpltCallback), (2 bytes).
    Removing stm32f4xx_hal_spi.o(i.HAL_SPI_TxRxHalfCpltCallback), (2 bytes).
    Removing stm32f4xx_hal_spi.o(i.SPI_2linesRxISR_16BIT), (72 bytes).
    Removing stm32f4xx_hal_spi.o(i.SPI_2linesRxISR_16BITCRC), (28 bytes).
    Removing stm32f4xx_hal_spi.o(i.SPI_2linesRxISR_8BIT), (72 bytes).
    Removing stm32f4xx_hal_spi.o(i.SPI_2linesRxISR_8BITCRC), (32 bytes).
    Removing stm32f4xx_hal_spi.o(i.SPI_2linesTxISR_16BIT), (88 bytes).
    Removing stm32f4xx_hal_spi.o(i.SPI_2linesTxISR_8BIT), (88 bytes).
    Removing stm32f4xx_hal_spi.o(i.SPI_AbortRx_ISR), (104 bytes).
    Removing stm32f4xx_hal_spi.o(i.SPI_AbortTx_ISR), (32 bytes).
    Removing stm32f4xx_hal_spi.o(i.SPI_CloseRxTx_ISR), (228 bytes).
    Removing stm32f4xx_hal_spi.o(i.SPI_CloseRx_ISR), (128 bytes).
    Removing stm32f4xx_hal_spi.o(i.SPI_CloseTx_ISR), (160 bytes).
    Removing stm32f4xx_hal_spi.o(i.SPI_DMAAbortOnError), (20 bytes).
    Removing stm32f4xx_hal_spi.o(i.SPI_DMAError), (40 bytes).
    Removing stm32f4xx_hal_spi.o(i.SPI_DMAHalfReceiveCplt), (14 bytes).
    Removing stm32f4xx_hal_spi.o(i.SPI_DMAHalfTransmitCplt), (14 bytes).
    Removing stm32f4xx_hal_spi.o(i.SPI_DMAHalfTransmitReceiveCplt), (14 bytes).
    Removing stm32f4xx_hal_spi.o(i.SPI_DMAReceiveCplt), (162 bytes).
    Removing stm32f4xx_hal_spi.o(i.SPI_DMARxAbortCallback), (144 bytes).
    Removing stm32f4xx_hal_spi.o(i.SPI_DMATransmitCplt), (128 bytes).
    Removing stm32f4xx_hal_spi.o(i.SPI_DMATransmitReceiveCplt), (168 bytes).
    Removing stm32f4xx_hal_spi.o(i.SPI_DMATxAbortCallback), (172 bytes).
    Removing stm32f4xx_hal_spi.o(i.SPI_EndRxTransaction), (148 bytes).
    Removing stm32f4xx_hal_spi.o(i.SPI_EndRxTxTransaction), (108 bytes).
    Removing stm32f4xx_hal_spi.o(i.SPI_RxISR_16BIT), (84 bytes).
    Removing stm32f4xx_hal_spi.o(i.SPI_RxISR_16BITCRC), (28 bytes).
    Removing stm32f4xx_hal_spi.o(i.SPI_RxISR_8BIT), (84 bytes).
    Removing stm32f4xx_hal_spi.o(i.SPI_RxISR_8BITCRC), (16 bytes).
    Removing stm32f4xx_hal_spi.o(i.SPI_TxISR_16BIT), (56 bytes).
    Removing stm32f4xx_hal_spi.o(i.SPI_TxISR_8BIT), (56 bytes).
    Removing stm32f4xx_hal_spi.o(i.SPI_WaitFlagStateUntilTimeout), (168 bytes).
    Removing stm32f4xx_hal_sram.o(.rev16_text), (4 bytes).
    Removing stm32f4xx_hal_sram.o(.revsh_text), (4 bytes).
    Removing stm32f4xx_hal_sram.o(.rrx_text), (6 bytes).
    Removing stm32f4xx_hal_sram.o(i.HAL_SRAM_DMA_XferCpltCallback), (2 bytes).
    Removing stm32f4xx_hal_sram.o(i.HAL_SRAM_DMA_XferErrorCallback), (2 bytes).
    Removing stm32f4xx_hal_sram.o(i.HAL_SRAM_DeInit), (34 bytes).
    Removing stm32f4xx_hal_sram.o(i.HAL_SRAM_GetState), (8 bytes).
    Removing stm32f4xx_hal_sram.o(i.HAL_SRAM_MspDeInit), (2 bytes).
    Removing stm32f4xx_hal_sram.o(i.HAL_SRAM_MspInit), (2 bytes).
    Removing stm32f4xx_hal_sram.o(i.HAL_SRAM_Read_16b), (70 bytes).
    Removing stm32f4xx_hal_sram.o(i.HAL_SRAM_Read_32b), (68 bytes).
    Removing stm32f4xx_hal_sram.o(i.HAL_SRAM_Read_8b), (70 bytes).
    Removing stm32f4xx_hal_sram.o(i.HAL_SRAM_Read_DMA), (96 bytes).
    Removing stm32f4xx_hal_sram.o(i.HAL_SRAM_WriteOperation_Disable), (60 bytes).
    Removing stm32f4xx_hal_sram.o(i.HAL_SRAM_WriteOperation_Enable), (54 bytes).
    Removing stm32f4xx_hal_sram.o(i.HAL_SRAM_Write_16b), (82 bytes).
    Removing stm32f4xx_hal_sram.o(i.HAL_SRAM_Write_32b), (80 bytes).
    Removing stm32f4xx_hal_sram.o(i.HAL_SRAM_Write_8b), (82 bytes).
    Removing stm32f4xx_hal_sram.o(i.HAL_SRAM_Write_DMA), (108 bytes).
    Removing stm32f4xx_ll_fsmc.o(.rev16_text), (4 bytes).
    Removing stm32f4xx_ll_fsmc.o(.revsh_text), (4 bytes).
    Removing stm32f4xx_ll_fsmc.o(.rrx_text), (6 bytes).
    Removing stm32f4xx_ll_fsmc.o(i.FSMC_NAND_AttributeSpace_Timing_Init), (54 bytes).
    Removing stm32f4xx_ll_fsmc.o(i.FSMC_NAND_CommonSpace_Timing_Init), (54 bytes).
    Removing stm32f4xx_ll_fsmc.o(i.FSMC_NAND_DeInit), (66 bytes).
    Removing stm32f4xx_ll_fsmc.o(i.FSMC_NAND_ECC_Disable), (28 bytes).
    Removing stm32f4xx_ll_fsmc.o(i.FSMC_NAND_ECC_Enable), (28 bytes).
    Removing stm32f4xx_ll_fsmc.o(i.FSMC_NAND_GetECC), (88 bytes).
    Removing stm32f4xx_ll_fsmc.o(i.FSMC_NAND_Init), (76 bytes).
    Removing stm32f4xx_ll_fsmc.o(i.FSMC_NORSRAM_DeInit), (56 bytes).
    Removing stm32f4xx_ll_fsmc.o(i.FSMC_NORSRAM_WriteOperation_Disable), (18 bytes).
    Removing stm32f4xx_ll_fsmc.o(i.FSMC_NORSRAM_WriteOperation_Enable), (18 bytes).
    Removing stm32f4xx_ll_fsmc.o(i.FSMC_PCCARD_AttributeSpace_Timing_Init), (38 bytes).
    Removing stm32f4xx_ll_fsmc.o(i.FSMC_PCCARD_CommonSpace_Timing_Init), (38 bytes).
    Removing stm32f4xx_ll_fsmc.o(i.FSMC_PCCARD_DeInit), (32 bytes).
    Removing stm32f4xx_ll_fsmc.o(i.FSMC_PCCARD_IOSpace_Timing_Init), (38 bytes).
    Removing stm32f4xx_ll_fsmc.o(i.FSMC_PCCARD_Init), (44 bytes).
    Removing stm32f4xx_hal_adc.o(.rev16_text), (4 bytes).
    Removing stm32f4xx_hal_adc.o(.revsh_text), (4 bytes).
    Removing stm32f4xx_hal_adc.o(.rrx_text), (6 bytes).
    Removing stm32f4xx_hal_adc.o(i.HAL_ADC_AnalogWDGConfig), (136 bytes).
    Removing stm32f4xx_hal_adc.o(i.HAL_ADC_DeInit), (68 bytes).
    Removing stm32f4xx_hal_adc.o(i.HAL_ADC_GetError), (6 bytes).
    Removing stm32f4xx_hal_adc.o(i.HAL_ADC_GetState), (6 bytes).
    Removing stm32f4xx_hal_adc.o(i.HAL_ADC_GetValue), (8 bytes).
    Removing stm32f4xx_hal_adc.o(i.HAL_ADC_IRQHandler), (372 bytes).
    Removing stm32f4xx_hal_adc.o(i.HAL_ADC_LevelOutOfWindowCallback), (2 bytes).
    Removing stm32f4xx_hal_adc.o(i.HAL_ADC_MspDeInit), (2 bytes).
    Removing stm32f4xx_hal_adc.o(i.HAL_ADC_MspInit), (2 bytes).
    Removing stm32f4xx_hal_adc.o(i.HAL_ADC_PollForConversion), (194 bytes).
    Removing stm32f4xx_hal_adc.o(i.HAL_ADC_PollForEvent), (118 bytes).
    Removing stm32f4xx_hal_adc.o(i.HAL_ADC_Start), (316 bytes).
    Removing stm32f4xx_hal_adc.o(i.HAL_ADC_Start_IT), (332 bytes).
    Removing stm32f4xx_hal_adc.o(i.HAL_ADC_Stop), (72 bytes).
    Removing stm32f4xx_hal_adc.o(i.HAL_ADC_Stop_IT), (88 bytes).
    Removing stm32f4xx_hal_adc_ex.o(.rev16_text), (4 bytes).
    Removing stm32f4xx_hal_adc_ex.o(.revsh_text), (4 bytes).
    Removing stm32f4xx_hal_adc_ex.o(.rrx_text), (6 bytes).
    Removing stm32f4xx_hal_adc_ex.o(i.ADC_MultiModeDMAConvCplt), (110 bytes).
    Removing stm32f4xx_hal_adc_ex.o(i.ADC_MultiModeDMAError), (26 bytes).
    Removing stm32f4xx_hal_adc_ex.o(i.ADC_MultiModeDMAHalfConvCplt), (14 bytes).
    Removing stm32f4xx_hal_adc_ex.o(i.HAL_ADCEx_InjectedConfigChannel), (552 bytes).
    Removing stm32f4xx_hal_adc_ex.o(i.HAL_ADCEx_InjectedConvCpltCallback), (2 bytes).
    Removing stm32f4xx_hal_adc_ex.o(i.HAL_ADCEx_InjectedGetValue), (70 bytes).
    Removing stm32f4xx_hal_adc_ex.o(i.HAL_ADCEx_InjectedPollForConversion), (160 bytes).
    Removing stm32f4xx_hal_adc_ex.o(i.HAL_ADCEx_InjectedStart), (268 bytes).
    Removing stm32f4xx_hal_adc_ex.o(i.HAL_ADCEx_InjectedStart_IT), (280 bytes).
    Removing stm32f4xx_hal_adc_ex.o(i.HAL_ADCEx_InjectedStop), (104 bytes).
    Removing stm32f4xx_hal_adc_ex.o(i.HAL_ADCEx_InjectedStop_IT), (116 bytes).
    Removing stm32f4xx_hal_adc_ex.o(i.HAL_ADCEx_MultiModeConfigChannel), (96 bytes).
    Removing stm32f4xx_hal_adc_ex.o(i.HAL_ADCEx_MultiModeGetValue), (12 bytes).
    Removing stm32f4xx_hal_adc_ex.o(i.HAL_ADCEx_MultiModeStart_DMA), (300 bytes).
    Removing stm32f4xx_hal_adc_ex.o(i.HAL_ADCEx_MultiModeStop_DMA), (112 bytes).
    Removing stm32f4xx_hal_dac.o(.rev16_text), (4 bytes).
    Removing stm32f4xx_hal_dac.o(.revsh_text), (4 bytes).
    Removing stm32f4xx_hal_dac.o(.rrx_text), (6 bytes).
    Removing stm32f4xx_hal_dac.o(i.DAC_DMAConvCpltCh1), (18 bytes).
    Removing stm32f4xx_hal_dac.o(i.DAC_DMAErrorCh1), (26 bytes).
    Removing stm32f4xx_hal_dac.o(i.DAC_DMAHalfConvCpltCh1), (14 bytes).
    Removing stm32f4xx_hal_dac.o(i.HAL_DAC_ConfigChannel), (90 bytes).
    Removing stm32f4xx_hal_dac.o(i.HAL_DAC_ConvCpltCallbackCh1), (2 bytes).
    Removing stm32f4xx_hal_dac.o(i.HAL_DAC_ConvHalfCpltCallbackCh1), (2 bytes).
    Removing stm32f4xx_hal_dac.o(i.HAL_DAC_DMAUnderrunCallbackCh1), (2 bytes).
    Removing stm32f4xx_hal_dac.o(i.HAL_DAC_DeInit), (36 bytes).
    Removing stm32f4xx_hal_dac.o(i.HAL_DAC_ErrorCallbackCh1), (2 bytes).
    Removing stm32f4xx_hal_dac.o(i.HAL_DAC_GetError), (6 bytes).
    Removing stm32f4xx_hal_dac.o(i.HAL_DAC_GetState), (6 bytes).
    Removing stm32f4xx_hal_dac.o(i.HAL_DAC_GetValue), (16 bytes).
    Removing stm32f4xx_hal_dac.o(i.HAL_DAC_IRQHandler), (110 bytes).
    Removing stm32f4xx_hal_dac.o(i.HAL_DAC_Init), (40 bytes).
    Removing stm32f4xx_hal_dac.o(i.HAL_DAC_MspDeInit), (2 bytes).
    Removing stm32f4xx_hal_dac.o(i.HAL_DAC_MspInit), (2 bytes).
    Removing stm32f4xx_hal_dac.o(i.HAL_DAC_SetValue), (44 bytes).
    Removing stm32f4xx_hal_dac.o(i.HAL_DAC_Start), (140 bytes).
    Removing stm32f4xx_hal_dac.o(i.HAL_DAC_Start_DMA), (288 bytes).
    Removing stm32f4xx_hal_dac.o(i.HAL_DAC_Stop), (24 bytes).
    Removing stm32f4xx_hal_dac.o(i.HAL_DAC_Stop_DMA), (74 bytes).
    Removing stm32f4xx_hal_dac_ex.o(.rev16_text), (4 bytes).
    Removing stm32f4xx_hal_dac_ex.o(.revsh_text), (4 bytes).
    Removing stm32f4xx_hal_dac_ex.o(.rrx_text), (6 bytes).
    Removing stm32f4xx_hal_dac_ex.o(i.DAC_DMAConvCpltCh2), (18 bytes).
    Removing stm32f4xx_hal_dac_ex.o(i.DAC_DMAErrorCh2), (26 bytes).
    Removing stm32f4xx_hal_dac_ex.o(i.DAC_DMAHalfConvCpltCh2), (14 bytes).
    Removing stm32f4xx_hal_dac_ex.o(i.HAL_DACEx_ConvCpltCallbackCh2), (2 bytes).
    Removing stm32f4xx_hal_dac_ex.o(i.HAL_DACEx_ConvHalfCpltCallbackCh2), (2 bytes).
    Removing stm32f4xx_hal_dac_ex.o(i.HAL_DACEx_DMAUnderrunCallbackCh2), (2 bytes).
    Removing stm32f4xx_hal_dac_ex.o(i.HAL_DACEx_DualGetValue), (20 bytes).
    Removing stm32f4xx_hal_dac_ex.o(i.HAL_DACEx_DualSetValue), (36 bytes).
    Removing stm32f4xx_hal_dac_ex.o(i.HAL_DACEx_ErrorCallbackCh2), (2 bytes).
    Removing stm32f4xx_hal_dac_ex.o(i.HAL_DACEx_NoiseWaveGenerate), (66 bytes).
    Removing stm32f4xx_hal_dac_ex.o(i.HAL_DACEx_TriangleWaveGenerate), (66 bytes).
    Removing delay.o(.rev16_text), (4 bytes).
    Removing delay.o(.revsh_text), (4 bytes).
    Removing delay.o(.rrx_text), (6 bytes).
    Removing sys.o(.rev16_text), (4 bytes).
    Removing sys.o(.revsh_text), (4 bytes).
    Removing sys.o(.rrx_text), (6 bytes).
    Removing sys.o(.emb_text), (16 bytes).
    Removing usart.o(.rev16_text), (4 bytes).
    Removing usart.o(.revsh_text), (4 bytes).
    Removing usart.o(.rrx_text), (6 bytes).
    Removing bsp.o(.rev16_text), (4 bytes).
    Removing bsp.o(.revsh_text), (4 bytes).
    Removing bsp.o(.rrx_text), (6 bytes).
    Removing bsp.o(i.BSP_CPU_ClkFreq), (12 bytes).
    Removing cpu_bsp.o(.rev16_text), (4 bytes).
    Removing cpu_bsp.o(.revsh_text), (4 bytes).
    Removing cpu_bsp.o(.rrx_text), (6 bytes).
    Removing cpu_bsp.o(i.CPU_TS32_to_uSec), (60 bytes).
    Removing cpu_bsp.o(i.CPU_TS_TmrInit), (52 bytes).
    Removing cpu_bsp.o(i.CPU_TS_TmrRd), (12 bytes).
    Removing cpu_c.o(i.CPU_BitBandClr), (68 bytes).
    Removing cpu_c.o(i.CPU_BitBandSet), (68 bytes).
    Removing cpu_c.o(i.CPU_IntSrcDis), (376 bytes).
    Removing cpu_c.o(i.CPU_IntSrcEn), (376 bytes).
    Removing cpu_c.o(i.CPU_IntSrcPendClr), (172 bytes).
    Removing cpu_c.o(i.CPU_IntSrcPrioGet), (520 bytes).
    Removing cpu_c.o(i.CPU_IntSrcPrioSet), (564 bytes).
    Removing cpu_core.o(i.CPU_CntLeadZeros08), (18 bytes).
    Removing cpu_core.o(i.CPU_CntLeadZeros16), (18 bytes).
    Removing cpu_core.o(i.CPU_CntLeadZeros32), (18 bytes).
    Removing cpu_core.o(i.CPU_CntLeadZeros64), (192 bytes).
    Removing cpu_core.o(i.CPU_CntTrailZeros08), (22 bytes).
    Removing cpu_core.o(i.CPU_CntTrailZeros16), (22 bytes).
    Removing cpu_core.o(i.CPU_CntTrailZeros32), (22 bytes).
    Removing cpu_core.o(i.CPU_CntTrailZeros64), (62 bytes).
    Removing cpu_core.o(i.CPU_Init), (16 bytes).
    Removing cpu_core.o(i.CPU_IntDisMeasInit), (132 bytes).
    Removing cpu_core.o(i.CPU_IntDisMeasMaxCalc), (28 bytes).
    Removing cpu_core.o(i.CPU_IntDisMeasMaxCurGet), (44 bytes).
    Removing cpu_core.o(i.CPU_IntDisMeasMaxCurReset), (44 bytes).
    Removing cpu_core.o(i.CPU_IntDisMeasMaxGet), (44 bytes).
    Removing cpu_core.o(i.CPU_IntDisMeasStart), (52 bytes).
    Removing cpu_core.o(i.CPU_IntDisMeasStop), (84 bytes).
    Removing cpu_core.o(i.CPU_NameClr), (56 bytes).
    Removing cpu_core.o(i.CPU_NameGet), (84 bytes).
    Removing cpu_core.o(i.CPU_NameInit), (8 bytes).
    Removing cpu_core.o(i.CPU_NameSet), (108 bytes).
    Removing cpu_core.o(i.CPU_PopCnt32), (56 bytes).
    Removing cpu_core.o(i.CPU_SW_Exception), (4 bytes).
    Removing cpu_core.o(i.CPU_TS_Get32), (12 bytes).
    Removing cpu_core.o(i.CPU_TS_Init), (20 bytes).
    Removing cpu_core.o(i.CPU_TS_TmrFreqGet), (36 bytes).
    Removing cpu_core.o(i.CPU_TS_TmrFreqSet), (12 bytes).
    Removing cpu_core.o(i.CPU_TS_Update), (2 bytes).
    Removing cpu_core.o(.bss), (16 bytes).
    Removing cpu_core.o(.constdata), (260 bytes).
    Removing cpu_core.o(.data), (28 bytes).
    Removing cpu_a.o(.text), (52 bytes).
    Removing lib_ascii.o(i.ASCII_Cmp), (38 bytes).
    Removing lib_ascii.o(i.ASCII_IsAlpha), (48 bytes).
    Removing lib_ascii.o(i.ASCII_IsAlphaNum), (76 bytes).
    Removing lib_ascii.o(i.ASCII_IsBlank), (20 bytes).
    Removing lib_ascii.o(i.ASCII_IsCtrl), (26 bytes).
    Removing lib_ascii.o(i.ASCII_IsDig), (20 bytes).
    Removing lib_ascii.o(i.ASCII_IsDigHex), (36 bytes).
    Removing lib_ascii.o(i.ASCII_IsDigOct), (20 bytes).
    Removing lib_ascii.o(i.ASCII_IsGraph), (20 bytes).
    Removing lib_ascii.o(i.ASCII_IsLower), (20 bytes).
    Removing lib_ascii.o(i.ASCII_IsPrint), (20 bytes).
    Removing lib_ascii.o(i.ASCII_IsPunct), (134 bytes).
    Removing lib_ascii.o(i.ASCII_IsSpace), (36 bytes).
    Removing lib_ascii.o(i.ASCII_IsUpper), (20 bytes).
    Removing lib_ascii.o(i.ASCII_ToLower), (32 bytes).
    Removing lib_ascii.o(i.ASCII_ToUpper), (32 bytes).
    Removing lib_math.o(i.Math_Init), (10 bytes).
    Removing lib_math.o(i.Math_Rand), (64 bytes).
    Removing lib_math.o(i.Math_RandSeed), (24 bytes).
    Removing lib_math.o(i.Math_RandSetSeed), (52 bytes).
    Removing lib_math.o(.data), (4 bytes).
    Removing lib_mem.o(i.Mem_Clr), (18 bytes).
    Removing lib_mem.o(i.Mem_Cmp), (192 bytes).
    Removing lib_mem.o(i.Mem_DynPoolBlkFree), (142 bytes).
    Removing lib_mem.o(i.Mem_DynPoolBlkGet), (210 bytes).
    Removing lib_mem.o(i.Mem_DynPoolBlkNbrAvailGet), (78 bytes).
    Removing lib_mem.o(i.Mem_DynPoolCreate), (64 bytes).
    Removing lib_mem.o(i.Mem_DynPoolCreateHW), (64 bytes).
    Removing lib_mem.o(i.Mem_DynPoolCreateInternal), (210 bytes).
    Removing lib_mem.o(i.Mem_HeapAlloc), (60 bytes).
    Removing lib_mem.o(i.Mem_HeapGetSizeRem), (44 bytes).
    Removing lib_mem.o(i.Mem_Init), (72 bytes).
    Removing lib_mem.o(i.Mem_Move), (186 bytes).
    Removing lib_mem.o(i.Mem_PoolBlkFree), (108 bytes).
    Removing lib_mem.o(i.Mem_PoolBlkGet), (100 bytes).
    Removing lib_mem.o(i.Mem_PoolBlkGetNbrAvail), (60 bytes).
    Removing lib_mem.o(i.Mem_PoolClr), (22 bytes).
    Removing lib_mem.o(i.Mem_PoolCreate), (440 bytes).
    Removing lib_mem.o(i.Mem_SegAlloc), (52 bytes).
    Removing lib_mem.o(i.Mem_SegAllocExt), (52 bytes).
    Removing lib_mem.o(i.Mem_SegAllocExtCritical), (164 bytes).
    Removing lib_mem.o(i.Mem_SegAllocHW), (52 bytes).
    Removing lib_mem.o(i.Mem_SegAllocInternal), (112 bytes).
    Removing lib_mem.o(i.Mem_SegClr), (56 bytes).
    Removing lib_mem.o(i.Mem_SegCreate), (82 bytes).
    Removing lib_mem.o(i.Mem_SegCreateCritical), (32 bytes).
    Removing lib_mem.o(i.Mem_SegOverlapChkCritical), (88 bytes).
    Removing lib_mem.o(i.Mem_SegRemSizeGet), (132 bytes).
    Removing lib_mem.o(i.Mem_Set), (84 bytes).
    Removing lib_mem.o(.bss), (1044 bytes).
    Removing lib_mem.o(.data), (4 bytes).
    Removing lib_str.o(i.Str_Cat), (24 bytes).
    Removing lib_str.o(i.Str_Cat_N), (90 bytes).
    Removing lib_str.o(i.Str_Char), (24 bytes).
    Removing lib_str.o(i.Str_Char_Last), (24 bytes).
    Removing lib_str.o(i.Str_Char_Last_N), (76 bytes).
    Removing lib_str.o(i.Str_Char_N), (74 bytes).
    Removing lib_str.o(i.Str_Char_Replace), (28 bytes).
    Removing lib_str.o(i.Str_Char_Replace_N), (52 bytes).
    Removing lib_str.o(i.Str_Cmp), (24 bytes).
    Removing lib_str.o(i.Str_CmpIgnoreCase), (24 bytes).
    Removing lib_str.o(i.Str_CmpIgnoreCase_N), (264 bytes).
    Removing lib_str.o(i.Str_Cmp_N), (156 bytes).
    Removing lib_str.o(i.Str_Copy), (24 bytes).
    Removing lib_str.o(i.Str_Copy_N), (70 bytes).
    Removing lib_str.o(i.Str_FmtNbr_Int32), (474 bytes).
    Removing lib_str.o(i.Str_FmtNbr_Int32S), (62 bytes).
    Removing lib_str.o(i.Str_FmtNbr_Int32U), (46 bytes).
    Removing lib_str.o(i.Str_Len), (20 bytes).
    Removing lib_str.o(i.Str_Len_N), (28 bytes).
    Removing lib_str.o(i.Str_ParseNbr_Int32), (452 bytes).
    Removing lib_str.o(i.Str_ParseNbr_Int32S), (74 bytes).
    Removing lib_str.o(i.Str_ParseNbr_Int32U), (30 bytes).
    Removing lib_str.o(i.Str_Str), (24 bytes).
    Removing lib_str.o(i.Str_Str_N), (182 bytes).
    Removing lib_str.o(.constdata), (148 bytes).
    Removing lib_mem_a.o(.text), (544 bytes).
    Removing os_core.o(i.OSEventNameGet), (104 bytes).
    Removing os_core.o(i.OSEventNameSet), (88 bytes).
    Removing os_core.o(i.OSEventPendMulti), (660 bytes).
    Removing os_core.o(i.OSVersion), (6 bytes).
    Removing os_core.o(i.OS_EventTaskRdy), (144 bytes).
    Removing os_core.o(i.OS_EventTaskWait), (124 bytes).
    Removing os_core.o(i.OS_EventTaskWaitMulti), (148 bytes).
    Removing os_core.o(i.OS_EventWaitListInit), (28 bytes).
    Removing os_core.o(i.OS_MemCopy), (20 bytes).
    Removing os_core.o(i.OS_StrLen), (20 bytes).
    Removing os_flag.o(i.OSFlagAccept), (252 bytes).
    Removing os_flag.o(i.OSFlagCreate), (100 bytes).
    Removing os_flag.o(i.OSFlagDel), (228 bytes).
    Removing os_flag.o(i.OSFlagNameGet), (84 bytes).
    Removing os_flag.o(i.OSFlagNameSet), (72 bytes).
    Removing os_flag.o(i.OSFlagPend), (596 bytes).
    Removing os_flag.o(i.OSFlagPendGetFlagsRdy), (32 bytes).
    Removing os_flag.o(i.OSFlagPost), (320 bytes).
    Removing os_flag.o(i.OSFlagQuery), (48 bytes).
    Removing os_flag.o(i.OS_FlagBlock), (164 bytes).
    Removing os_flag.o(i.OS_FlagTaskRdy), (96 bytes).
    Removing os_mbox.o(i.OSMboxAccept), (38 bytes).
    Removing os_mbox.o(i.OSMboxCreate), (84 bytes).
    Removing os_mbox.o(i.OSMboxDel), (224 bytes).
    Removing os_mbox.o(i.OSMboxPend), (264 bytes).
    Removing os_mbox.o(i.OSMboxPendAbort), (128 bytes).
    Removing os_mbox.o(i.OSMboxPost), (80 bytes).
    Removing os_mbox.o(i.OSMboxPostOpt), (120 bytes).
    Removing os_mbox.o(i.OSMboxQuery), (76 bytes).
    Removing os_mutex.o(i.OSMutexAccept), (148 bytes).
    Removing os_mutex.o(i.OSMutexCreate), (164 bytes).
    Removing os_mutex.o(i.OSMutexDel), (308 bytes).
    Removing os_mutex.o(i.OSMutexPend), (588 bytes).
    Removing os_mutex.o(i.OSMutexPost), (208 bytes).
    Removing os_mutex.o(i.OSMutexQuery), (112 bytes).
    Removing os_mutex.o(i.OSMutex_RdyAtPrio), (132 bytes).
    Removing os_q.o(i.OSQAccept), (88 bytes).
    Removing os_q.o(i.OSQCreate), (160 bytes).
    Removing os_q.o(i.OSQDel), (260 bytes).
    Removing os_q.o(i.OSQFlush), (36 bytes).
    Removing os_q.o(i.OSQPend), (292 bytes).
    Removing os_q.o(i.OSQPendAbort), (128 bytes).
    Removing os_q.o(i.OSQPost), (114 bytes).
    Removing os_q.o(i.OSQPostFront), (116 bytes).
    Removing os_q.o(i.OSQPostOpt), (182 bytes).
    Removing os_q.o(i.OSQQuery), (98 bytes).
    Removing os_sem.o(i.OSSemAccept), (42 bytes).
    Removing os_sem.o(i.OSSemCreate), (84 bytes).
    Removing os_sem.o(i.OSSemDel), (224 bytes).
    Removing os_sem.o(i.OSSemPend), (240 bytes).
    Removing os_sem.o(i.OSSemPendAbort), (128 bytes).
    Removing os_sem.o(i.OSSemPost), (88 bytes).
    Removing os_sem.o(i.OSSemQuery), (76 bytes).
    Removing os_sem.o(i.OSSemSet), (66 bytes).
    Removing os_task.o(i.OSTaskChangePrio), (416 bytes).
    Removing os_task.o(i.OSTaskCreate), (160 bytes).
    Removing os_task.o(i.OSTaskDelReq), (108 bytes).
    Removing os_task.o(i.OSTaskNameGet), (128 bytes).
    Removing os_task.o(i.OSTaskQuery), (92 bytes).
    Removing os_task.o(i.OSTaskRegGet), (68 bytes).
    Removing os_task.o(i.OSTaskRegGetID), (64 bytes).
    Removing os_task.o(i.OSTaskRegSet), (72 bytes).
    Removing os_time.o(i.OSTimeDlyHMSM), (96 bytes).
    Removing os_time.o(i.OSTimeDlyResume), (180 bytes).
    Removing os_time.o(i.OSTimeGet), (28 bytes).
    Removing os_time.o(i.OSTimeSet), (28 bytes).
    Removing os_cpu_c.o(.rev16_text), (4 bytes).
    Removing os_cpu_c.o(.revsh_text), (4 bytes).
    Removing os_cpu_c.o(.rrx_text), (6 bytes).
    Removing os_cpu_c.o(i.OS_CPU_SysTickHandler), (40 bytes).
    Removing os_cpu_c.o(i.OS_CPU_SysTickInit), (48 bytes).
    Removing app_hooks.o(.rev16_text), (4 bytes).
    Removing app_hooks.o(.revsh_text), (4 bytes).
    Removing app_hooks.o(.rrx_text), (6 bytes).
    Removing AD9959.o(.rev16_text), (4 bytes).
    Removing AD9959.o(.revsh_text), (4 bytes).
    Removing AD9959.o(.rrx_text), (6 bytes).
    Removing AD9959.o(i.Get_Amp), (22 bytes).
    Removing AD9959.o(i.Get_Freq), (84 bytes).
    Removing AD9959.o(i.ReadData_AD9959), (340 bytes).
    Removing AD9959.o(i.SET_2ASK), (164 bytes).
    Removing AD9959.o(i.SET_2FSK), (104 bytes).
    Removing AD9959.o(i.Stop_AD9959), (40 bytes).
    Removing AD9959.o(i.Sweep_Frequency), (580 bytes).
    Removing led.o(.rev16_text), (4 bytes).
    Removing led.o(.revsh_text), (4 bytes).
    Removing led.o(.rrx_text), (6 bytes).
    Removing led.o(i.LED_Init), (92 bytes).
    Removing lcd.o(.rev16_text), (4 bytes).
    Removing lcd.o(.revsh_text), (4 bytes).
    Removing lcd.o(.rrx_text), (6 bytes).
    Removing lcd.o(i.LCD_BGR2RGB), (26 bytes).
    Removing lcd.o(i.LCD_Color_Fill), (96 bytes).
    Removing lcd.o(i.LCD_DisplayOff), (36 bytes).
    Removing lcd.o(i.LCD_DisplayOn), (36 bytes).
    Removing lcd.o(i.LCD_DrawRectangle), (60 bytes).
    Removing lcd.o(i.LCD_ReadPoint), (148 bytes).
    Removing lcd.o(i.LCD_ReadReg), (22 bytes).
    Removing lcd.o(i.LCD_Set_Window), (368 bytes).
    Removing lcd.o(i.LCD_WriteRAM), (12 bytes).
    Removing lcd.o(i.opt_delay), (14 bytes).
    Removing key.o(.rev16_text), (4 bytes).
    Removing key.o(.revsh_text), (4 bytes).
    Removing key.o(.rrx_text), (6 bytes).
    Removing 24cxx.o(.rev16_text), (4 bytes).
    Removing 24cxx.o(.revsh_text), (4 bytes).
    Removing 24cxx.o(.rrx_text), (6 bytes).
    Removing 24cxx.o(i.AT24CXX_Check), (46 bytes).
    Removing 24cxx.o(i.AT24CXX_Read), (34 bytes).
    Removing 24cxx.o(i.AT24CXX_Write), (36 bytes).
    Removing myiic.o(.rev16_text), (4 bytes).
    Removing myiic.o(.revsh_text), (4 bytes).
    Removing myiic.o(.rrx_text), (6 bytes).
    Removing ctiic.o(.rev16_text), (4 bytes).
    Removing ctiic.o(.revsh_text), (4 bytes).
    Removing ctiic.o(.rrx_text), (6 bytes).
    Removing ft5206.o(.rev16_text), (4 bytes).
    Removing ft5206.o(.revsh_text), (4 bytes).
    Removing ft5206.o(.rrx_text), (6 bytes).
    Removing gt9147.o(.rev16_text), (4 bytes).
    Removing gt9147.o(.revsh_text), (4 bytes).
    Removing gt9147.o(.rrx_text), (6 bytes).
    Removing ott2001a.o(.rev16_text), (4 bytes).
    Removing ott2001a.o(.revsh_text), (4 bytes).
    Removing ott2001a.o(.rrx_text), (6 bytes).
    Removing touch.o(.rev16_text), (4 bytes).
    Removing touch.o(.revsh_text), (4 bytes).
    Removing touch.o(.rrx_text), (6 bytes).
    Removing touch.o(i.TP_Draw_Big_Point), (60 bytes).
    Removing adc.o(.rev16_text), (4 bytes).
    Removing adc.o(.revsh_text), (4 bytes).
    Removing adc.o(.rrx_text), (6 bytes).
    Removing adc.o(i.Get_Adc), (56 bytes).
    Removing adc.o(i.Get_Adc_Average), (46 bytes).
    Removing timer.o(.rev16_text), (4 bytes).
    Removing timer.o(.revsh_text), (4 bytes).
    Removing timer.o(.rrx_text), (6 bytes).
    Removing switch.o(.rev16_text), (4 bytes).
    Removing switch.o(.revsh_text), (4 bytes).
    Removing switch.o(.rrx_text), (6 bytes).
    Removing switch.o(i.CheckSwitchState), (38 bytes).

803 unused section(s) (total 69336 bytes) removed from the image.

==============================================================================

Memory Map of the image

  Image Entry point : 0x0800027d

  Load Region LR_IROM1 (Base: 0x08000000, Size: 0x0001308c, Max: 0x00100000, ABSOLUTE, COMPRESSED[0x00012f3c])

    Execution Region ER_IROM1 (Base: 0x08000000, Size: 0x00012ec0, Max: 0x00100000, ABSOLUTE)

    Base Addr    Size         Type   Attr      Idx    E Section Name        Object

    0x08000000   0x00000188   Data   RO          759    RESET               startup_stm32f407xx.o
    0x08000188   0x00000008   Code   RO         7305  * !!!main             c_w.l(__main.o)
    0x08000190   0x00000034   Code   RO         7569    !!!scatter          c_w.l(__scatter.o)
    0x080001c4   0x0000005a   Code   RO         7567    !!dczerorl2         c_w.l(__dczerorl2.o)
    0x0800021e   0x00000002   PAD
    0x08000220   0x0000001c   Code   RO         7571    !!handler_zi        c_w.l(__scatter_zi.o)
    0x0800023c   0x00000000   Code   RO         7298    .ARM.Collect$$_printf_percent$$00000000  c_w.l(_printf_percent.o)
    0x0800023c   0x00000006   Code   RO         7297    .ARM.Collect$$_printf_percent$$00000009  c_w.l(_printf_d.o)
    0x08000242   0x00000006   Code   RO         7296    .ARM.Collect$$_printf_percent$$0000000C  c_w.l(_printf_x.o)
    0x08000248   0x00000006   Code   RO         7295    .ARM.Collect$$_printf_percent$$00000014  c_w.l(_printf_s.o)
    0x0800024e   0x00000004   Code   RO         7378    .ARM.Collect$$_printf_percent$$00000017  c_w.l(_printf_percent_end.o)
    0x08000252   0x00000002   Code   RO         7433    .ARM.Collect$$libinit$$00000000  c_w.l(libinit.o)
    0x08000254   0x00000000   Code   RO         7448    .ARM.Collect$$libinit$$00000002  c_w.l(libinit2.o)
    0x08000254   0x00000000   Code   RO         7450    .ARM.Collect$$libinit$$00000004  c_w.l(libinit2.o)
    0x08000254   0x00000000   Code   RO         7453    .ARM.Collect$$libinit$$0000000A  c_w.l(libinit2.o)
    0x08000254   0x00000000   Code   RO         7455    .ARM.Collect$$libinit$$0000000C  c_w.l(libinit2.o)
    0x08000254   0x00000000   Code   RO         7457    .ARM.Collect$$libinit$$0000000E  c_w.l(libinit2.o)
    0x08000254   0x00000000   Code   RO         7460    .ARM.Collect$$libinit$$00000011  c_w.l(libinit2.o)
    0x08000254   0x00000000   Code   RO         7462    .ARM.Collect$$libinit$$00000013  c_w.l(libinit2.o)
    0x08000254   0x00000000   Code   RO         7464    .ARM.Collect$$libinit$$00000015  c_w.l(libinit2.o)
    0x08000254   0x00000000   Code   RO         7466    .ARM.Collect$$libinit$$00000017  c_w.l(libinit2.o)
    0x08000254   0x00000000   Code   RO         7468    .ARM.Collect$$libinit$$00000019  c_w.l(libinit2.o)
    0x08000254   0x00000000   Code   RO         7470    .ARM.Collect$$libinit$$0000001B  c_w.l(libinit2.o)
    0x08000254   0x00000000   Code   RO         7472    .ARM.Collect$$libinit$$0000001D  c_w.l(libinit2.o)
    0x08000254   0x00000000   Code   RO         7474    .ARM.Collect$$libinit$$0000001F  c_w.l(libinit2.o)
    0x08000254   0x00000000   Code   RO         7476    .ARM.Collect$$libinit$$00000021  c_w.l(libinit2.o)
    0x08000254   0x00000000   Code   RO         7478    .ARM.Collect$$libinit$$00000023  c_w.l(libinit2.o)
    0x08000254   0x00000000   Code   RO         7480    .ARM.Collect$$libinit$$00000025  c_w.l(libinit2.o)
    0x08000254   0x00000000   Code   RO         7484    .ARM.Collect$$libinit$$0000002C  c_w.l(libinit2.o)
    0x08000254   0x00000000   Code   RO         7486    .ARM.Collect$$libinit$$0000002E  c_w.l(libinit2.o)
    0x08000254   0x00000000   Code   RO         7488    .ARM.Collect$$libinit$$00000030  c_w.l(libinit2.o)
    0x08000254   0x00000000   Code   RO         7490    .ARM.Collect$$libinit$$00000032  c_w.l(libinit2.o)
    0x08000254   0x00000002   Code   RO         7491    .ARM.Collect$$libinit$$00000033  c_w.l(libinit2.o)
    0x08000256   0x00000002   Code   RO         7522    .ARM.Collect$$libshutdown$$00000000  c_w.l(libshutdown.o)
    0x08000258   0x00000000   Code   RO         7548    .ARM.Collect$$libshutdown$$00000002  c_w.l(libshutdown2.o)
    0x08000258   0x00000000   Code   RO         7550    .ARM.Collect$$libshutdown$$00000004  c_w.l(libshutdown2.o)
    0x08000258   0x00000000   Code   RO         7552    .ARM.Collect$$libshutdown$$00000006  c_w.l(libshutdown2.o)
    0x08000258   0x00000000   Code   RO         7555    .ARM.Collect$$libshutdown$$00000009  c_w.l(libshutdown2.o)
    0x08000258   0x00000000   Code   RO         7558    .ARM.Collect$$libshutdown$$0000000C  c_w.l(libshutdown2.o)
    0x08000258   0x00000000   Code   RO         7560    .ARM.Collect$$libshutdown$$0000000E  c_w.l(libshutdown2.o)
    0x08000258   0x00000000   Code   RO         7563    .ARM.Collect$$libshutdown$$00000011  c_w.l(libshutdown2.o)
    0x08000258   0x00000002   Code   RO         7564    .ARM.Collect$$libshutdown$$00000012  c_w.l(libshutdown2.o)
    0x0800025a   0x00000000   Code   RO         7367    .ARM.Collect$$rtentry$$00000000  c_w.l(__rtentry.o)
    0x0800025a   0x00000000   Code   RO         7391    .ARM.Collect$$rtentry$$00000002  c_w.l(__rtentry2.o)
    0x0800025a   0x00000004   Code   RO         7405    .ARM.Collect$$rtentry$$00000005  c_w.l(__rtentry5.o)
    0x0800025e   0x00000000   Code   RO         7393    .ARM.Collect$$rtentry$$00000009  c_w.l(__rtentry2.o)
    0x0800025e   0x00000004   Code   RO         7394    .ARM.Collect$$rtentry$$0000000A  c_w.l(__rtentry2.o)
    0x08000262   0x00000000   Code   RO         7396    .ARM.Collect$$rtentry$$0000000C  c_w.l(__rtentry2.o)
    0x08000262   0x00000008   Code   RO         7397    .ARM.Collect$$rtentry$$0000000D  c_w.l(__rtentry2.o)
    0x0800026a   0x00000002   PAD
    0x0800026c   0x00000004   Code   RO         7406    .ARM.Collect$$rtentry$$00002716  c_w.l(__rtentry5.o)
    0x08000270   0x00000002   Code   RO         7439    .ARM.Collect$$rtexit$$00000000  c_w.l(rtexit.o)
    0x08000272   0x00000000   Code   RO         7498    .ARM.Collect$$rtexit$$00000002  c_w.l(rtexit2.o)
    0x08000272   0x00000004   Code   RO         7499    .ARM.Collect$$rtexit$$00000003  c_w.l(rtexit2.o)
    0x08000276   0x00000006   Code   RO         7500    .ARM.Collect$$rtexit$$00000004  c_w.l(rtexit2.o)
    0x0800027c   0x00000024   Code   RO          760  * .text               startup_stm32f407xx.o
    0x080002a0   0x000000b0   Code   RO         6006    .text               os_cpu_a.o
    0x08000350   0x00000002   Code   RO         7240    .text               c_w.l(use_no_semi_2.o)
    0x08000352   0x000000ee   Code   RO         7242    .text               c_w.l(lludivv7m.o)
    0x08000440   0x00000018   Code   RO         7246    .text               c_w.l(noretval__2printf.o)
    0x08000458   0x00000068   Code   RO         7248    .text               c_w.l(__printf.o)
    0x080004c0   0x00000052   Code   RO         7250    .text               c_w.l(_printf_str.o)
    0x08000512   0x00000002   PAD
    0x08000514   0x00000078   Code   RO         7252    .text               c_w.l(_printf_dec.o)
    0x0800058c   0x00000058   Code   RO         7257    .text               c_w.l(_printf_hex_int.o)
    0x080005e4   0x00000064   Code   RO         7299    .text               c_w.l(rt_memcpy_w.o)
    0x08000648   0x0000004e   Code   RO         7301    .text               c_w.l(rt_memclr_w.o)
    0x08000696   0x00000002   PAD
    0x08000698   0x00000080   Code   RO         7303    .text               c_w.l(strcmpv7m.o)
    0x08000718   0x00000002   Code   RO         7365    .text               c_w.l(use_no_semi.o)
    0x0800071a   0x000000b2   Code   RO         7372    .text               c_w.l(_printf_intcommon.o)
    0x080007cc   0x0000002c   Code   RO         7374    .text               c_w.l(_printf_char.o)
    0x080007f8   0x00000024   Code   RO         7376    .text               c_w.l(_printf_char_file.o)
    0x0800081c   0x00000030   Code   RO         7412    .text               c_w.l(_printf_char_common.o)
    0x0800084c   0x00000008   Code   RO         7414    .text               c_w.l(ferror.o)
    0x08000854   0x00000012   Code   RO         7422    .text               c_w.l(exit.o)
    0x08000866   0x00000002   PAD
    0x08000868   0x00000028   Code   RO         6076    i.AD9959_IO_Update  AD9959.o
    0x08000890   0x00000002   Code   RO         6077    i.AD9959_error      AD9959.o
    0x08000892   0x0000007e   Code   RO         3755    i.ADC_DMAConvCplt   stm32f4xx_hal_adc.o
    0x08000910   0x0000001a   Code   RO         3756    i.ADC_DMAError      stm32f4xx_hal_adc.o
    0x0800092a   0x0000000e   Code   RO         3757    i.ADC_DMAHalfConvCplt  stm32f4xx_hal_adc.o
    0x08000938   0x00000160   Code   RO         3758    i.ADC_Init          stm32f4xx_hal_adc.o
    0x08000a98   0x00000008   Code   RO         6533    i.AT24CXX_Init      24cxx.o
    0x08000aa0   0x0000002c   Code   RO         6535    i.AT24CXX_ReadLenByte  24cxx.o
    0x08000acc   0x00000058   Code   RO         6536    i.AT24CXX_ReadOneByte  24cxx.o
    0x08000b24   0x0000002a   Code   RO         6538    i.AT24CXX_WriteLenByte  24cxx.o
    0x08000b4e   0x00000050   Code   RO         6539    i.AT24CXX_WriteOneByte  24cxx.o
    0x08000b9e   0x00000010   Code   RO         6078    i.Amp2Word          AD9959.o
    0x08000bae   0x00000002   Code   RO         6010    i.App_TCBInitHook   app_hooks.o
    0x08000bb0   0x00000002   Code   RO         6011    i.App_TaskCreateHook  app_hooks.o
    0x08000bb2   0x00000002   Code   RO         6012    i.App_TaskDelHook   app_hooks.o
    0x08000bb4   0x00000002   Code   RO         6013    i.App_TaskIdleHook  app_hooks.o
    0x08000bb6   0x00000002   Code   RO         6014    i.App_TaskReturnHook  app_hooks.o
    0x08000bb8   0x00000002   Code   RO         6015    i.App_TaskStatHook  app_hooks.o
    0x08000bba   0x00000002   Code   RO         6016    i.App_TaskSwHook    app_hooks.o
    0x08000bbc   0x00000002   Code   RO         6017    i.App_TimeTickHook  app_hooks.o
    0x08000bbe   0x00000004   Code   RO          387    i.BusFault_Handler  stm32f4xx_it.o
    0x08000bc2   0x0000000a   Code   RO         6670    i.CT_Delay          ctiic.o
    0x08000bcc   0x00000040   Code   RO         6671    i.CT_IIC_Ack        ctiic.o
    0x08000c0c   0x0000008c   Code   RO         6672    i.CT_IIC_Init       ctiic.o
    0x08000c98   0x00000030   Code   RO         6673    i.CT_IIC_NAck       ctiic.o
    0x08000cc8   0x00000050   Code   RO         6674    i.CT_IIC_Read_Byte  ctiic.o
    0x08000d18   0x00000044   Code   RO         6675    i.CT_IIC_Send_Byte  ctiic.o
    0x08000d5c   0x00000034   Code   RO         6676    i.CT_IIC_Start      ctiic.o
    0x08000d90   0x0000002c   Code   RO         6677    i.CT_IIC_Stop       ctiic.o
    0x08000dbc   0x00000058   Code   RO         6678    i.CT_IIC_Wait_Ack   ctiic.o
    0x08000e14   0x0000002c   Code   RO         7163    i.ChangeSwitchState  switch.o
    0x08000e40   0x00000028   Code   RO         6079    i.Channel_Select    AD9959.o
    0x08000e68   0x0000002c   Code   RO          388    i.DMA2_Stream0_IRQHandler  stm32f4xx_it.o
    0x08000e94   0x00000034   Code   RO         2081    i.DMA_CalcBaseAndBitshift  stm32f4xx_hal_dma.o
    0x08000ec8   0x000000aa   Code   RO         2082    i.DMA_CheckFifoParam  stm32f4xx_hal_dma.o
    0x08000f72   0x0000002c   Code   RO         2083    i.DMA_SetConfig     stm32f4xx_hal_dma.o
    0x08000f9e   0x00000002   Code   RO          389    i.DebugMon_Handler  stm32f4xx_it.o
    0x08000fa0   0x00000088   Code   RO            4    i.DrawTickBox       main.o
    0x08001028   0x00000018   Code   RO         7069    i.Error_Handler     timer.o
    0x08001040   0x00000048   Code   RO         3637    i.FSMC_NORSRAM_Extended_Timing_Init  stm32f4xx_ll_fsmc.o
    0x08001088   0x0000005c   Code   RO         3638    i.FSMC_NORSRAM_Init  stm32f4xx_ll_fsmc.o
    0x080010e4   0x00000044   Code   RO         3639    i.FSMC_NORSRAM_Timing_Init  stm32f4xx_ll_fsmc.o
    0x08001128   0x0000017c   Code   RO         6745    i.FT5206_Init       ft5206.o
    0x080012a4   0x00000058   Code   RO         6746    i.FT5206_RD_Reg     ft5206.o
    0x080012fc   0x00000378   Code   RO         6747    i.FT5206_Scan       ft5206.o
    0x08001674   0x00000052   Code   RO         6748    i.FT5206_WR_Reg     ft5206.o
    0x080016c6   0x00000002   PAD
    0x080016c8   0x00000054   Code   RO         6080    i.Freq2Word         AD9959.o
    0x0800171c   0x00000160   Code   RO         6808    i.GT9147_Init       gt9147.o
    0x0800187c   0x00000062   Code   RO         6809    i.GT9147_RD_Reg     gt9147.o
    0x080018de   0x00000002   PAD
    0x080018e0   0x000001e8   Code   RO         6810    i.GT9147_Scan       gt9147.o
    0x08001ac8   0x0000005c   Code   RO         6811    i.GT9147_Send_Cfg   gt9147.o
    0x08001b24   0x0000005c   Code   RO         6812    i.GT9147_WR_Reg     gt9147.o
    0x08001b80   0x0000018c   Code   RO         3760    i.HAL_ADC_ConfigChannel  stm32f4xx_hal_adc.o
    0x08001d0c   0x00000002   Code   RO         3761    i.HAL_ADC_ConvCpltCallback  stm32f4xx_hal_adc.o
    0x08001d0e   0x00000002   Code   RO         3762    i.HAL_ADC_ConvHalfCpltCallback  stm32f4xx_hal_adc.o
    0x08001d10   0x00000002   Code   RO         3764    i.HAL_ADC_ErrorCallback  stm32f4xx_hal_adc.o
    0x08001d12   0x00000002   PAD
    0x08001d14   0x00000068   Code   RO         3769    i.HAL_ADC_Init      stm32f4xx_hal_adc.o
    0x08001d7c   0x0000006c   Code   RO         7022    i.HAL_ADC_MspInit   adc.o
    0x08001de8   0x00000184   Code   RO         3776    i.HAL_ADC_Start_DMA  stm32f4xx_hal_adc.o
    0x08001f6c   0x0000006c   Code   RO         3779    i.HAL_ADC_Stop_DMA  stm32f4xx_hal_adc.o
    0x08001fd8   0x000000aa   Code   RO         2084    i.HAL_DMA_Abort     stm32f4xx_hal_dma.o
    0x08002082   0x00000028   Code   RO         2085    i.HAL_DMA_Abort_IT  stm32f4xx_hal_dma.o
    0x080020aa   0x00000002   PAD
    0x080020ac   0x00000240   Code   RO         2089    i.HAL_DMA_IRQHandler  stm32f4xx_hal_dma.o
    0x080022ec   0x000000ec   Code   RO         2090    i.HAL_DMA_Init      stm32f4xx_hal_dma.o
    0x080023d8   0x0000009e   Code   RO         2094    i.HAL_DMA_Start_IT  stm32f4xx_hal_dma.o
    0x08002476   0x00000002   PAD
    0x08002478   0x00000200   Code   RO         1091    i.HAL_GPIO_Init     stm32f4xx_hal_gpio.o
    0x08002678   0x00000010   Code   RO         1093    i.HAL_GPIO_ReadPin  stm32f4xx_hal_gpio.o
    0x08002688   0x0000000c   Code   RO         1095    i.HAL_GPIO_WritePin  stm32f4xx_hal_gpio.o
    0x08002694   0x0000000c   Code   RO          777    i.HAL_GetREVID      stm32f4xx_hal.o
    0x080026a0   0x0000000c   Code   RO          778    i.HAL_GetTick       stm32f4xx_hal.o
    0x080026ac   0x00000018   Code   RO          784    i.HAL_IncTick       stm32f4xx_hal.o
    0x080026c4   0x00000030   Code   RO          785    i.HAL_Init          stm32f4xx_hal.o
    0x080026f4   0x0000004c   Code   RO          786    i.HAL_InitTick      stm32f4xx_hal.o
    0x08002740   0x00000002   Code   RO          731    i.HAL_MspInit       stm32f4xx_hal_msp.o
    0x08002742   0x00000020   Code   RO          953    i.HAL_NVIC_EnableIRQ  stm32f4xx_hal_cortex.o
    0x08002762   0x0000007c   Code   RO          959    i.HAL_NVIC_SetPriority  stm32f4xx_hal_cortex.o
    0x080027de   0x00000002   PAD
    0x080027e0   0x00000028   Code   RO          960    i.HAL_NVIC_SetPriorityGrouping  stm32f4xx_hal_cortex.o
    0x08002808   0x00000180   Code   RO         1329    i.HAL_RCC_ClockConfig  stm32f4xx_hal_rcc.o
    0x08002988   0x0000000c   Code   RO         1334    i.HAL_RCC_GetHCLKFreq  stm32f4xx_hal_rcc.o
    0x08002994   0x00000020   Code   RO         1336    i.HAL_RCC_GetPCLK1Freq  stm32f4xx_hal_rcc.o
    0x080029b4   0x00000020   Code   RO         1337    i.HAL_RCC_GetPCLK2Freq  stm32f4xx_hal_rcc.o
    0x080029d4   0x000000b0   Code   RO         1338    i.HAL_RCC_GetSysClockFreq  stm32f4xx_hal_rcc.o
    0x08002a84   0x00000448   Code   RO         1341    i.HAL_RCC_OscConfig  stm32f4xx_hal_rcc.o
    0x08002ecc   0x00000058   Code   RO         3513    i.HAL_SRAM_Init     stm32f4xx_hal_sram.o
    0x08002f24   0x00000104   Code   RO         6263    i.HAL_SRAM_MspInit  lcd.o
    0x08003028   0x00000028   Code   RO          962    i.HAL_SYSTICK_CLKSourceConfig  stm32f4xx_hal_cortex.o
    0x08003050   0x00000034   Code   RO          964    i.HAL_SYSTICK_Config  stm32f4xx_hal_cortex.o
    0x08003084   0x00000002   Code   RO         2916    i.HAL_TIMEx_BreakCallback  stm32f4xx_hal_tim_ex.o
    0x08003086   0x00000002   Code   RO         2917    i.HAL_TIMEx_CommutCallback  stm32f4xx_hal_tim_ex.o
    0x08003088   0x00000054   Code   RO         2934    i.HAL_TIMEx_MasterConfigSynchronization  stm32f4xx_hal_tim_ex.o
    0x080030dc   0x00000034   Code   RO         2230    i.HAL_TIM_Base_Init  stm32f4xx_hal_tim.o
    0x08003110   0x000000fc   Code   RO         7070    i.HAL_TIM_Base_MspInit  timer.o
    0x0800320c   0x0000002a   Code   RO         2233    i.HAL_TIM_Base_Start  stm32f4xx_hal_tim.o
    0x08003236   0x0000002a   Code   RO         2235    i.HAL_TIM_Base_Start_IT  stm32f4xx_hal_tim.o
    0x08003260   0x00000038   Code   RO         2236    i.HAL_TIM_Base_Stop  stm32f4xx_hal_tim.o
    0x08003298   0x00000038   Code   RO         2238    i.HAL_TIM_Base_Stop_IT  stm32f4xx_hal_tim.o
    0x080032d0   0x00000108   Code   RO         2239    i.HAL_TIM_ConfigClockSource  stm32f4xx_hal_tim.o
    0x080033d8   0x00000002   Code   RO         2259    i.HAL_TIM_IC_CaptureCallback  stm32f4xx_hal_tim.o
    0x080033da   0x00000196   Code   RO         2273    i.HAL_TIM_IRQHandler  stm32f4xx_hal_tim.o
    0x08003570   0x00000002   Code   RO         2276    i.HAL_TIM_OC_DelayElapsedCallback  stm32f4xx_hal_tim.o
    0x08003572   0x00000108   Code   RO         2297    i.HAL_TIM_PWM_ConfigChannel  stm32f4xx_hal_tim.o
    0x0800367a   0x00000034   Code   RO         2300    i.HAL_TIM_PWM_Init  stm32f4xx_hal_tim.o
    0x080036ae   0x00000002   PAD
    0x080036b0   0x0000008c   Code   RO         7071    i.HAL_TIM_PWM_MspInit  timer.o
    0x0800373c   0x00000002   Code   RO         2303    i.HAL_TIM_PWM_PulseFinishedCallback  stm32f4xx_hal_tim.o
    0x0800373e   0x00000002   PAD
    0x08003740   0x00000058   Code   RO         2305    i.HAL_TIM_PWM_Start  stm32f4xx_hal_tim.o
    0x08003798   0x00000088   Code   RO         2308    i.HAL_TIM_PWM_Stop  stm32f4xx_hal_tim.o
    0x08003820   0x00000050   Code   RO         7072    i.HAL_TIM_PeriodElapsedCallback  timer.o
    0x08003870   0x00000002   Code   RO         2316    i.HAL_TIM_TriggerCallback  stm32f4xx_hal_tim.o
    0x08003872   0x00000002   Code   RO         1505    i.HAL_UART_ErrorCallback  stm32f4xx_hal_uart.o
    0x08003874   0x00000014   Code   RO         1507    i.HAL_UART_GetState  stm32f4xx_hal_uart.o
    0x08003888   0x0000014c   Code   RO         1508    i.HAL_UART_IRQHandler  stm32f4xx_hal_uart.o
    0x080039d4   0x00000072   Code   RO         1509    i.HAL_UART_Init     stm32f4xx_hal_uart.o
    0x08003a46   0x00000002   PAD
    0x08003a48   0x0000009c   Code   RO         4362    i.HAL_UART_MspInit  usart.o
    0x08003ae4   0x00000070   Code   RO         1514    i.HAL_UART_Receive_IT  stm32f4xx_hal_uart.o
    0x08003b54   0x00000088   Code   RO         4363    i.HAL_UART_RxCpltCallback  usart.o
    0x08003bdc   0x00000002   Code   RO         1520    i.HAL_UART_TxCpltCallback  stm32f4xx_hal_uart.o
    0x08003bde   0x00000004   Code   RO          390    i.HardFault_Handler  stm32f4xx_it.o
    0x08003be2   0x00000002   PAD
    0x08003be4   0x00000050   Code   RO         6604    i.IIC_Ack           myiic.o
    0x08003c34   0x0000005c   Code   RO         6605    i.IIC_Init          myiic.o
    0x08003c90   0x00000050   Code   RO         6606    i.IIC_NAck          myiic.o
    0x08003ce0   0x0000006c   Code   RO         6607    i.IIC_Read_Byte     myiic.o
    0x08003d4c   0x00000068   Code   RO         6608    i.IIC_Send_Byte     myiic.o
    0x08003db4   0x0000004c   Code   RO         6609    i.IIC_Start         myiic.o
    0x08003e00   0x0000004c   Code   RO         6610    i.IIC_Stop          myiic.o
    0x08003e4c   0x00000060   Code   RO         6611    i.IIC_Wait_Ack      myiic.o
    0x08003eac   0x000000c4   Code   RO         6083    i.InitIO_9959       AD9959.o
    0x08003f70   0x00000038   Code   RO         6084    i.InitReset         AD9959.o
    0x08003fa8   0x000000cc   Code   RO         6085    i.Init_AD9959       AD9959.o
    0x08004074   0x00000048   Code   RO         6498    i.KEY_Init          key.o
    0x080040bc   0x0000009c   Code   RO         6499    i.KEY_Scan          key.o
    0x08004158   0x00000034   Code   RO         6265    i.LCD_Clear         lcd.o
    0x0800418c   0x00000130   Code   RO         6269    i.LCD_Display_Dir   lcd.o
    0x080042bc   0x000000b0   Code   RO         6270    i.LCD_DrawLine      lcd.o
    0x0800436c   0x00000024   Code   RO         6271    i.LCD_DrawPoint     lcd.o
    0x08004390   0x00000098   Code   RO         6273    i.LCD_Draw_Circle   lcd.o
    0x08004428   0x000000f4   Code   RO         6274    i.LCD_Fast_DrawPoint  lcd.o
    0x0800451c   0x00000054   Code   RO         6275    i.LCD_Fill          lcd.o
    0x08004570   0x000026e4   Code   RO         6276    i.LCD_Init          lcd.o
    0x08006c54   0x00000016   Code   RO         6277    i.LCD_Pow           lcd.o
    0x08006c6a   0x00000002   PAD
    0x08006c6c   0x00000014   Code   RO         6278    i.LCD_RD_DATA       lcd.o
    0x08006c80   0x00000054   Code   RO         6281    i.LCD_SSD_BackLightSet  lcd.o
    0x08006cd4   0x00000234   Code   RO         6282    i.LCD_Scan_Dir      lcd.o
    0x08006f08   0x00000120   Code   RO         6283    i.LCD_SetCursor     lcd.o
    0x08007028   0x0000013c   Code   RO         6285    i.LCD_ShowChar      lcd.o
    0x08007164   0x000000a2   Code   RO         6286    i.LCD_ShowFloat     lcd.o
    0x08007206   0x00000094   Code   RO         6287    i.LCD_ShowNum       lcd.o
    0x0800729a   0x00000066   Code   RO         6288    i.LCD_ShowString    lcd.o
    0x08007300   0x000000be   Code   RO         6289    i.LCD_ShowxNum      lcd.o
    0x080073be   0x00000002   PAD
    0x080073c0   0x00000018   Code   RO         6290    i.LCD_WR_DATA       lcd.o
    0x080073d8   0x00000018   Code   RO         6291    i.LCD_WR_REG        lcd.o
    0x080073f0   0x00000014   Code   RO         6293    i.LCD_WriteRAM_Prepare  lcd.o
    0x08007404   0x00000014   Code   RO         6294    i.LCD_WriteReg      lcd.o
    0x08007418   0x00000078   Code   RO         7073    i.MX_TIM2_Init      timer.o
    0x08007490   0x00000124   Code   RO         7023    i.MY_ADC_Init       adc.o
    0x080075b4   0x00000004   Code   RO          391    i.MemManage_Handler  stm32f4xx_it.o
    0x080075b8   0x00000002   Code   RO          392    i.NMI_Handler       stm32f4xx_it.o
    0x080075ba   0x0000002c   Code   RO         5216    i.OSInit            os_core.o
    0x080075e6   0x00000002   PAD
    0x080075e8   0x00000030   Code   RO         5886    i.OSInitHookBegin   os_cpu_c.o
    0x08007618   0x00000002   Code   RO         5887    i.OSInitHookEnd     os_cpu_c.o
    0x0800761a   0x00000002   PAD
    0x0800761c   0x00000024   Code   RO         5217    i.OSIntEnter        os_core.o
    0x08007640   0x00000090   Code   RO         5218    i.OSIntExit         os_core.o
    0x080076d0   0x00000040   Code   RO         5219    i.OSSchedLock       os_core.o
    0x08007710   0x00000060   Code   RO         5220    i.OSSchedUnlock     os_core.o
    0x08007770   0x00000048   Code   RO         5221    i.OSStart           os_core.o
    0x080077b8   0x0000004c   Code   RO         5222    i.OSStatInit        os_core.o
    0x08007804   0x0000000c   Code   RO         5888    i.OSTCBInitHook     os_cpu_c.o
    0x08007810   0x000000b8   Code   RO         5741    i.OSTaskCreateExt   os_task.o
    0x080078c8   0x0000000c   Code   RO         5889    i.OSTaskCreateHook  os_cpu_c.o
    0x080078d4   0x00000160   Code   RO         5742    i.OSTaskDel         os_task.o
    0x08007a34   0x0000000c   Code   RO         5890    i.OSTaskDelHook     os_cpu_c.o
    0x08007a40   0x00000008   Code   RO         5891    i.OSTaskIdleHook    os_cpu_c.o
    0x08007a48   0x00000070   Code   RO         5745    i.OSTaskNameSet     os_task.o
    0x08007ab8   0x000000b0   Code   RO         5750    i.OSTaskResume      os_task.o
    0x08007b68   0x0000000c   Code   RO         5892    i.OSTaskReturnHook  os_cpu_c.o
    0x08007b74   0x00000008   Code   RO         5893    i.OSTaskStatHook    os_cpu_c.o
    0x08007b7c   0x00000088   Code   RO         5751    i.OSTaskStkChk      os_task.o
    0x08007c04   0x000000a4   Code   RO         5894    i.OSTaskStkInit     os_cpu_c.o
    0x08007ca8   0x000000a8   Code   RO         5752    i.OSTaskSuspend     os_task.o
    0x08007d50   0x00000008   Code   RO         5895    i.OSTaskSwHook      os_cpu_c.o
    0x08007d58   0x00000078   Code   RO         5841    i.OSTimeDly         os_time.o
    0x08007dd0   0x000000ec   Code   RO         5223    i.OSTimeTick        os_core.o
    0x08007ebc   0x00000008   Code   RO         5896    i.OSTimeTickHook    os_cpu_c.o
    0x08007ec4   0x00000002   Code   RO         5225    i.OS_Dummy          os_core.o
    0x08007ec6   0x0000002e   Code   RO         5227    i.OS_EventTaskRemove  os_core.o
    0x08007ef4   0x0000003a   Code   RO         5228    i.OS_EventTaskRemoveMulti  os_core.o
    0x08007f2e   0x00000002   PAD
    0x08007f30   0x00000058   Code   RO         5434    i.OS_FlagInit       os_flag.o
    0x08007f88   0x00000024   Code   RO         5436    i.OS_FlagUnlink     os_flag.o
    0x08007fac   0x00000060   Code   RO         5232    i.OS_InitEventList  os_core.o
    0x0800800c   0x0000005c   Code   RO         5233    i.OS_InitMisc       os_core.o
    0x08008068   0x00000044   Code   RO         5234    i.OS_InitRdyList    os_core.o
    0x080080ac   0x00000080   Code   RO         5235    i.OS_InitTCBList    os_core.o
    0x0800812c   0x00000050   Code   RO         5236    i.OS_InitTaskIdle   os_core.o
    0x0800817c   0x00000050   Code   RO         5237    i.OS_InitTaskStat   os_core.o
    0x080081cc   0x00000012   Code   RO         5238    i.OS_MemClr         os_core.o
    0x080081de   0x00000002   PAD
    0x080081e0   0x00000050   Code   RO         5623    i.OS_QInit          os_q.o
    0x08008230   0x00000074   Code   RO         5240    i.OS_Sched          os_core.o
    0x080082a4   0x0000002c   Code   RO         5241    i.OS_SchedNew       os_core.o
    0x080082d0   0x00000140   Code   RO         5243    i.OS_TCBInit        os_core.o
    0x08008410   0x00000028   Code   RO         5244    i.OS_TaskIdle       os_core.o
    0x08008438   0x00000018   Code   RO         5753    i.OS_TaskReturn     os_task.o
    0x08008450   0x000000a0   Code   RO         5245    i.OS_TaskStat       os_core.o
    0x080084f0   0x0000003c   Code   RO         5246    i.OS_TaskStatStkChk  os_core.o
    0x0800852c   0x0000001a   Code   RO         5754    i.OS_TaskStkClr     os_task.o
    0x08008546   0x00000002   PAD
    0x08008548   0x000000dc   Code   RO         6860    i.OTT2001A_Init     ott2001a.o
    0x08008624   0x00000062   Code   RO         6861    i.OTT2001A_RD_Reg   ott2001a.o
    0x08008686   0x00000002   PAD
    0x08008688   0x000001e0   Code   RO         6862    i.OTT2001A_Scan     ott2001a.o
    0x08008868   0x0000001c   Code   RO         6863    i.OTT2001A_SensorControl  ott2001a.o
    0x08008884   0x0000005c   Code   RO         6864    i.OTT2001A_WR_Reg   ott2001a.o
    0x080088e0   0x00000038   Code   RO         6086    i.Phase2Word        AD9959.o
    0x08008918   0x00000002   Code   RO          393    i.SVC_Handler       stm32f4xx_it.o
    0x0800891a   0x00000002   PAD
    0x0800891c   0x000000cc   Code   RO         4332    i.Stm32_Clock_Init  sys.o
    0x080089e8   0x000000e8   Code   RO         7165    i.SwitchInit        switch.o
    0x08008ad0   0x00000020   Code   RO         4255    i.SysTick_Handler   delay.o
    0x08008af0   0x00000054   Code   RO          606    i.SystemInit        system_stm32f4xx.o
    0x08008b44   0x00000054   Code   RO         7074    i.TIM14_Init        timer.o
    0x08008b98   0x00000010   Code   RO         7075    i.TIM3_IRQHandler   timer.o
    0x08008ba8   0x0000003c   Code   RO         7076    i.TIM3_Init         timer.o
    0x08008be4   0x00000024   Code   RO         7077    i.TIM4_IRQHandler   timer.o
    0x08008c08   0x00000030   Code   RO         7078    i.TIM4_Init         timer.o
    0x08008c38   0x000000d8   Code   RO         2318    i.TIM_Base_SetConfig  stm32f4xx_hal_tim.o
    0x08008d10   0x00000022   Code   RO         2319    i.TIM_CCxChannelCmd  stm32f4xx_hal_tim.o
    0x08008d32   0x00000016   Code   RO         2329    i.TIM_ETR_SetConfig  stm32f4xx_hal_tim.o
    0x08008d48   0x00000012   Code   RO         2330    i.TIM_ITRx_SetConfig  stm32f4xx_hal_tim.o
    0x08008d5a   0x00000002   PAD
    0x08008d5c   0x00000070   Code   RO         2331    i.TIM_OC1_SetConfig  stm32f4xx_hal_tim.o
    0x08008dcc   0x0000007c   Code   RO         2332    i.TIM_OC2_SetConfig  stm32f4xx_hal_tim.o
    0x08008e48   0x00000078   Code   RO         2333    i.TIM_OC3_SetConfig  stm32f4xx_hal_tim.o
    0x08008ec0   0x00000054   Code   RO         2334    i.TIM_OC4_SetConfig  stm32f4xx_hal_tim.o
    0x08008f14   0x00000026   Code   RO         2336    i.TIM_TI1_ConfigInputStage  stm32f4xx_hal_tim.o
    0x08008f3a   0x00000028   Code   RO         2338    i.TIM_TI2_ConfigInputStage  stm32f4xx_hal_tim.o
    0x08008f62   0x00000002   PAD
    0x08008f64   0x000001a8   Code   RO         6912    i.TP_Adj_Info_Show  touch.o
    0x0800910c   0x0000085c   Code   RO         6913    i.TP_Adjust         touch.o
    0x08009968   0x00000070   Code   RO         6915    i.TP_Drow_Touch_Point  touch.o
    0x080099d8   0x000000a8   Code   RO         6916    i.TP_Get_Adjdata    touch.o
    0x08009a80   0x00000188   Code   RO         6917    i.TP_Init           touch.o
    0x08009c08   0x00000094   Code   RO         6918    i.TP_Read_AD        touch.o
    0x08009c9c   0x00000078   Code   RO         6919    i.TP_Read_XOY       touch.o
    0x08009d14   0x00000030   Code   RO         6920    i.TP_Read_XY        touch.o
    0x08009d44   0x000000c0   Code   RO         6921    i.TP_Read_XY2       touch.o
    0x08009e04   0x00000078   Code   RO         6922    i.TP_Save_Adjdata   touch.o
    0x08009e7c   0x00000110   Code   RO         6923    i.TP_Scan           touch.o
    0x08009f8c   0x0000004c   Code   RO         6924    i.TP_Write_Byte     touch.o
    0x08009fd8   0x00000014   Code   RO         1522    i.UART_DMAAbortOnError  stm32f4xx_hal_uart.o
    0x08009fec   0x00000020   Code   RO         1532    i.UART_EndRxTransfer  stm32f4xx_hal_uart.o
    0x0800a00c   0x00000020   Code   RO         1533    i.UART_EndTransmit_IT  stm32f4xx_hal_uart.o
    0x0800a02c   0x000000a6   Code   RO         1535    i.UART_Receive_IT   stm32f4xx_hal_uart.o
    0x0800a0d2   0x00000002   PAD
    0x0800a0d4   0x00000368   Code   RO         1536    i.UART_SetConfig    stm32f4xx_hal_uart.o
    0x0800a43c   0x00000068   Code   RO         1537    i.UART_Transmit_IT  stm32f4xx_hal_uart.o
    0x0800a4a4   0x00000048   Code   RO         4364    i.USART1_IRQHandler  usart.o
    0x0800a4ec   0x00000004   Code   RO          394    i.UsageFault_Handler  stm32f4xx_it.o
    0x0800a4f0   0x0000011c   Code   RO         6092    i.WriteData_AD9959  AD9959.o
    0x0800a60c   0x00000034   Code   RO         6093    i.Write_Amplitude   AD9959.o
    0x0800a640   0x00000040   Code   RO         6094    i.Write_Frequence   AD9959.o
    0x0800a680   0x00000034   Code   RO         6095    i.Write_Phase       AD9959.o
    0x0800a6b4   0x00000154   Code   RO         6096    i._Init_AD9959_GPIO  AD9959.o
    0x0800a808   0x00000010   Code   RO          966    i.__NVIC_GetPriorityGrouping  stm32f4xx_hal_cortex.o
    0x0800a818   0x00000028   Code   RO          967    i.__NVIC_SetPriority  stm32f4xx_hal_cortex.o
    0x0800a840   0x00000004   Code   RO         4365    i._sys_exit         usart.o
    0x0800a844   0x0000003c   Code   RO            5    i.adjust_adc        main.o
    0x0800a880   0x00000050   Code   RO            6    i.adjust_filter     main.o
    0x0800a8d0   0x000008de   Code   RO            7    i.am_task           main.o
    0x0800b1ae   0x00000002   PAD
    0x0800b1b0   0x000000e4   Code   RO         7202    i.cos               rfft.o
    0x0800b294   0x00000084   Code   RO            8    i.dds_sweep_task    main.o
    0x0800b318   0x00000050   Code   RO            9    i.dds_task          main.o
    0x0800b368   0x00000012   Code   RO         6097    i.delay_9959        AD9959.o
    0x0800b37a   0x00000002   PAD
    0x0800b37c   0x00000044   Code   RO         4256    i.delay_init        delay.o
    0x0800b3c0   0x00000050   Code   RO         4257    i.delay_ms          delay.o
    0x0800b410   0x00000008   Code   RO         4258    i.delay_osschedlock  delay.o
    0x0800b418   0x00000008   Code   RO         4259    i.delay_osschedunlock  delay.o
    0x0800b420   0x0000000c   Code   RO         4260    i.delay_ostimedly   delay.o
    0x0800b42c   0x00000058   Code   RO         4261    i.delay_us          delay.o
    0x0800b484   0x000006d4   Code   RO           10    i.dev_task          main.o
    0x0800bb58   0x00000a40   Code   RO           11    i.fm_task           main.o
    0x0800c598   0x0000001c   Code   RO         4366    i.fputc             usart.o
    0x0800c5b4   0x00000504   Code   RO           12    i.input_task        main.o
    0x0800cab8   0x000001e0   Code   RO           13    i.judge_task        main.o
    0x0800cc98   0x000000f8   Code   RO           14    i.key_task          main.o
    0x0800cd90   0x000000b4   Code   RO           15    i.main              main.o
    0x0800ce44   0x000002c8   Code   RO         7203    i.rfft              rfft.o
    0x0800d10c   0x00000028   Code   RO         7204    i.sin               rfft.o
    0x0800d134   0x0000003e   Code   RO         7205    i.sqr_pls           rfft.o
    0x0800d172   0x00000002   PAD
    0x0800d174   0x000000f0   Code   RO         7206    i.sqrt              rfft.o
    0x0800d264   0x00000140   Code   RO           16    i.start_task        main.o
    0x0800d3a4   0x00000038   Code   RO         4367    i.uart_init         usart.o
    0x0800d3dc   0x00000150   Code   RO         7307    x$fpl$dadd          fz_ws.l(daddsub_clz.o)
    0x0800d52c   0x00000018   Code   RO         7379    x$fpl$dcmpinf       fz_ws.l(dcmpi.o)
    0x0800d544   0x000002b0   Code   RO         7314    x$fpl$ddiv          fz_ws.l(ddiv.o)
    0x0800d7f4   0x0000005e   Code   RO         7317    x$fpl$dfix          fz_ws.l(dfix.o)
    0x0800d852   0x00000002   PAD
    0x0800d854   0x0000005a   Code   RO         7321    x$fpl$dfixu         fz_ws.l(dfixu.o)
    0x0800d8ae   0x0000002e   Code   RO         7326    x$fpl$dflt          fz_ws.l(dflt_clz.o)
    0x0800d8dc   0x00000026   Code   RO         7325    x$fpl$dfltu         fz_ws.l(dflt_clz.o)
    0x0800d902   0x00000002   PAD
    0x0800d904   0x00000078   Code   RO         7331    x$fpl$dleqf         fz_ws.l(dleqf.o)
    0x0800d97c   0x00000154   Code   RO         7333    x$fpl$dmul          fz_ws.l(dmul.o)
    0x0800dad0   0x0000009c   Code   RO         7381    x$fpl$dnaninf       fz_ws.l(dnaninf.o)
    0x0800db6c   0x0000000c   Code   RO         7383    x$fpl$dretinf       fz_ws.l(dretinf.o)
    0x0800db78   0x0000006c   Code   RO         7335    x$fpl$drleqf        fz_ws.l(drleqf.o)
    0x0800dbe4   0x00000016   Code   RO         7308    x$fpl$drsb          fz_ws.l(daddsub_clz.o)
    0x0800dbfa   0x00000002   PAD
    0x0800dbfc   0x000001d4   Code   RO         7309    x$fpl$dsub          fz_ws.l(daddsub_clz.o)
    0x0800ddd0   0x00000056   Code   RO         7337    x$fpl$f2d           fz_ws.l(f2d.o)
    0x0800de26   0x00000002   PAD
    0x0800de28   0x000000c4   Code   RO         7339    x$fpl$fadd          fz_ws.l(faddsub_clz.o)
    0x0800deec   0x00000184   Code   RO         7346    x$fpl$fdiv          fz_ws.l(fdiv.o)
    0x0800e070   0x00000036   Code   RO         7349    x$fpl$ffix          fz_ws.l(ffix.o)
    0x0800e0a6   0x00000002   PAD
    0x0800e0a8   0x0000003e   Code   RO         7353    x$fpl$ffixu         fz_ws.l(ffixu.o)
    0x0800e0e6   0x00000002   PAD
    0x0800e0e8   0x00000030   Code   RO         7358    x$fpl$fflt          fz_ws.l(fflt_clz.o)
    0x0800e118   0x00000026   Code   RO         7357    x$fpl$ffltu         fz_ws.l(fflt_clz.o)
    0x0800e13e   0x00000002   PAD
    0x0800e140   0x00000102   Code   RO         7363    x$fpl$fmul          fz_ws.l(fmul.o)
    0x0800e242   0x0000008c   Code   RO         7385    x$fpl$fnaninf       fz_ws.l(fnaninf.o)
    0x0800e2ce   0x0000000a   Code   RO         7387    x$fpl$fretinf       fz_ws.l(fretinf.o)
    0x0800e2d8   0x000000ea   Code   RO         7341    x$fpl$fsub          fz_ws.l(faddsub_clz.o)
    0x0800e3c2   0x00000000   Code   RO         7389    x$fpl$usenofp       fz_ws.l(usenofp.o)
    0x0800e3c2   0x00000006   PAD
    0x0800e3c8   0x000000c0   Data   RO           18    .constdata          main.o
    0x0800e488   0x00000018   Data   RO          607    .constdata          system_stm32f4xx.o
    0x0800e4a0   0x00000008   Data   RO         2096    .constdata          stm32f4xx_hal_dma.o
    0x0800e4a8   0x00000100   Data   RO         5248    .constdata          os_core.o
    0x0800e5a8   0x00004740   Data   RO         6297    .constdata          lcd.o
    0x08012ce8   0x00000014   Data   RO         6749    .constdata          ft5206.o
    0x08012cfc   0x000000c2   Data   RO         6813    .constdata          gt9147.o
    0x08012dbe   0x0000000a   Data   RO         6865    .constdata          ott2001a.o
    0x08012dc8   0x00000004   Data   RO         6925    .constdata          touch.o
    0x08012dcc   0x00000030   Data   RO         7166    .constdata          switch.o
    0x08012dfc   0x00000028   Data   RO         7258    .constdata          c_w.l(_printf_hex_int.o)
    0x08012e24   0x00000079   Data   RO         6926    .conststring        touch.o
    0x08012e9d   0x00000003   PAD
    0x08012ea0   0x00000020   Data   RO         7565    Region$$Table       anon$$obj.o


    Execution Region RW_IRAM1 (Base: 0x20000000, Size: 0x00007438, Max: 0x00020000, ABSOLUTE, COMPRESSED[0x0000007c])

    Base Addr    Size         Type   Attr      Idx    E Section Name        Object

    0x20000000   0x00000065   Data   RW           19    .data               main.o
    0x20000065   0x00000003   PAD
    0x20000068   0x00000004   Data   RW          608    .data               system_stm32f4xx.o
    0x2000006c   0x00000009   Data   RW          792    .data               stm32f4xx_hal.o
    0x20000075   0x00000003   PAD
    0x20000078   0x00000006   Data   RW         4262    .data               delay.o
    0x2000007e   0x00000002   PAD
    0x20000080   0x00000007   Data   RW         4369    .data               usart.o
    0x20000087   0x00000001   PAD
    0x20000088   0x0000004c   Data   RW         5249    .data               os_core.o
    0x200000d4   0x00000004   Data   RW         5900    .data               os_cpu_c.o
    0x200000d8   0x0000009c   Data   RW         6099    .data               AD9959.o
    0x20000174   0x00000008   Data   RW         6298    .data               lcd.o
    0x2000017c   0x00000001   Data   RW         6500    .data               key.o
    0x2000017d   0x00000007   Data   RW         6750    .data               ft5206.o
    0x20000184   0x00000001   Data   RW         6814    .data               gt9147.o
    0x20000185   0x00000001   Data   RW         6866    .data               ott2001a.o
    0x20000186   0x00000002   PAD
    0x20000188   0x00000036   Data   RW         6927    .data               touch.o
    0x200001be   0x00000002   PAD
    0x200001c0   0x0000000c   Data   RW         7080    .data               timer.o
    0x200001cc   0x00000004   PAD
    0x200001d0   0x00005a08   Zero   RW           17    .bss                main.o
    0x20005bd8   0x00000108   Zero   RW         4368    .bss                usart.o
    0x20005ce0   0x00000f20   Zero   RW         5247    .bss                os_core.o
    0x20006c00   0x00000200   Zero   RW         5899    .bss                os_cpu_c.o
    0x20006e00   0x00000010   Zero   RW         6098    .bss                AD9959.o
    0x20006e10   0x0000005e   Zero   RW         6296    .bss                lcd.o
    0x20006e6e   0x00000002   PAD
    0x20006e70   0x000000a8   Zero   RW         7024    .bss                adc.o
    0x20006f18   0x0000011c   Zero   RW         7079    .bss                timer.o
    0x20007034   0x00000004   PAD
    0x20007038   0x00000400   Zero   RW          757    STACK               startup_stm32f407xx.o


==============================================================================

Image component sizes


      Code (inc. data)   RO Data    RW Data    ZI Data      Debug   Object Name

       262          0          0          0          0       3093   24cxx.o
      1504        190          0        156         16      12749   AD9959.o
       400         32          0          0        168       2221   adc.o
        16          0          0          0          0       3900   app_hooks.o
       594        100          0          0          0       5405   ctiic.o
       296         32          0          6          0      15602   delay.o
      1438         80         20          7          0       4261   ft5206.o
      1122         84        194          1          0       4774   gt9147.o
       228         18          0          1          0       1686   key.o
     13248        204      18240          8         94      24741   lcd.o
      9642        854        192        101      23048     584878   main.o
       712        112          0          0          0       4918   myiic.o
      2176        400        256         76       3872      22983   os_core.o
       176         36          0          0          0          0   os_cpu_a.o
       294         18          0          4        512      15943   os_cpu_c.o
       124         14          0          0          0       1274   os_flag.o
        80          8          0          0          0        599   os_q.o
      1178        122          0          0          0       7016   os_task.o
       120         20          0          0          0        664   os_time.o
       918         68         10          1          0       4435   ott2001a.o
      1282         52          0          0          0       3764   rfft.o
        36          8        392          0       1024        228   startup_stm32f407xx.o
       172         34          0          9          0       4488   stm32f4xx_hal.o
      1520         64          0          0          0       8084   stm32f4xx_hal_adc.o
       344         22          0          0          0      35157   stm32f4xx_hal_cortex.o
      1446         16          8          0          0       7038   stm32f4xx_hal_dma.o
       540         46          0          0          0       3035   stm32f4xx_hal_gpio.o
         2          0          0          0          0        450   stm32f4xx_hal_msp.o
      1732         84          0          0          0       5568   stm32f4xx_hal_rcc.o
        88          0          0          0          0       1284   stm32f4xx_hal_sram.o
      2274        100          0          0          0      17933   stm32f4xx_hal_tim.o
        88          0          0          0          0       2497   stm32f4xx_hal_tim_ex.o
      1808         12          0          0          0       8627   stm32f4xx_hal_uart.o
        66          8          0          0          0     717109   stm32f4xx_it.o
       232         10          0          0          0       2787   stm32f4xx_ll_fsmc.o
       276         14         48          0          0       2688   switch.o
       204         14          0          0          0       3815   sys.o
        84         16         24          4          0       1191   system_stm32f4xx.o
       860        102          0         12        284       7002   timer.o
      4212        284        125         54          0      10829   touch.o
       452         54          0          7        264       5609   usart.o

    ----------------------------------------------------------------------
     52296       3332      19544        460      29292    1570325   Object Totals
         0          0         32          0          0          0   (incl. Generated)
        50          0          3         13         10          0   (incl. Padding)

    ----------------------------------------------------------------------

      Code (inc. data)   RO Data    RW Data    ZI Data      Debug   Library Member Name

        90          0          0          0          0          0   __dczerorl2.o
         8          0          0          0          0         68   __main.o
       104          0          0          0          0         84   __printf.o
         0          0          0          0          0          0   __rtentry.o
        12          0          0          0          0          0   __rtentry2.o
         8          4          0          0          0          0   __rtentry5.o
        52          8          0          0          0          0   __scatter.o
        28          0          0          0          0          0   __scatter_zi.o
        44          0          0          0          0        108   _printf_char.o
        48          6          0          0          0         96   _printf_char_common.o
        36          4          0          0          0         80   _printf_char_file.o
         6          0          0          0          0          0   _printf_d.o
       120         16          0          0          0         92   _printf_dec.o
        88          4         40          0          0         88   _printf_hex_int.o
       178          0          0          0          0         88   _printf_intcommon.o
         0          0          0          0          0          0   _printf_percent.o
         4          0          0          0          0          0   _printf_percent_end.o
         6          0          0          0          0          0   _printf_s.o
        82          0          0          0          0         80   _printf_str.o
         6          0          0          0          0          0   _printf_x.o
        18          0          0          0          0         80   exit.o
         8          0          0          0          0         68   ferror.o
         2          0          0          0          0          0   libinit.o
         2          0          0          0          0          0   libinit2.o
         2          0          0          0          0          0   libshutdown.o
         2          0          0          0          0          0   libshutdown2.o
       238          0          0          0          0        100   lludivv7m.o
        24          4          0          0          0         84   noretval__2printf.o
        78          0          0          0          0         80   rt_memclr_w.o
       100          0          0          0          0         80   rt_memcpy_w.o
         2          0          0          0          0          0   rtexit.o
        10          0          0          0          0          0   rtexit2.o
       128          0          0          0          0         68   strcmpv7m.o
         2          0          0          0          0         68   use_no_semi.o
         2          0          0          0          0         68   use_no_semi_2.o
       826         16          0          0          0        348   daddsub_clz.o
        24          0          0          0          0         68   dcmpi.o
       688        140          0          0          0        208   ddiv.o
        94          4          0          0          0         92   dfix.o
        90          4          0          0          0         92   dfixu.o
        84          0          0          0          0        136   dflt_clz.o
       120          4          0          0          0         92   dleqf.o
       340         12          0          0          0        104   dmul.o
       156          4          0          0          0         92   dnaninf.o
        12          0          0          0          0         68   dretinf.o
       108          0          0          0          0         80   drleqf.o
        86          4          0          0          0         84   f2d.o
       430          8          0          0          0        168   faddsub_clz.o
       388         76          0          0          0         96   fdiv.o
        54          4          0          0          0         84   ffix.o
        62          4          0          0          0         84   ffixu.o
        86          0          0          0          0        136   fflt_clz.o
       258          4          0          0          0         84   fmul.o
       140          4          0          0          0         84   fnaninf.o
        10          0          0          0          0         68   fretinf.o
         0          0          0          0          0          0   usenofp.o

    ----------------------------------------------------------------------
      5624        334         40          0          0       3748   Library Totals
        30          0          0          0          0          0   (incl. Padding)

    ----------------------------------------------------------------------

      Code (inc. data)   RO Data    RW Data    ZI Data      Debug   Library Name

      1538         46         40          0          0       1480   c_w.l
      4056        288          0          0          0       2268   fz_ws.l

    ----------------------------------------------------------------------
      5624        334         40          0          0       3748   Library Totals

    ----------------------------------------------------------------------

==============================================================================


      Code (inc. data)   RO Data    RW Data    ZI Data      Debug   

     57920       3666      19584        460      29292    1557689   Grand Totals
     57920       3666      19584        124      29292    1557689   ELF Image Totals (compressed)
     57920       3666      19584        124          0          0   ROM Totals

==============================================================================

    Total RO  Size (Code + RO Data)                77504 (  75.69kB)
    Total RW  Size (RW Data + ZI Data)             29752 (  29.05kB)
    Total ROM Size (Code + RO Data + RW Data)      77628 (  75.81kB)

==============================================================================

